Component: ARM Compiler 5.06 update 7 (build 960) Tool: armlink [4d3601]

==============================================================================

Section Cross References

    startup_stm32h743xx.o(RESET) refers to startup_stm32h743xx.o(STACK) for __initial_sp
    startup_stm32h743xx.o(RESET) refers to startup_stm32h743xx.o(.text) for Reset_Handler
    startup_stm32h743xx.o(RESET) refers to stm32h7xx_it.o(i.NMI_Handler) for NMI_Handler
    startup_stm32h743xx.o(RESET) refers to stm32h7xx_it.o(i.HardFault_Handler) for HardFault_Handler
    startup_stm32h743xx.o(RESET) refers to stm32h7xx_it.o(i.MemManage_Handler) for MemManage_Handler
    startup_stm32h743xx.o(RESET) refers to stm32h7xx_it.o(i.BusFault_Handler) for BusFault_Handler
    startup_stm32h743xx.o(RESET) refers to stm32h7xx_it.o(i.UsageFault_Handler) for UsageFault_Handler
    startup_stm32h743xx.o(RESET) refers to port.o(.emb_text) for SVC_Handler
    startup_stm32h743xx.o(RESET) refers to stm32h7xx_it.o(i.DebugMon_Handler) for DebugMon_Handler
    startup_stm32h743xx.o(RESET) refers to cmsis_os2.o(i.SysTick_Handler) for SysTick_Handler
    startup_stm32h743xx.o(RESET) refers to stm32h7xx_it.o(i.DMA1_Stream0_IRQHandler) for DMA1_Stream0_IRQHandler
    startup_stm32h743xx.o(RESET) refers to stm32h7xx_it.o(i.DMA1_Stream1_IRQHandler) for DMA1_Stream1_IRQHandler
    startup_stm32h743xx.o(RESET) refers to stm32h7xx_it.o(i.DMA1_Stream2_IRQHandler) for DMA1_Stream2_IRQHandler
    startup_stm32h743xx.o(RESET) refers to stm32h7xx_it.o(i.FDCAN1_IT0_IRQHandler) for FDCAN1_IT0_IRQHandler
    startup_stm32h743xx.o(RESET) refers to stm32h7xx_it.o(i.SPI1_IRQHandler) for SPI1_IRQHandler
    startup_stm32h743xx.o(RESET) refers to stm32h7xx_it.o(i.UART4_IRQHandler) for UART4_IRQHandler
    startup_stm32h743xx.o(RESET) refers to stm32h7xx_it.o(i.UART5_IRQHandler) for UART5_IRQHandler
    startup_stm32h743xx.o(RESET) refers to stm32h7xx_it.o(i.TIM6_DAC_IRQHandler) for TIM6_DAC_IRQHandler
    startup_stm32h743xx.o(RESET) refers to stm32h7xx_it.o(i.TIM7_IRQHandler) for TIM7_IRQHandler
    startup_stm32h743xx.o(RESET) refers to stm32h7xx_it.o(i.DMA2_Stream0_IRQHandler) for DMA2_Stream0_IRQHandler
    startup_stm32h743xx.o(.text) refers to system_stm32h7xx.o(i.SystemInit) for SystemInit
    startup_stm32h743xx.o(.text) refers to entry.o(.ARM.Collect$$$$00000000) for __main
    deal_string.o(i.Json_data_Change) refers to malloc.o(i.malloc) for malloc
    deal_string.o(i.Json_data_Change) refers to cjson.o(i.cJSON_GetObjectItemCaseSensitive) for cJSON_GetObjectItemCaseSensitive
    deal_string.o(i.Json_data_Change) refers to printfa.o(i.__0printf) for __2printf
    deal_string.o(i.Json_data_Change) refers to malloc.o(i.free) for free
    deal_string.o(i.Json_data_Change) refers to strlen.o(.text) for strlen
    deal_string.o(i.Json_data_Change) refers to memseta.o(.text) for __aeabi_memclr
    deal_string.o(i.Json_data_Change) refers to strcpy.o(.text) for strcpy
    deal_string.o(i.ObjectToString) refers to cjson.o(i.cJSON_Print) for cJSON_Print
    deal_string.o(i.StringToObject) refers to cjson.o(i.cJSON_Parse) for cJSON_Parse
    deal_string.o(i.StringToObject) refers to cjson.o(i.cJSON_GetErrorPtr) for cJSON_GetErrorPtr
    deal_string.o(i.StringToObject) refers to printfa.o(i.__0printf) for __2printf
    deal_string.o(i.insert_str) refers to strcpy.o(.text) for strcpy
    deal_string.o(i.insert_str) refers to strlen.o(.text) for strlen
    deal_string.o(i.insert_str) refers to printfa.o(i.__0sprintf) for __2sprintf
    deal_string.o(i.insert_str) refers to printfa.o(i.__0printf) for __2printf
    deal_string.o(i.my_free) refers to heap_4.o(i.vPortFree) for vPortFree
    deal_string.o(i.my_malloc) refers to heap_4.o(i.pvPortMalloc) for pvPortMalloc
    deal_string.o(i.segment) refers to strtok.o(.text) for strtok
    deal_string.o(.data) refers to deal_string.o(i.my_malloc) for my_malloc
    deal_string.o(.data) refers to deal_string.o(i.my_free) for my_free
    uart_data.o(i.EC600U_send_msg) refers to deal_string.o(i.my_malloc) for my_malloc
    uart_data.o(i.EC600U_send_msg) refers to deal_string.o(i.insert_str) for insert_str
    uart_data.o(i.EC600U_send_msg) refers to strlen.o(.text) for strlen
    uart_data.o(i.EC600U_send_msg) refers to uart_data.o(i.uart4_send_data_apply) for uart4_send_data_apply
    uart_data.o(i.EC600U_send_msg) refers to deal_string.o(i.my_free) for my_free
    uart_data.o(i.EC600U_send_msg) refers to uart_data.o(.constdata) for .constdata
    uart_data.o(i.USART_Imei_data) refers to cjson.o(i.cJSON_GetObjectItemCaseSensitive) for cJSON_GetObjectItemCaseSensitive
    uart_data.o(i.USART_Imei_data) refers to cjson.o(i.cJSON_IsString) for cJSON_IsString
    uart_data.o(i.USART_Imei_data) refers to strcpy.o(.text) for strcpy
    uart_data.o(i.USART_Imei_data) refers to printfa.o(i.__0printf) for __2printf
    uart_data.o(i.USART_Imei_data) refers to uart_data.o(.bss) for .bss
[...]
    vTaskPriorityDisinheritAfterTimeout      0x08012561   Thumb Code   138  tasks.o(i.vTaskPriorityDisinheritAfterTimeout)
    vTaskRemoveFromUnorderedEventList        0x080125f5   Thumb Code   104  tasks.o(i.vTaskRemoveFromUnorderedEventList)
    vTaskStartScheduler                      0x08012665   Thumb Code   126  tasks.o(i.vTaskStartScheduler)
    vTaskSuspendAll                          0x080126f5   Thumb Code    10  tasks.o(i.vTaskSuspendAll)
    vTaskSwitchContext                       0x08012705   Thumb Code    94  tasks.o(i.vTaskSwitchContext)
    vertical_line_fun                        0x0801276d   Thumb Code    34  wgs84toangle.o(i.vertical_line_fun)
    waypoints_Parse                          0x08012791   Thumb Code   212  nav.o(i.waypoints_Parse)
    xEventGroupClearBits                     0x0801286d   Thumb Code    66  event_groups.o(i.xEventGroupClearBits)
    xEventGroupClearBitsFromISR              0x080128b1   Thumb Code    12  event_groups.o(i.xEventGroupClearBitsFromISR)
    xEventGroupCreate                        0x080128c1   Thumb Code    28  event_groups.o(i.xEventGroupCreate)
    xEventGroupCreateStatic                  0x080128dd   Thumb Code    46  event_groups.o(i.xEventGroupCreateStatic)
    xEventGroupGetBitsFromISR                0x0801290b   Thumb Code    26  event_groups.o(i.xEventGroupGetBitsFromISR)
    xEventGroupSetBits                       0x08012925   Thumb Code   160  event_groups.o(i.xEventGroupSetBits)
    xEventGroupSetBitsFromISR                0x080129c5   Thumb Code    12  event_groups.o(i.xEventGroupSetBitsFromISR)
    xEventGroupWaitBits                      0x080129d5   Thumb Code   258  event_groups.o(i.xEventGroupWaitBits)
    xPortStartScheduler                      0x08012add   Thumb Code   222  port.o(i.xPortStartScheduler)
    xPortSysTickHandler                      0x08012bd1   Thumb Code    38  port.o(i.xPortSysTickHandler)
    xQueueCreateCountingSemaphore            0x08012bfd   Thumb Code    60  queue.o(i.xQueueCreateCountingSemaphore)
    xQueueCreateCountingSemaphoreStatic      0x08012c39   Thumb Code    66  queue.o(i.xQueueCreateCountingSemaphoreStatic)
    xQueueGenericCreate                      0x08012c7b   Thumb Code    68  queue.o(i.xQueueGenericCreate)
    xQueueGenericCreateStatic                0x08012cbf   Thumb Code   108  queue.o(i.xQueueGenericCreateStatic)
    xQueueGenericReset                       0x08012d2d   Thumb Code   134  queue.o(i.xQueueGenericReset)
    xQueueGenericSend                        0x08012db9   Thumb Code   352  queue.o(i.xQueueGenericSend)
    xQueueGenericSendFromISR                 0x08012f1d   Thumb Code   192  queue.o(i.xQueueGenericSendFromISR)
    xQueueGiveFromISR                        0x08012fdd   Thumb Code   158  queue.o(i.xQueueGiveFromISR)
    xQueueReceive                            0x0801307d   Thumb Code   310  queue.o(i.xQueueReceive)
    xQueueReceiveFromISR                     0x080131b9   Thumb Code   156  queue.o(i.xQueueReceiveFromISR)
    xQueueSemaphoreTake                      0x08013255   Thumb Code   376  queue.o(i.xQueueSemaphoreTake)
    xTaskCheckForTimeOut                     0x080133d1   Thumb Code   118  tasks.o(i.xTaskCheckForTimeOut)
    xTaskCreate                              0x0801344d   Thumb Code   100  tasks.o(i.xTaskCreate)
    xTaskCreateStatic                        0x080134b1   Thumb Code    92  tasks.o(i.xTaskCreateStatic)
    xTaskGetSchedulerState                   0x0801350d   Thumb Code    24  tasks.o(i.xTaskGetSchedulerState)
    xTaskGetTickCount                        0x08013529   Thumb Code     6  tasks.o(i.xTaskGetTickCount)
    xTaskGetTickCountFromISR                 0x08013535   Thumb Code    12  tasks.o(i.xTaskGetTickCountFromISR)
    xTaskIncrementTick                       0x08013545   Thumb Code   196  tasks.o(i.xTaskIncrementTick)
    xTaskPriorityDisinherit                  0x08013611   Thumb Code   116  tasks.o(i.xTaskPriorityDisinherit)
    xTaskPriorityInherit                     0x0801368d   Thumb Code   116  tasks.o(i.xTaskPriorityInherit)
    xTaskRemoveFromEventList                 0x08013709   Thumb Code   106  tasks.o(i.xTaskRemoveFromEventList)
    xTaskResumeAll                           0x08013781   Thumb Code   184  tasks.o(i.xTaskResumeAll)
    xTimerCreateTimerTask                    0x08013849   Thumb Code    86  timers.o(i.xTimerCreateTimerTask)
    xTimerGenericCommand                     0x080138b1   Thumb Code   104  timers.o(i.xTimerGenericCommand)
    xTimerPendFunctionCallFromISR            0x0801391d   Thumb Code    34  timers.o(i.xTimerPendFunctionCallFromISR)
    defaultTask_attributes                   0x08013954   Data          36  freertos.o(.constdata)
    Power_Check_attributes                   0x08013978   Data          36  freertos.o(.constdata)
    GPS_REC_attributes                       0x0801399c   Data          36  freertos.o(.constdata)
    SBUS_Parse_attributes                    0x080139c0   Data          36  freertos.o(.constdata)
    EC600U_REC_attributes                    0x080139e4   Data          36  freertos.o(.constdata)
    HTTP_REQUEST_attributes                  0x08013a08   Data          36  freertos.o(.constdata)
    APP_Info_Submit_attributes               0x08013a2c   Data          36  freertos.o(.constdata)
    Device_Run_attributes                    0x08013a50   Data          36  freertos.o(.constdata)
    Device_unusual_attributes                0x08013a74   Data          36  freertos.o(.constdata)
    EC600U_SEND_attributes                   0x08013a98   Data          36  freertos.o(.constdata)
    VCU_send_attributes                      0x08013abc   Data          36  freertos.o(.constdata)
    uart5_recv_semp_queue_attributes         0x08013ae0   Data          24  freertos.o(.constdata)
    uart4_send_semp_queue_attributes         0x08013af8   Data          24  freertos.o(.constdata)
    uart4_recv_semp_queue_attributes         0x08013b10   Data          24  freertos.o(.constdata)
    HTTP_REQUEST_queue_attributes            0x08013b28   Data          24  freertos.o(.constdata)
    VCU_send_semp_queue_attributes           0x08013b40   Data          24  freertos.o(.constdata)
    SPI1_recv_semp_queue_attributes          0x08013b58   Data          24  freertos.o(.constdata)
    APP_Info_Submit_Semp_attributes          0x08013b70   Data          16  freertos.o(.constdata)
    GPS_rec_exec_semp_attributes             0x08013b80   Data          16  freertos.o(.constdata)
    SBUS_RUN_Semp_attributes                 0x08013b90   Data          16  freertos.o(.constdata)
    CAN_send_semp_attributes                 0x08013ba0   Data          16  freertos.o(.constdata)
    Device_Run_status_event_attributes       0x08013bb0   Data          16  freertos.o(.constdata)
    Device_unusual_status_event_attributes   0x08013bc0   Data          16  freertos.o(.constdata)
    UARTPrescTable                           0x08013c34   Data          24  stm32h7xx_hal_uart.o(.constdata)
    D1CorePrescTable                         0x08013c5c   Data          16  system_stm32h7xx.o(.constdata)
    wgs84_a                                  0x08013cf0   Data           8  wgs84toangle.o(.constdata)
    wgs84_f                                  0x08013cf8   Data           8  wgs84toangle.o(.constdata)
    EventRecorderInfo                        0x08014360   Data          24  eventrecorder.o(.constdata)
    __mathlib_zero                           0x08014478   Data           8  qnan.o(.constdata)
    __ctype_categories                       0x08014570   Data          64  ctype_c.o(.constdata)
    Region$$Table$$Base                      0x08014b2c   Number         0  anon$$obj.o(Region$$Table)
    Region$$Table$$Limit                     0x08014b4c   Number         0  anon$$obj.o(Region$$Table)
    my_cJSON_Hooks                           0x24000000   Data          12  deal_string.o(.data)
    controlFlag                              0x2400000c   Data           1  sbus.o(.data)
    control_powerFlag                        0x2400000d   Data           1  sbus.o(.data)
    power_count                              0x2400000e   Data           1  sbus.o(.data)
    txSpeedMsg                               0x2400000f   Data           8  motor.o(.data)
    Device_Poweron_status                    0x24000018   Data           1  freertos.o(.data)
    GPS_REC_block_time                       0x2400001c   Data           4  freertos.o(.data)
    EC600U_REC_block_time                    0x24000020   Data           4  freertos.o(.data)
    APP_Info_Submit_time                     0x24000024   Data           4  freertos.o(.data)
    Device_unusual_time                      0x24000028   Data           4  freertos.o(.data)
    EC600U_MQTT_SEND_STATUS                  0x2400002c   Data           4  freertos.o(.data)
    EC600U_HTTP_jobPause                     0x24000030   Data           4  freertos.o(.data)
    EC600U_HTTP_updateRoute                  0x24000034   Data           4  freertos.o(.data)
    defaultTaskHandle                        0x24000038   Data           4  freertos.o(.data)
    Power_CheckHandle                        0x2400003c   Data           4  freertos.o(.data)
    GPS_RECHandle                            0x24000040   Data           4  freertos.o(.data)
    SBUS_ParseHandle                         0x24000044   Data           4  freertos.o(.data)
    EC600U_RECHandle                         0x24000048   Data           4  freertos.o(.data)
    HTTP_REQUESTHandle                       0x2400004c   Data           4  freertos.o(.data)
    APP_Info_SubmitHandle                    0x24000050   Data           4  freertos.o(.data)
    Device_RunHandle                         0x24000054   Data           4  freertos.o(.data)
    Device_unusualHandle                     0x24000058   Data           4  freertos.o(.data)
    EC600U_SENDHandle                        0x2400005c   Data           4  freertos.o(.data)
    VCU_sendHandle                           0x24000060   Data           4  freertos.o(.data)
    uart5_recv_semp_queueHandle              0x24000064   Data           4  freertos.o(.data)
    uart4_send_semp_queueHandle              0x24000068   Data           4  freertos.o(.data)
    uart4_recv_semp_queueHandle              0x2400006c   Data           4  freertos.o(.data)
    HTTP_REQUEST_queueHandle                 0x24000070   Data           4  freertos.o(.data)
    VCU_send_semp_queueHandle                0x24000074   Data           4  freertos.o(.data)
    SPI1_recv_semp_queueHandle               0x24000078   Data           4  freertos.o(.data)
    APP_Info_Submit_SempHandle               0x2400007c   Data           4  freertos.o(.data)
    GPS_rec_exec_sempHandle                  0x24000080   Data           4  freertos.o(.data)
    SBUS_RUN_SempHandle                      0x24000084   Data           4  freertos.o(.data)
    CAN_send_sempHandle                      0x24000088   Data           4  freertos.o(.data)
    Device_Run_status_eventHandle            0x2400008c   Data           4  freertos.o(.data)
    Device_unusual_status_eventHandle        0x24000090   Data           4  freertos.o(.data)
    Device_Run_Status                        0x24000094   Data           6  freertos.o(.data)
    CAN1_fifo                                0x2400009a   Data          12  fdcan.o(.data)
    SPI1_fifo                                0x240000a8   Data          12  spi.o(.data)
    UART4_fifo                               0x240000b6   Data          12  usart.o(.data)
    UART5_fifo                               0x240000c2   Data          12  usart.o(.data)
    uwTickFreq                               0x240000d4   Data           1  stm32h7xx_hal.o(.data)
    uwTickPrio                               0x240000d8   Data           4  stm32h7xx_hal.o(.data)
    uwTick                                   0x240000dc   Data           4  stm32h7xx_hal.o(.data)
    SystemCoreClock                          0x240000e0   Data           4  system_stm32h7xx.o(.data)
    SystemD2Clock                            0x240000e4   Data           4  system_stm32h7xx.o(.data)
    pxCurrentTCB                             0x240000e8   Data           4  tasks.o(.data)
    request_num                              0x24000170   Data           1  http.o(.data)
    Authen_info                              0x24000174   Data           8  http.o(.data)
    Update_Route_param                       0x2400017c   Data          78  http.o(.data)
    Pause_param                              0x240001ca   Data          83  http.o(.data)
    Knife_Height                             0x24000220   Data           4  mqtt.o(.data)
    MQTT_Return_Task_ZoneId                  0x24000224   Data           4  mqtt.o(.data)
    Safe_Zone_Detect                         0x24000228   Data           4  mqtt.o(.data)
    Light_Status                             0x2400022c   Data           4  mqtt.o(.data)
    MQTT_Task_Msg                            0x24000230   Data           8  mqtt.o(.data)
    MQTT_APP_info                            0x24000238   Data         280  mqtt.o(.data)
    __stdout                                 0x240003c8   Data           4  stdout.o(.data)
    __microlib_freelist                      0x240003d0   Data           4  mvars.o(.data)
    __microlib_freelist_initialised          0x240003d4   Data           4  mvars.o(.data)
    Imei                                     0x240003dc   Data          30  uart_data.o(.bss)
    SBUS_CH                                  0x240003fa   Data          40  sbus.o(.bss)
    CAN1TxData                               0x24000424   Data         120  fdcan.o(.bss)
    CAN1Rxbuff                               0x2400049c   Data         512  fdcan.o(.bss)
    hfdcan1                                  0x2400069c   Data         160  fdcan.o(.bss)
    g_Can1RxHeader                           0x2400073c   Data          40  fdcan.o(.bss)
    SPI1RxData                               0x24000764   Data        3000  spi.o(.bss)
    hspi1                                    0x2400131c   Data         136  spi.o(.bss)
    hdma_spi1_rx                             0x240013a4   Data         120  spi.o(.bss)
    htim6                                    0x2400141c   Data          76  tim.o(.bss)
    UART4RxData                              0x24001468   Data       10500  usart.o(.bss)
    UART5RxData                              0x24003d6c   Data        1200  usart.o(.bss)
    huart4                                   0x2400421c   Data         148  usart.o(.bss)
    huart5                                   0x240042b0   Data         148  usart.o(.bss)
    hdma_uart4_rx                            0x24004344   Data         120  usart.o(.bss)
    hdma_uart4_tx                            0x240043bc   Data         120  usart.o(.bss)
    hdma_uart5_rx                            0x24004434   Data         120  usart.o(.bss)
    UART4TxData                              0x240044ac   Data       22500  usart.o(.bss)
    htim7                                    0x24009c90   Data          76  stm32h7xx_hal_timebase_tim.o(.bss)
    xQueueRegistry                           0x24009cdc   Data          64  queue.o(.bss)
    gnss                                     0x24010dcc   Data          85  gps.o(.bss)
    HTTP_Task_Msg                            0x24010e24   Data         520  http.o(.bss)
    Charge_info                              0x2401102c   Data         156  http.o(.bss)
    Change_Safe_Zone                         0x240110c8   Data         100  mqtt.o(.bss)
    g                                        0x24011130   Data         408  wgs84toangle.o(.bss)
    waypoints_run_status                     0x240112c8   Data          20  nav.o(.bss)
    wait_run_point                           0x24011318   Data        2000  nav.o(.bss)
    PID_angle_control                        0x24011ae8   Data          64  nav.o(.bss)
    __heap_base                              0x24011b28   Data           0  startup_stm32h743xx.o(HEAP)
    __heap_limit                             0x24011d28   Data           0  startup_stm32h743xx.o(HEAP)
    __initial_sp                             0x24012128   Data           0  startup_stm32h743xx.o(STACK)



==============================================================================

Memory Map of the image

  Image Entry point : 0x08000299

  Load Region LR_IROM1 (Base: 0x08000000, Size: 0x00014f28, Max: 0x00200000, ABSOLUTE, COMPRESSED[0x00014c04])

    Execution Region ER_IROM1 (Exec base: 0x08000000, Load base: 0x08000000, Size: 0x00014b4c, Max: 0x00200000, ABSOLUTE)

    Exec Addr    Load Addr    Size         Type   Attr      Idx    E Section Name        Object

    0x08000000   0x08000000   0x00000298   Data   RO            3    RESET               startup_stm32h743xx.o
    0x08000298   0x08000298   0x00000000   Code   RO         9691  * .ARM.Collect$$$$00000000  mc_w.l(entry.o)
    0x08000298   0x08000298   0x00000004   Code   RO        10062    .ARM.Collect$$$$00000001  mc_w.l(entry2.o)
    0x0800029c   0x0800029c   0x00000004   Code   RO        10065    .ARM.Collect$$$$00000004  mc_w.l(entry5.o)
    0x080002a0   0x080002a0   0x00000000   Code   RO        10067    .ARM.Collect$$$$00000008  mc_w.l(entry7b.o)
    0x080002a0   0x080002a0   0x00000000   Code   RO        10069    .ARM.Collect$$$$0000000A  mc_w.l(entry8b.o)
    0x080002a0   0x080002a0   0x00000008   Code   RO        10070    .ARM.Collect$$$$0000000B  mc_w.l(entry9a.o)
    0x080002a8   0x080002a8   0x00000004   Code   RO        10077    .ARM.Collect$$$$0000000E  mc_w.l(entry12b.o)
    0x080002ac   0x080002ac   0x00000000   Code   RO        10072    .ARM.Collect$$$$0000000F  mc_w.l(entry10a.o)
    0x080002ac   0x080002ac   0x00000000   Code   RO        10074    .ARM.Collect$$$$00000011  mc_w.l(entry11a.o)
    0x080002ac   0x080002ac   0x00000004   Code   RO        10063    .ARM.Collect$$$$00002712  mc_w.l(entry2.o)
    0x080002b0   0x080002b0   0x000000be   Code   RO         7828    .emb_text           port.o
    0x0800036e   0x0800036e   0x00000002   PAD
    0x08000370   0x08000370   0x00000084   Code   RO         9377    .emb_text           eventrecorder.o
    0x080003f4   0x080003f4   0x00000024   Code   RO            4    .text               startup_stm32h743xx.o
    0x08000418   0x08000418   0x00000062   Code   RO         9700    .text               mc_w.l(uldiv.o)
    0x0800047a   0x0800047a   0x0000000c   Code   RO         9702    .text               mc_w.l(tolower.o)
    0x08000486   0x08000486   0x00000028   Code   RO         9704    .text               mc_w.l(memcpy.o)
    0x080004ae   0x080004ae   0x00000024   Code   RO         9710    .text               mc_w.l(memseta.o)
    0x080004d2   0x080004d2   0x00000024   Code   RO         9712    .text               mc_w.l(strstr.o)
    0x080004f6   0x080004f6   0x0000000e   Code   RO         9714    .text               mc_w.l(strlen.o)
    0x08000504   0x08000504   0x0000001c   Code   RO         9716    .text               mc_w.l(strcmp.o)
    0x08000520   0x08000520   0x00000012   Code   RO         9718    .text               mc_w.l(strcpy.o)
    0x08000532   0x08000532   0x0000001e   Code   RO         9720    .text               mc_w.l(strncmp.o)
    0x08000550   0x08000550   0x00000044   Code   RO         9722    .text               mc_w.l(strtok.o)
    0x08000594   0x08000594   0x00000038   Code   RO        10021    .text               mc_w.l(sscanf.o)
    0x080005cc   0x080005cc   0x0000002c   Code   RO        10078    .text               mc_w.l(uidiv.o)
    0x080005f8   0x080005f8   0x0000001e   Code   RO        10080    .text               mc_w.l(llshl.o)
    0x08000616   0x08000616   0x00000020   Code   RO        10082    .text               mc_w.l(llushr.o)
    0x08000636   0x08000636   0x00000156   Code   RO        10093    .text               mc_w.l(_scanf_longlong.o)
    0x0800078c   0x0800078c   0x0000014c   Code   RO        10095    .text               mc_w.l(_scanf_int.o)
    0x080008d8   0x080008d8   0x000000e0   Code   RO        10097    .text               mc_w.l(_scanf_str.o)
    0x080009b8   0x080009b8   0x00000360   Code   RO        10099    .text               mc_w.l(scanf_fp.o)
    0x08000d18   0x08000d18   0x00000028   Code   RO        10103    .text               mc_w.l(scanf_char.o)
    0x08000d40   0x08000d40   0x00000040   Code   RO        10105    .text               mc_w.l(_sgetc.o)
    0x08000d80   0x08000d80   0x0000009c   Code   RO        10107    .text               mc_w.l(strtod.o)
    0x08000e1c   0x08000e1c   0x00000000   Code   RO        10109    .text               mc_w.l(iusefp.o)
    0x08000e1c   0x08000e1c   0x0000014e   Code   RO        10110    .text               mf_w.l(dadd.o)
    0x08000f6a   0x08000f6a   0x000000e4   Code   RO        10112    .text               mf_w.l(dmul.o)
    0x0800104e   0x0800104e   0x000000de   Code   RO        10114    .text               mf_w.l(ddiv.o)
    0x0800112c   0x0800112c   0x00000086   Code   RO        10116    .text               mf_w.l(drem.o)
    0x080011b2   0x080011b2   0x00000030   Code   RO        10118    .text               mf_w.l(dfixul.o)
    0x080011e2   0x080011e2   0x00000002   PAD
    0x080011e4   0x080011e4   0x00000030   Code   RO        10120    .text               mf_w.l(cdrcmple.o)
    0x08001214   0x08001214   0x00000060   Code   RO        10122    .text               mf_w.l(dcmp4.o)
    0x08001274   0x08001274   0x00000024   Code   RO        10124    .text               mc_w.l(init.o)
    0x08001298   0x08001298   0x00000024   Code   RO        10126    .text               mc_w.l(llsshr.o)
    0x080012bc   0x080012bc   0x0000000a   Code   RO        10128    .text               mc_w.l(isspace_c.o)
    0x080012c6   0x080012c6   0x0000001c   Code   RO        10130    .text               mc_w.l(_chval.o)
    0x080012e2   0x080012e2   0x00000002   PAD
    0x080012e4   0x080012e4   0x00000330   Code   RO        10132    .text               mc_w.l(_scanf.o)
    0x08001614   0x08001614   0x000000ba   Code   RO        10134    .text               mf_w.l(depilogue.o)
    0x080016ce   0x080016ce   0x00000018   Code   RO        10136    .text               mf_w.l(dfltul.o)
    0x080016e6   0x080016e6   0x00000038   Code   RO        10138    .text               mf_w.l(d2f.o)
    0x0800171e   0x0800171e   0x00000002   PAD
    0x08001720   0x08001720   0x00000028   Code   RO        10140    .text               mc_w.l(ctype_c.o)
    0x08001748   0x08001748   0x0000006e   Code   RO        10143    .text               mf_w.l(fepilogue.o)
    0x080017b6   0x080017b6   0x00000056   Code   RO        10153    .text               mc_w.l(__dczerorl2.o)
    0x0800180c   0x0800180c   0x00000044   Code   RO         8957    i.A1m1f             geodesic.o
    0x08001850   0x08001850   0x00000044   Code   RO         8958    i.A2m1f             geodesic.o
    0x08001894   0x08001894   0x00000054   Code   RO         8959    i.A3coeff           geodesic.o
    0x080018e8   0x080018e8   0x0000000a   Code   RO         8960    i.A3f               geodesic.o
    0x080018f2   0x080018f2   0x00000002   PAD
    0x080018f4   0x080018f4   0x00000120   Code   RO         8754    i.APP_Info_Submit   mqtt.o
    0x08001a14   0x08001a14   0x00000044   Code   RO          538    i.APP_Info_Submit_task  freertos.o
    0x08001a58   0x08001a58   0x000000bc   Code   RO         8961    i.AngDiff           geodesic.o
    0x08001b14   0x08001b14   0x00000060   Code   RO         8963    i.AngRound          geodesic.o
    0x08001b74   0x08001b74   0x00000150   Code   RO         8964    i.Astroid           geodesic.o
    0x08001cc4   0x08001cc4   0x00000002   Code   RO          915    i.BusFault_Handler  stm32h7xx_it.o
    0x08001cc6   0x08001cc6   0x00000002   PAD
    0x08001cc8   0x08001cc8   0x00000084   Code   RO         8965    i.C1f               geodesic.o
    0x08001d4c   0x08001d4c   0x00000084   Code   RO         8967    i.C2f               geodesic.o
    0x08001dd0   0x08001dd0   0x00000060   Code   RO         8968    i.C3coeff           geodesic.o
    0x08001e30   0x08001e30   0x0000004e   Code   RO         8969    i.C3f               geodesic.o
    0x08001e7e   0x08001e7e   0x00000002   PAD
    0x08001e80   0x08001e80   0x00000058   Code   RO         8970    i.C4coeff           geodesic.o
    0x08001ed8   0x08001ed8   0x0000004e   Code   RO         8971    i.C4f               geodesic.o
    0x08001f26   0x08001f26   0x00000002   PAD
    0x08001f28   0x08001f28   0x0000004c   Code   RO          673    i.CAN1_send_data_apply  fdcan.o
    0x08001f74   0x08001f74   0x0000000c   Code   RO          916    i.DMA1_Stream0_IRQHandler  stm32h7xx_it.o
    0x08001f80   0x08001f80   0x0000000c   Code   RO          917    i.DMA1_Stream1_IRQHandler  stm32h7xx_it.o
    0x08001f8c   0x08001f8c   0x0000000c   Code   RO          918    i.DMA1_Stream2_IRQHandler  stm32h7xx_it.o
    0x08001f98   0x08001f98   0x0000000c   Code   RO          919    i.DMA2_Stream0_IRQHandler  stm32h7xx_it.o
    0x08001fa4   0x08001fa4   0x000000c0   Code   RO         1944    i.DMA_CalcBaseAndBitshift  stm32h7xx_hal_dma.o
    0x08002064   0x08002064   0x000000a0   Code   RO         1945    i.DMA_CalcDMAMUXChannelBaseAndMask  stm32h7xx_hal_dma.o
    0x08002104   0x08002104   0x0000007c   Code   RO         1946    i.DMA_CalcDMAMUXRequestGenBaseAndMask  stm32h7xx_hal_dma.o
    0x08002180   0x08002180   0x00000078   Code   RO         1947    i.DMA_CheckFifoParam  stm32h7xx_hal_dma.o
    0x080021f8   0x080021f8   0x0000023c   Code   RO         1948    i.DMA_SetConfig     stm32h7xx_hal_dma.o
    0x08002434   0x08002434   0x00000002   Code   RO          920    i.DebugMon_Handler  stm32h7xx_it.o
    0x08002436   0x08002436   0x00000002   PAD
    0x08002438   0x08002438   0x00000110   Code   RO          539    i.Device_Run_task   freertos.o
    0x08002548   0x08002548   0x00000214   Code   RO          540    i.Device_unusual_task  freertos.o
    0x0800275c   0x0800275c   0x000001e8   Code   RO          359    i.Direct_Drive_motor  motor.o
    0x08002944   0x08002944   0x00000148   Code   RO          541    i.EC600U_REC_task   freertos.o
    0x08002a8c   0x08002a8c   0x00000060   Code   RO          542    i.EC600U_SEND_task  freertos.o
    0x08002aec   0x08002aec   0x00000074   Code   RO          130    i.EC600U_send_msg   uart_data.o
    0x08002b60   0x08002b60   0x00000004   Code   RO          416    i.Error_Handler     main.o
    0x08002b64   0x08002b64   0x00000028   Code   RO         9378    i.EventCheckFilter  eventrecorder.o
    0x08002b8c   0x08002b8c   0x00000048   Code   RO         9379    i.EventGetTS        eventrecorder.o
    0x08002bd4   0x08002bd4   0x0000010c   Code   RO         9382    i.EventRecordData   eventrecorder.o
    0x08002ce0   0x08002ce0   0x000000b4   Code   RO         9383    i.EventRecordItem   eventrecorder.o
    0x08002d94   0x08002d94   0x00000058   Code   RO         9386    i.EventRecorderEnable  eventrecorder.o
    0x08002dec   0x08002dec   0x00000100   Code   RO         9387    i.EventRecorderInitialize  eventrecorder.o
    0x08002eec   0x08002eec   0x00000030   Code   RO         9388    i.EventRecorderStart  eventrecorder.o
    0x08002f1c   0x08002f1c   0x0000000c   Code   RO         9390    i.EventRecorderTimerGetCount  eventrecorder.o
    0x08002f28   0x08002f28   0x0000000c   Code   RO         9391    i.EventRecorderTimerGetFreq  eventrecorder.o
    0x08002f34   0x08002f34   0x00000020   Code   RO         9392    i.EventRecorderTimerSetup  eventrecorder.o
    0x08002f54   0x08002f54   0x0000000c   Code   RO          921    i.FDCAN1_IT0_IRQHandler  stm32h7xx_it.o
    0x08002f60   0x08002f60   0x000001b0   Code   RO         3561    i.FDCAN_CalcultateRamBlockAddresses  stm32h7xx_hal_fdcan.o
    0x08003110   0x08003110   0x00000078   Code   RO         3562    i.FDCAN_CopyMessageToRAM  stm32h7xx_hal_fdcan.o
    0x08003188   0x08003188   0x000000bc   Code   RO          543    i.GPS_REC_task      freertos.o
    0x08003244   0x08003244   0x00000088   Code   RO         8835    i.GPStoXY           wgs84toangle.o
    0x080032cc   0x080032cc   0x0000037c   Code   RO         1949    i.HAL_DMA_Abort     stm32h7xx_hal_dma.o
    0x08003648   0x08003648   0x000002b0   Code   RO         1950    i.HAL_DMA_Abort_IT  stm32h7xx_hal_dma.o
    0x080038f8   0x080038f8   0x00000004   Code   RO         1952    i.HAL_DMA_GetError  stm32h7xx_hal_dma.o
    0x080038fc   0x080038fc   0x000007a8   Code   RO         1954    i.HAL_DMA_IRQHandler  stm32h7xx_hal_dma.o
    0x080040a4   0x080040a4   0x000003fc   Code   RO         1955    i.HAL_DMA_Init      stm32h7xx_hal_dma.o
    0x080044a0   0x080044a0   0x000002ec   Code   RO         1959    i.HAL_DMA_Start_IT  stm32h7xx_hal_dma.o
    0x0800478c   0x0800478c   0x00000084   Code   RO         3564    i.HAL_FDCAN_ActivateNotification  stm32h7xx_hal_fdcan.o
    0x08004810   0x08004810   0x0000006c   Code   RO         3566    i.HAL_FDCAN_AddMessageToTxFifoQ  stm32h7xx_hal_fdcan.o
    0x0800487c   0x0800487c   0x00000002   Code   RO         3567    i.HAL_FDCAN_ClockCalibrationCallback  stm32h7xx_hal_fdcan.o
    0x0800487e   0x0800487e   0x00000088   Code   RO         3571    i.HAL_FDCAN_ConfigFilter  stm32h7xx_hal_fdcan.o
    0x08004906   0x08004906   0x00000030   Code   RO         3572    i.HAL_FDCAN_ConfigGlobalFilter  stm32h7xx_hal_fdcan.o
    0x08004936   0x08004936   0x00000002   Code   RO         3593    i.HAL_FDCAN_ErrorCallback  stm32h7xx_hal_fdcan.o
    0x08004938   0x08004938   0x00000002   Code   RO         3594    i.HAL_FDCAN_ErrorStatusCallback  stm32h7xx_hal_fdcan.o
    0x0800493a   0x0800493a   0x00000002   PAD
    0x0800493c   0x0800493c   0x000001b0   Code   RO         3605    i.HAL_FDCAN_GetRxMessage  stm32h7xx_hal_fdcan.o
    0x08004aec   0x08004aec   0x00000002   Code   RO         3611    i.HAL_FDCAN_HighPriorityMessageCallback  stm32h7xx_hal_fdcan.o
    0x08004aee   0x08004aee   0x00000002   PAD
    0x08004af0   0x08004af0   0x000002ec   Code   RO         3612    i.HAL_FDCAN_IRQHandler  stm32h7xx_hal_fdcan.o
    0x08004ddc   0x08004ddc   0x00000268   Code   RO         3613    i.HAL_FDCAN_Init    stm32h7xx_hal_fdcan.o
    0x08005044   0x08005044   0x00000098   Code   RO          675    i.HAL_FDCAN_MspInit  fdcan.o
    0x080050dc   0x080050dc   0x00000002   Code   RO         3622    i.HAL_FDCAN_RxBufferNewMessageCallback  stm32h7xx_hal_fdcan.o
    0x080050de   0x080050de   0x00000002   PAD
    0x080050e0   0x080050e0   0x0000002c   Code   RO          676    i.HAL_FDCAN_RxFifo0Callback  fdcan.o
    0x0800510c   0x0800510c   0x00000002   Code   RO         3624    i.HAL_FDCAN_RxFifo1Callback  stm32h7xx_hal_fdcan.o
    0x0800510e   0x0800510e   0x00000030   Code   RO         3625    i.HAL_FDCAN_Start   stm32h7xx_hal_fdcan.o
    0x0800513e   0x0800513e   0x00000002   Code   RO         3647    i.HAL_FDCAN_TT_GlobalTimeCallback  stm32h7xx_hal_fdcan.o
    0x08005140   0x08005140   0x00000002   Code   RO         3648    i.HAL_FDCAN_TT_ScheduleSyncCallback  stm32h7xx_hal_fdcan.o
    0x08005142   0x08005142   0x00000002   Code   RO         3653    i.HAL_FDCAN_TT_StopWatchCallback  stm32h7xx_hal_fdcan.o
    0x08005144   0x08005144   0x00000002   Code   RO         3654    i.HAL_FDCAN_TT_TimeMarkCallback  stm32h7xx_hal_fdcan.o
    0x08005146   0x08005146   0x00000002   Code   RO         3655    i.HAL_FDCAN_TimeoutOccurredCallback  stm32h7xx_hal_fdcan.o
    0x08005148   0x08005148   0x00000002   Code   RO         3656    i.HAL_FDCAN_TimestampWraparoundCallback  stm32h7xx_hal_fdcan.o
    0x0800514a   0x0800514a   0x00000002   Code   RO         3657    i.HAL_FDCAN_TxBufferAbortCallback  stm32h7xx_hal_fdcan.o
    0x0800514c   0x0800514c   0x00000002   Code   RO         3658    i.HAL_FDCAN_TxBufferCompleteCallback  stm32h7xx_hal_fdcan.o
    0x0800514e   0x0800514e   0x00000002   Code   RO         3659    i.HAL_FDCAN_TxEventFifoCallback  stm32h7xx_hal_fdcan.o
    0x08005150   0x08005150   0x00000002   Code   RO         3660    i.HAL_FDCAN_TxFifoEmptyCallback  stm32h7xx_hal_fdcan.o
    0x08005152   0x08005152   0x00000002   PAD
    0x08005154   0x08005154   0x00000224   Code   RO         1797    i.HAL_GPIO_Init     stm32h7xx_hal_gpio.o
    0x08005378   0x08005378   0x0000000e   Code   RO         1799    i.HAL_GPIO_ReadPin  stm32h7xx_hal_gpio.o
    0x08005386   0x08005386   0x00000010   Code   RO         1800    i.HAL_GPIO_TogglePin  stm32h7xx_hal_gpio.o
    0x08005396   0x08005396   0x0000000e   Code   RO         1801    i.HAL_GPIO_WritePin  stm32h7xx_hal_gpio.o
    0x080053a4   0x080053a4   0x0000000c   Code   RO         2669    i.HAL_GetREVID      stm32h7xx_hal.o
    0x080053b0   0x080053b0   0x0000004c   Code   RO         1057    i.HAL_GetTick       stm32h7xx_hal_timebase_tim.o
    0x080053fc   0x080053fc   0x00000010   Code   RO         2676    i.HAL_IncTick       stm32h7xx_hal.o
    0x0800540c   0x0800540c   0x0000005c   Code   RO         2677    i.HAL_Init          stm32h7xx_hal.o
    0x08005468   0x08005468   0x00000004   Code   RO         1058    i.HAL_InitTick      stm32h7xx_hal_timebase_tim.o
    0x0800546c   0x0800546c   0x00000058   Code   RO         1092    i.HAL_MPU_ConfigRegion  stm32h7xx_hal_cortex.o
    0x080054c4   0x080054c4   0x0000001c   Code   RO         1093    i.HAL_MPU_Disable   stm32h7xx_hal_cortex.o
    0x080054e0   0x080054e0   0x00000024   Code   RO         1094    i.HAL_MPU_Enable    stm32h7xx_hal_cortex.o
    0x08005504   0x08005504   0x00000024   Code   RO         1033    i.HAL_MspInit       stm32h7xx_hal_msp.o
    0x08005528   0x08005528   0x0000001a   Code   RO         1097    i.HAL_NVIC_EnableIRQ  stm32h7xx_hal_cortex.o
    0x08005542   0x08005542   0x00000002   PAD
    0x08005544   0x08005544   0x00000040   Code   RO         1103    i.HAL_NVIC_SetPriority  stm32h7xx_hal_cortex.o
    0x08005584   0x08005584   0x00000024   Code   RO         1104    i.HAL_NVIC_SetPriorityGrouping  stm32h7xx_hal_cortex.o
    0x080055a8   0x080055a8   0x00000058   Code   RO         2398    i.HAL_PWREx_ConfigSupply  stm32h7xx_hal_pwr_ex.o
    0x08005600   0x08005600   0x00000024   Code   RO         1348    i.HAL_RCCEx_GetD3PCLK1Freq  stm32h7xx_hal_rcc_ex.o
    0x08005624   0x08005624   0x000001c0   Code   RO         1350    i.HAL_RCCEx_GetPLL2ClockFreq  stm32h7xx_hal_rcc_ex.o
    0x080057e4   0x080057e4   0x000001c0   Code   RO         1351    i.HAL_RCCEx_GetPLL3ClockFreq  stm32h7xx_hal_rcc_ex.o
    0x080059a4   0x080059a4   0x00000a04   Code   RO         1357    i.HAL_RCCEx_PeriphCLKConfig  stm32h7xx_hal_rcc_ex.o
    0x080063a8   0x080063a8   0x0000027c   Code   RO         1233    i.HAL_RCC_ClockConfig  stm32h7xx_hal_rcc.o
    0x08006624   0x08006624   0x00000044   Code   RO         1238    i.HAL_RCC_GetHCLKFreq  stm32h7xx_hal_rcc.o
    0x08006668   0x08006668   0x00000024   Code   RO         1240    i.HAL_RCC_GetPCLK1Freq  stm32h7xx_hal_rcc.o
    0x0800668c   0x0800668c   0x00000024   Code   RO         1241    i.HAL_RCC_GetPCLK2Freq  stm32h7xx_hal_rcc.o
    0x080066b0   0x080066b0   0x000001b4   Code   RO         1242    i.HAL_RCC_GetSysClockFreq  stm32h7xx_hal_rcc.o
    0x08006864   0x08006864   0x00000684   Code   RO         1245    i.HAL_RCC_OscConfig  stm32h7xx_hal_rcc.o
    0x08006ee8   0x08006ee8   0x00000002   Code   RO         4186    i.HAL_SPI_ErrorCallback  stm32h7xx_hal_spi.o
    0x08006eea   0x08006eea   0x00000002   PAD
    0x08006eec   0x08006eec   0x00000230   Code   RO         4189    i.HAL_SPI_IRQHandler  stm32h7xx_hal_spi.o
    0x0800711c   0x0800711c   0x00000174   Code   RO         4190    i.HAL_SPI_Init      stm32h7xx_hal_spi.o
    0x08007290   0x08007290   0x000000d0   Code   RO          737    i.HAL_SPI_MspInit   spi.o
    0x08007360   0x08007360   0x0000019c   Code   RO         4194    i.HAL_SPI_Receive_DMA  stm32h7xx_hal_spi.o
    0x080074fc   0x080074fc   0x00000060   Code   RO          738    i.HAL_SPI_RxCpltCallback  spi.o
    0x0800755c   0x0800755c   0x00000002   Code   RO         4197    i.HAL_SPI_RxHalfCpltCallback  stm32h7xx_hal_spi.o
    0x0800755e   0x0800755e   0x00000002   Code   RO         4198    i.HAL_SPI_SuspendCallback  stm32h7xx_hal_spi.o
    0x08007560   0x08007560   0x00000002   Code   RO         4205    i.HAL_SPI_TxCpltCallback  stm32h7xx_hal_spi.o
    0x08007562   0x08007562   0x00000002   Code   RO         4207    i.HAL_SPI_TxRxCpltCallback  stm32h7xx_hal_spi.o
    0x08007564   0x08007564   0x00000002   Code   RO         5240    i.HAL_TIMEx_Break2Callback  stm32h7xx_hal_tim_ex.o
    0x08007566   0x08007566   0x00000002   Code   RO         5241    i.HAL_TIMEx_BreakCallback  stm32h7xx_hal_tim_ex.o
    0x08007568   0x08007568   0x00000002   Code   RO         5242    i.HAL_TIMEx_CommutCallback  stm32h7xx_hal_tim_ex.o
    0x0800756a   0x0800756a   0x00000002   PAD
    0x0800756c   0x0800756c   0x000000a0   Code   RO         5262    i.HAL_TIMEx_MasterConfigSynchronization  stm32h7xx_hal_tim_ex.o
    0x0800760c   0x0800760c   0x0000004e   Code   RO         4515    i.HAL_TIM_Base_Init  stm32h7xx_hal_tim.o
    0x0800765a   0x0800765a   0x00000002   PAD
    0x0800765c   0x0800765c   0x0000003c   Code   RO          787    i.HAL_TIM_Base_MspInit  tim.o
    0x08007698   0x08007698   0x00000094   Code   RO         4520    i.HAL_TIM_Base_Start_IT  stm32h7xx_hal_tim.o
    0x0800772c   0x0800772c   0x00000030   Code   RO         4523    i.HAL_TIM_Base_Stop_IT  stm32h7xx_hal_tim.o
    0x0800775c   0x0800775c   0x00000002   Code   RO         4549    i.HAL_TIM_IC_CaptureCallback  stm32h7xx_hal_tim.o
    0x0800775e   0x0800775e   0x0000018c   Code   RO         4563    i.HAL_TIM_IRQHandler  stm32h7xx_hal_tim.o
    0x080078ea   0x080078ea   0x00000002   Code   RO         4566    i.HAL_TIM_OC_DelayElapsedCallback  stm32h7xx_hal_tim.o
    0x080078ec   0x080078ec   0x00000002   Code   RO         4593    i.HAL_TIM_PWM_PulseFinishedCallback  stm32h7xx_hal_tim.o
    0x080078ee   0x080078ee   0x00000002   PAD
    0x080078f0   0x080078f0   0x0000003c   Code   RO          417    i.HAL_TIM_PeriodElapsedCallback  main.o
    0x0800792c   0x0800792c   0x00000002   Code   RO         4606    i.HAL_TIM_TriggerCallback  stm32h7xx_hal_tim.o
    0x0800792e   0x0800792e   0x0000003e   Code   RO         5956    i.HAL_UARTEx_DisableFifoMode  stm32h7xx_hal_uart_ex.o
    0x0800796c   0x0800796c   0x00000052   Code   RO         5962    i.HAL_UARTEx_ReceiveToIdle_DMA  stm32h7xx_hal_uart_ex.o
    0x080079be   0x080079be   0x00000002   PAD
    0x080079c0   0x080079c0   0x0000007c   Code   RO          828    i.HAL_UARTEx_RxEventCallback  usart.o
    0x08007a3c   0x08007a3c   0x00000002   Code   RO         5964    i.HAL_UARTEx_RxFifoFullCallback  stm32h7xx_hal_uart_ex.o
    0x08007a3e   0x08007a3e   0x0000004c   Code   RO         5965    i.HAL_UARTEx_SetRxFifoThreshold  stm32h7xx_hal_uart_ex.o
    0x08007a8a   0x08007a8a   0x0000004c   Code   RO         5966    i.HAL_UARTEx_SetTxFifoThreshold  stm32h7xx_hal_uart_ex.o
    0x08007ad6   0x08007ad6   0x00000002   Code   RO         5968    i.HAL_UARTEx_TxFifoEmptyCallback  stm32h7xx_hal_uart_ex.o
    0x08007ad8   0x08007ad8   0x00000002   Code   RO         5969    i.HAL_UARTEx_WakeupCallback  stm32h7xx_hal_uart_ex.o
    0x08007ada   0x08007ada   0x00000002   Code   RO         5556    i.HAL_UART_ErrorCallback  stm32h7xx_hal_uart.o
    0x08007adc   0x08007adc   0x00000394   Code   RO         5559    i.HAL_UART_IRQHandler  stm32h7xx_hal_uart.o
    0x08007e70   0x08007e70   0x00000070   Code   RO         5560    i.HAL_UART_Init     stm32h7xx_hal_uart.o
    0x08007ee0   0x08007ee0   0x000001b0   Code   RO          830    i.HAL_UART_MspInit  usart.o
    0x08008090   0x08008090   0x00000030   Code   RO          831    i.HAL_UART_RxCpltCallback  usart.o
    0x080080c0   0x080080c0   0x00000002   Code   RO         5568    i.HAL_UART_RxHalfCpltCallback  stm32h7xx_hal_uart.o
    0x080080c2   0x080080c2   0x00000002   PAD
    0x080080c4   0x080080c4   0x00000090   Code   RO         5570    i.HAL_UART_Transmit_DMA  stm32h7xx_hal_uart.o
    0x08008154   0x08008154   0x00000002   Code   RO         5572    i.HAL_UART_TxCpltCallback  stm32h7xx_hal_uart.o
    0x08008156   0x08008156   0x00000002   Code   RO         5573    i.HAL_UART_TxHalfCpltCallback  stm32h7xx_hal_uart.o
    0x08008158   0x08008158   0x00000040   Code   RO         8616    i.HTTP_Authen_Request  http.o
    0x08008198   0x08008198   0x0000009c   Code   RO          544    i.HTTP_REQUEST_task  freertos.o
    0x08008234   0x08008234   0x000000f8   Code   RO         8618    i.HTTP_goToCharge_Request  http.o
    0x0800832c   0x0800832c   0x000000f8   Code   RO         8619    i.HTTP_jobContinue_Request  http.o
    0x08008424   0x08008424   0x00000118   Code   RO         8620    i.HTTP_jobFinish_Request  http.o
    0x0800853c   0x0800853c   0x00000174   Code   RO         8621    i.HTTP_jobPause_Request  http.o
    0x080086b0   0x080086b0   0x0000010c   Code   RO         8622    i.HTTP_jobStart_Request  http.o
    0x080087bc   0x080087bc   0x00000078   Code   RO         8623    i.HTTP_post         http.o
    0x08008834   0x08008834   0x00000168   Code   RO         8625    i.HTTP_updateRoute_Request  http.o
    0x0800899c   0x0800899c   0x00000002   Code   RO          922    i.HardFault_Handler  stm32h7xx_it.o
    0x0800899e   0x0800899e   0x00000002   PAD
    0x080089a0   0x080089a0   0x000000cc   Code   RO         8972    i.Init              geodesic.o
    0x08008a6c   0x08008a6c   0x0000050e   Code   RO         8973    i.InverseStart      geodesic.o
    0x08008f7a   0x08008f7a   0x00000002   PAD
    0x08008f7c   0x08008f7c   0x00000158   Code   RO           10    i.Json_data_Change  deal_string.o
    0x080090d4   0x080090d4   0x00000354   Code   RO         8974    i.Lambda12          geodesic.o
    0x08009428   0x08009428   0x00000028   Code   RO         8975    i.LatFix            geodesic.o
    0x08009450   0x08009450   0x0000023c   Code   RO         8976    i.Lengths           geodesic.o
    0x0800968c   0x0800968c   0x00000022   Code   RO         8836    i.Line_inter_point_math  wgs84toangle.o
    0x080096ae   0x080096ae   0x00000052   Code   RO          418    i.MPU_Config        main.o
    0x08009700   0x08009700   0x0000009c   Code   RO         8755    i.MQTT_open         mqtt.o
    0x0800979c   0x0800979c   0x0000006c   Code   RO          649    i.MX_DMA_Init       dma.o
    0x08009808   0x08009808   0x0000009c   Code   RO          677    i.MX_FDCAN1_Init    fdcan.o
    0x080098a4   0x080098a4   0x00000174   Code   RO          545    i.MX_FREERTOS_Init  freertos.o
    0x08009a18   0x08009a18   0x000000c0   Code   RO          514    i.MX_GPIO_Init      gpio.o
    0x08009ad8   0x08009ad8   0x00000058   Code   RO          739    i.MX_SPI1_Init      spi.o
    0x08009b30   0x08009b30   0x00000048   Code   RO          788    i.MX_TIM6_Init      tim.o
    0x08009b78   0x08009b78   0x00000068   Code   RO          832    i.MX_UART4_Init     usart.o
    0x08009be0   0x08009be0   0x00000078   Code   RO          833    i.MX_UART5_Init     usart.o
    0x08009c58   0x08009c58   0x00000002   Code   RO          923    i.MemManage_Handler  stm32h7xx_it.o
    0x08009c5a   0x08009c5a   0x00000002   PAD
    0x08009c5c   0x08009c5c   0x00000364   Code   RO         9312    i.NAV_Control       nav.o
    0x08009fc0   0x08009fc0   0x00000028   Code   RO         9313    i.NAV_Control_Param_clear  nav.o
    0x08009fe8   0x08009fe8   0x00000002   Code   RO          924    i.NMI_Handler       stm32h7xx_it.o
    0x08009fea   0x08009fea   0x0000000c   Code   RO           12    i.ObjectToString    deal_string.o
    0x08009ff6   0x08009ff6   0x00000002   PAD
    0x08009ff8   0x08009ff8   0x000000f4   Code   RO          546    i.Power_Check_task  freertos.o
    0x0800a0ec   0x0800a0ec   0x00000124   Code   RO         1360    i.RCCEx_PLL2_Config  stm32h7xx_hal_rcc_ex.o
    0x0800a210   0x0800a210   0x00000124   Code   RO         1361    i.RCCEx_PLL3_Config  stm32h7xx_hal_rcc_ex.o
    0x0800a334   0x0800a334   0x00000006   Code   RO         8807    i.RTK_L1_open       rtk_l1.o
    0x0800a33a   0x0800a33a   0x00000002   PAD
    0x0800a33c   0x0800a33c   0x00000084   Code   RO          547    i.SBUS_Parse_task   freertos.o
    0x0800a3c0   0x0800a3c0   0x00000244   Code   RO         8580    i.SPI1_GPS_data     gps.o
    0x0800a604   0x0800a604   0x0000000c   Code   RO          925    i.SPI1_IRQHandler   stm32h7xx_it.o
    0x0800a610   0x0800a610   0x000000ba   Code   RO         4210    i.SPI_CloseTransfer  stm32h7xx_hal_spi.o
    0x0800a6ca   0x0800a6ca   0x00000018   Code   RO         4211    i.SPI_DMAAbortOnError  stm32h7xx_hal_spi.o
    0x0800a6e2   0x0800a6e2   0x0000002c   Code   RO         4212    i.SPI_DMAError      stm32h7xx_hal_spi.o
    0x0800a70e   0x0800a70e   0x0000000a   Code   RO         4213    i.SPI_DMAHalfReceiveCplt  stm32h7xx_hal_spi.o
    0x0800a718   0x0800a718   0x00000028   Code   RO         4216    i.SPI_DMAReceiveCplt  stm32h7xx_hal_spi.o
    0x0800a740   0x0800a740   0x00000014   Code   RO         4221    i.SPI_GetPacketSize  stm32h7xx_hal_spi.o
    0x0800a754   0x0800a754   0x0000007c   Code   RO         8977    i.SinCosSeries      geodesic.o
    0x0800a7d0   0x0800a7d0   0x0000001c   Code   RO          548    i.StartDefaultTask  freertos.o
    0x0800a7ec   0x0800a7ec   0x00000030   Code   RO           13    i.StringToObject    deal_string.o
    0x0800a81c   0x0800a81c   0x0000001a   Code   RO         7251    i.SysTick_Handler   cmsis_os2.o
    0x0800a836   0x0800a836   0x00000002   PAD
    0x0800a838   0x0800a838   0x000000a4   Code   RO          419    i.SystemClock_Config  main.o
    0x0800a8dc   0x0800a8dc   0x000000dc   Code   RO         6080    i.SystemInit        system_stm32h7xx.o
    0x0800a9b8   0x0800a9b8   0x0000000c   Code   RO          926    i.TIM6_DAC_IRQHandler  stm32h7xx_it.o
    0x0800a9c4   0x0800a9c4   0x0000000c   Code   RO          927    i.TIM7_IRQHandler   stm32h7xx_it.o
    0x0800a9d0   0x0800a9d0   0x000000c0   Code   RO         4608    i.TIM_Base_SetConfig  stm32h7xx_hal_tim.o
    0x0800aa90   0x0800aa90   0x00000016   Code   RO         9314    i.Terminal_decision  nav.o
    0x0800aaa6   0x0800aaa6   0x00000002   PAD
    0x0800aaa8   0x0800aaa8   0x000000bc   Code   RO          834    i.UART4_IDLE_Callback  usart.o
    0x0800ab64   0x0800ab64   0x00000058   Code   RO          835    i.UART4_IDLE_DMA_RXCplt_Err_Callback  usart.o
    0x0800abbc   0x0800abbc   0x0000000c   Code   RO          928    i.UART4_IRQHandler  stm32h7xx_it.o
    0x0800abc8   0x0800abc8   0x00000058   Code   RO          836    i.UART5_IDLE_Callback  usart.o
    0x0800ac20   0x0800ac20   0x00000058   Code   RO          837    i.UART5_IDLE_DMA_RXCplt_Err_Callback  usart.o
    0x0800ac78   0x0800ac78   0x0000000c   Code   RO          929    i.UART5_IRQHandler  stm32h7xx_it.o
    0x0800ac84   0x0800ac84   0x00000048   Code   RO         5970    i.UARTEx_SetNbDataToProcess  stm32h7xx_hal_uart_ex.o
    0x0800accc   0x0800accc   0x000000c8   Code   RO         5574    i.UART_AdvFeatureConfig  stm32h7xx_hal_uart.o
    0x0800ad94   0x0800ad94   0x000000aa   Code   RO         5575    i.UART_CheckIdleState  stm32h7xx_hal_uart.o
    0x0800ae3e   0x0800ae3e   0x00000014   Code   RO         5576    i.UART_DMAAbortOnError  stm32h7xx_hal_uart.o
    0x0800ae52   0x0800ae52   0x00000050   Code   RO         5577    i.UART_DMAError     stm32h7xx_hal_uart.o
    0x0800aea2   0x0800aea2   0x00000084   Code   RO         5578    i.UART_DMAReceiveCplt  stm32h7xx_hal_uart.o
    0x0800af26   0x0800af26   0x00000020   Code   RO         5580    i.UART_DMARxHalfCplt  stm32h7xx_hal_uart.o
    0x0800af46   0x0800af46   0x00000042   Code   RO         5582    i.UART_DMATransmitCplt  stm32h7xx_hal_uart.o
    0x0800af88   0x0800af88   0x0000000a   Code   RO         5584    i.UART_DMATxHalfCplt  stm32h7xx_hal_uart.o
    0x0800af92   0x0800af92   0x00000002   PAD
    0x0800af94   0x0800af94   0x00000054   Code   RO         5586    i.UART_EndRxTransfer  stm32h7xx_hal_uart.o
    0x0800afe8   0x0800afe8   0x00000024   Code   RO         5587    i.UART_EndTransmit_IT  stm32h7xx_hal_uart.o
    0x0800b00c   0x0800b00c   0x0000002e   Code   RO         5588    i.UART_EndTxTransfer  stm32h7xx_hal_uart.o
    0x0800b03a   0x0800b03a   0x00000002   PAD
    0x0800b03c   0x0800b03c   0x00000490   Code   RO         5593    i.UART_SetConfig    stm32h7xx_hal_uart.o
    0x0800b4cc   0x0800b4cc   0x000000a4   Code   RO         5594    i.UART_Start_Receive_DMA  stm32h7xx_hal_uart.o
    0x0800b570   0x0800b570   0x00000090   Code   RO         5600    i.UART_WaitOnFlagUntilTimeout  stm32h7xx_hal_uart.o
    0x0800b600   0x0800b600   0x00000204   Code   RO         8626    i.USART_HTTP_Authen_data  http.o
    0x0800b804   0x0800b804   0x00000388   Code   RO         8627    i.USART_HTTP_data   http.o
    0x0800bb8c   0x0800bb8c   0x000000b4   Code   RO         8628    i.USART_HTTP_goToCharge_data  http.o
    0x0800bc40   0x0800bc40   0x000000c4   Code   RO         8629    i.USART_HTTP_jobContinue_data  http.o
    0x0800bd04   0x0800bd04   0x00000060   Code   RO         8630    i.USART_HTTP_jobFinish_data  http.o
    0x0800bd64   0x0800bd64   0x00000060   Code   RO         8631    i.USART_HTTP_jobPause_data  http.o
    0x0800bdc4   0x0800bdc4   0x00000114   Code   RO         8632    i.USART_HTTP_jobStart_data  http.o
    0x0800bed8   0x0800bed8   0x000000b8   Code   RO         8633    i.USART_HTTP_updateRoute_data  http.o
    0x0800bf90   0x0800bf90   0x00000040   Code   RO          131    i.USART_Imei_data   uart_data.o
    0x0800bfd0   0x0800bfd0   0x000003b4   Code   RO         8757    i.USART_MQTT_data   mqtt.o
    0x0800c384   0x0800c384   0x00000002   Code   RO          930    i.UsageFault_Handler  stm32h7xx_it.o
    0x0800c386   0x0800c386   0x00000002   PAD
    0x0800c388   0x0800c388   0x00000088   Code   RO          549    i.VCU_send_task     freertos.o
    0x0800c410   0x0800c410   0x00000020   Code   RO         9965    i.__0printf         mc_w.l(printfa.o)
    0x0800c430   0x0800c430   0x00000028   Code   RO         9967    i.__0sprintf        mc_w.l(printfa.o)
    0x0800c458   0x0800c458   0x00000030   Code   RO        10040    i.__ARM_fpclassify  m_wv.l(fpclassify.o)
    0x0800c488   0x0800c488   0x00000020   Code   RO         1110    i.__NVIC_SetPriority  stm32h7xx_hal_cortex.o
    0x0800c4a8   0x0800c4a8   0x00000200   Code   RO         9555    i.__hardfp_atan     m_wv.l(atan.o)
    0x0800c6a8   0x0800c6a8   0x000001c8   Code   RO         9569    i.__hardfp_atan2    m_wv.l(atan2.o)
    0x0800c870   0x0800c870   0x00000158   Code   RO         9581    i.__hardfp_atanh    m_wv.l(atanh.o)
    0x0800c9c8   0x0800c9c8   0x00000160   Code   RO         9593    i.__hardfp_cbrt     m_wv.l(cbrt.o)
    0x0800cb28   0x0800cb28   0x000000b0   Code   RO         9599    i.__hardfp_cos      m_wv.l(cos.o)
    0x0800cbd8   0x0800cbd8   0x00000062   Code   RO         9617    i.__hardfp_fmax     m_wv.l(fmax.o)
    0x0800cc3a   0x0800cc3a   0x00000062   Code   RO         9687    i.__hardfp_fmin     m_wv.l(fmin.o)
    0x0800cc9c   0x0800cc9c   0x00000004   PAD
    0x0800cca0   0x0800cca0   0x000002a0   Code   RO         9621    i.__hardfp_hypot    m_wv.l(hypot.o)
    0x0800cf40   0x0800cf40   0x00000010   Code   RO         9633    i.__hardfp_nan      m_wv.l(nan.o)
    0x0800cf50   0x0800cf50   0x00000058   Code   RO         9637    i.__hardfp_remainder  m_wv.l(remainder.o)
    0x0800cfa8   0x0800cfa8   0x000001a0   Code   RO         9649    i.__hardfp_remquo   m_wv.l(remquo.o)
    0x0800d148   0x0800d148   0x000000b0   Code   RO         9657    i.__hardfp_sin      m_wv.l(sin.o)
    0x0800d1f8   0x0800d1f8   0x00000066   Code   RO         9669    i.__hardfp_sqrt     m_wv.l(sqrt.o)
    0x0800d25e   0x0800d25e   0x00000002   PAD
    0x0800d260   0x0800d260   0x00000028   Code   RO         9681    i.__hardfp_strtod   m_wv.l(strtod.o)
    0x0800d288   0x0800d288   0x00000310   Code   RO        10051    i.__ieee754_rem_pio2  m_wv.l(rred.o)
    0x0800d598   0x0800d598   0x000000e0   Code   RO        10023    i.__kernel_cos      m_wv.l(cos_i.o)
    0x0800d678   0x0800d678   0x00000070   Code   RO        10048    i.__kernel_poly     m_wv.l(poly.o)
    0x0800d6e8   0x0800d6e8   0x000000a8   Code   RO        10056    i.__kernel_sin      m_wv.l(sin_i.o)
    0x0800d790   0x0800d790   0x00000020   Code   RO        10026    i.__mathlib_dbl_divzero  m_wv.l(dunder.o)
    0x0800d7b0   0x0800d7b0   0x00000006   Code   RO        10027    i.__mathlib_dbl_infnan  m_wv.l(dunder.o)
    0x0800d7b6   0x0800d7b6   0x00000006   Code   RO        10028    i.__mathlib_dbl_infnan2  m_wv.l(dunder.o)
    0x0800d7bc   0x0800d7bc   0x00000004   PAD
    0x0800d7c0   0x0800d7c0   0x00000018   Code   RO        10029    i.__mathlib_dbl_invalid  m_wv.l(dunder.o)
    0x0800d7d8   0x0800d7d8   0x00000018   Code   RO        10030    i.__mathlib_dbl_overflow  m_wv.l(dunder.o)
    0x0800d7f0   0x0800d7f0   0x00000018   Code   RO        10032    i.__mathlib_dbl_underflow  m_wv.l(dunder.o)
    0x0800d808   0x0800d808   0x000002c8   Code   RO        10042    i.__mathlib_log1p   m_wv.l(log1p_i.o)
    0x0800dad0   0x0800dad0   0x0000000e   Code   RO        10147    i.__scatterload_copy  mc_w.l(handlers.o)
    0x0800dade   0x0800dade   0x00000002   Code   RO        10148    i.__scatterload_null  mc_w.l(handlers.o)
    0x0800dae0   0x0800dae0   0x0000000e   Code   RO        10149    i.__scatterload_zeroinit  mc_w.l(handlers.o)
    0x0800daee   0x0800daee   0x00000002   PAD
    0x0800daf0   0x0800daf0   0x0000000c   Code   RO        10088    i.__set_errno       mc_w.l(errno.o)
    0x0800dafc   0x0800dafc   0x00000184   Code   RO         9972    i._fp_digits        mc_w.l(printfa.o)
    0x0800dc80   0x0800dc80   0x0000000e   Code   RO        10101    i._is_digit         mc_w.l(scanf_fp.o)
    0x0800dc8e   0x0800dc8e   0x00000002   PAD
    0x0800dc90   0x0800dc90   0x000006b4   Code   RO         9973    i._printf_core      mc_w.l(printfa.o)
    0x0800e344   0x0800e344   0x00000024   Code   RO         9974    i._printf_post_padding  mc_w.l(printfa.o)
    0x0800e368   0x0800e368   0x0000002e   Code   RO         9975    i._printf_pre_padding  mc_w.l(printfa.o)
    0x0800e396   0x0800e396   0x0000000a   Code   RO         9977    i._sputc            mc_w.l(printfa.o)
    0x0800e3a0   0x0800e3a0   0x00000010   Code   RO         9557    i.atan              m_wv.l(atan.o)
    0x0800e3b0   0x0800e3b0   0x000000c4   Code   RO         8986    i.atan2dx           geodesic.o
    0x0800e474   0x0800e474   0x00000036   Code   RO         7907    i.buffer_skip_whitespace  cjson.o
    0x0800e4aa   0x0800e4aa   0x00000002   PAD
    0x0800e4ac   0x0800e4ac   0x0000005c   Code   RO         7939    i.cJSON_Delete      cjson.o
    0x0800e508   0x0800e508   0x00000010   Code   RO         7950    i.cJSON_GetErrorPtr  cjson.o
    0x0800e518   0x0800e518   0x00000006   Code   RO         7953    i.cJSON_GetObjectItemCaseSensitive  cjson.o
    0x0800e51e   0x0800e51e   0x00000002   PAD
    0x0800e520   0x0800e520   0x0000002c   Code   RO         7956    i.cJSON_InitHooks   cjson.o
    0x0800e54c   0x0800e54c   0x00000016   Code   RO         7963    i.cJSON_IsNumber    cjson.o
    0x0800e562   0x0800e562   0x00000016   Code   RO         7964    i.cJSON_IsObject    cjson.o
    0x0800e578   0x0800e578   0x00000016   Code   RO         7966    i.cJSON_IsString    cjson.o
    0x0800e58e   0x0800e58e   0x00000002   PAD
    0x0800e590   0x0800e590   0x00000024   Code   RO         7969    i.cJSON_New_Item    cjson.o
    0x0800e5b4   0x0800e5b4   0x00000008   Code   RO         7970    i.cJSON_Parse       cjson.o
    0x0800e5bc   0x0800e5bc   0x000000d8   Code   RO         7972    i.cJSON_ParseWithLengthOpts  cjson.o
    0x0800e694   0x0800e694   0x00000026   Code   RO         7973    i.cJSON_ParseWithOpts  cjson.o
    0x0800e6ba   0x0800e6ba   0x00000002   PAD
    0x0800e6bc   0x0800e6bc   0x0000000c   Code   RO         7974    i.cJSON_Print       cjson.o
    0x0800e6c8   0x0800e6c8   0x00000014   Code   RO         7985    i.cJSON_free        cjson.o
    0x0800e6dc   0x0800e6dc   0x0000003c   Code   RO          678    i.can_SendPacket    fdcan.o
    0x0800e718   0x0800e718   0x00000048   Code   RO         7988    i.case_insensitive_strcmp  cjson.o
    0x0800e760   0x0800e760   0x00000054   Code   RO         7990    i.compare_double    cjson.o
    0x0800e7b4   0x0800e7b4   0x00000038   Code   RO         9393    i.crc16_ccitt       eventrecorder.o
    0x0800e7ec   0x0800e7ec   0x00000024   Code   RO          360    i.driver_speed      motor.o
    0x0800e810   0x0800e810   0x000000d8   Code   RO         7992    i.ensure            cjson.o
    0x0800e8e8   0x0800e8e8   0x00000018   Code   RO         9613    i.fabs              m_wv.l(fabs.o)
    0x0800e900   0x0800e900   0x00000014   Code   RO         9506    i.fputc             retarget_io.o
    0x0800e914   0x0800e914   0x00000050   Code   RO         9993    i.free              mc_w.l(malloc.o)
    0x0800e964   0x0800e964   0x00000060   Code   RO         8991    i.geod_geninverse   geodesic.o
    0x0800e9c4   0x0800e9c4   0x00000c34   Code   RO         8992    i.geod_geninverse_int  geodesic.o
    0x0800f5f8   0x0800f5f8   0x00000158   Code   RO         8995    i.geod_init         geodesic.o
    0x0800f750   0x0800f750   0x00000012   Code   RO         8996    i.geod_inverse      geodesic.o
    0x0800f762   0x0800f762   0x00000004   Code   RO         7994    i.get_decimal_point  cjson.o
    0x0800f766   0x0800f766   0x00000046   Code   RO         7995    i.get_object_item   cjson.o
    0x0800f7ac   0x0800f7ac   0x000000cc   Code   RO           14    i.insert_str        deal_string.o
    0x0800f878   0x0800f878   0x00000058   Code   RO         8837    i.line_fun          wgs84toangle.o
    0x0800f8d0   0x0800f8d0   0x00000108   Code   RO          420    i.main              main.o
    0x0800f9d8   0x0800f9d8   0x0000006c   Code   RO         9994    i.malloc            mc_w.l(malloc.o)
    0x0800fa44   0x0800fa44   0x00000004   Code   RO           15    i.my_free           deal_string.o
    0x0800fa48   0x0800fa48   0x00000004   Code   RO           16    i.my_malloc         deal_string.o
    0x0800fa4c   0x0800fa4c   0x0000002c   Code   RO         9011    i.norm2             geodesic.o
    0x0800fa78   0x0800fa78   0x0000001c   Code   RO         7253    i.osDelay           cmsis_os2.o
    0x0800fa94   0x0800fa94   0x00000042   Code   RO         7255    i.osEventFlagsClear  cmsis_os2.o
    0x0800fad6   0x0800fad6   0x00000018   Code   RO         7257    i.osEventFlagsGet   cmsis_os2.o
    0x0800faee   0x0800faee   0x00000048   Code   RO         7258    i.osEventFlagsNew   cmsis_os2.o
    0x0800fb36   0x0800fb36   0x00000002   PAD
    0x0800fb38   0x0800fb38   0x00000054   Code   RO         7259    i.osEventFlagsSet   cmsis_os2.o
    0x0800fb8c   0x0800fb8c   0x00000068   Code   RO         7260    i.osEventFlagsWait  cmsis_os2.o
    0x0800fbf4   0x0800fbf4   0x00000028   Code   RO         7262    i.osKernelGetState  cmsis_os2.o
    0x0800fc1c   0x0800fc1c   0x00000010   Code   RO         7265    i.osKernelGetTickCount  cmsis_os2.o
    0x0800fc2c   0x0800fc2c   0x00000028   Code   RO         7267    i.osKernelInitialize  cmsis_os2.o
    0x0800fc54   0x0800fc54   0x00000038   Code   RO         7270    i.osKernelStart     cmsis_os2.o
    0x0800fc8c   0x0800fc8c   0x0000006c   Code   RO         7282    i.osMessageQueueGet  cmsis_os2.o
    0x0800fcf8   0x0800fcf8   0x00000016   Code   RO         7284    i.osMessageQueueGetCount  cmsis_os2.o
    0x0800fd0e   0x0800fd0e   0x0000007c   Code   RO         7287    i.osMessageQueueNew  cmsis_os2.o
    0x0800fd8a   0x0800fd8a   0x00000002   PAD
    0x0800fd8c   0x0800fd8c   0x00000070   Code   RO         7288    i.osMessageQueuePut  cmsis_os2.o
    0x0800fdfc   0x0800fdfc   0x00000064   Code   RO         7295    i.osSemaphoreAcquire  cmsis_os2.o
    0x0800fe60   0x0800fe60   0x00000016   Code   RO         7297    i.osSemaphoreGetCount  cmsis_os2.o
    0x0800fe76   0x0800fe76   0x000000b2   Code   RO         7298    i.osSemaphoreNew    cmsis_os2.o
    0x0800ff28   0x0800ff28   0x00000058   Code   RO         7299    i.osSemaphoreRelease  cmsis_os2.o
    0x0800ff80   0x0800ff80   0x000000ba   Code   RO         7312    i.osThreadNew       cmsis_os2.o
    0x0801003a   0x0801003a   0x000000da   Code   RO         7997    i.parse_array       cjson.o
    0x08010114   0x08010114   0x00000044   Code   RO         7998    i.parse_hex4        cjson.o
    0x08010158   0x08010158   0x000000fc   Code   RO         7999    i.parse_number      cjson.o
    0x08010254   0x08010254   0x00000110   Code   RO         8000    i.parse_object      cjson.o
    0x08010364   0x08010364   0x00000164   Code   RO         8001    i.parse_string      cjson.o
    0x080104c8   0x080104c8   0x00000114   Code   RO         8002    i.parse_value       cjson.o
    0x080105dc   0x080105dc   0x000001c8   Code   RO         9315    i.pointToline_distance  nav.o
    0x080107a4   0x080107a4   0x00000034   Code   RO         9012    i.polyvalx          geodesic.o
    0x080107d8   0x080107d8   0x000000bc   Code   RO         8003    i.print             cjson.o
    0x08010894   0x08010894   0x000000a0   Code   RO         8004    i.print_array       cjson.o
    0x08010934   0x08010934   0x00000138   Code   RO         8005    i.print_number      cjson.o
    0x08010a6c   0x08010a6c   0x00000154   Code   RO         8006    i.print_object      cjson.o
    0x08010bc0   0x08010bc0   0x00000006   Code   RO         8007    i.print_string      cjson.o
    0x08010bc6   0x08010bc6   0x00000002   PAD
    0x08010bc8   0x08010bc8   0x0000013c   Code   RO         8008    i.print_string_ptr  cjson.o
    0x08010d04   0x08010d04   0x000000f4   Code   RO         8009    i.print_value       cjson.o
    0x08010df8   0x08010df8   0x00000060   Code   RO         6688    i.prvAddCurrentTaskToDelayedList  tasks.o
    0x08010e58   0x08010e58   0x00000088   Code   RO         6689    i.prvAddNewTaskToReadyList  tasks.o
    0x08010ee0   0x08010ee0   0x00000058   Code   RO         7064    i.prvCheckForValidListAndQueue  timers.o
    0x08010f38   0x08010f38   0x0000003c   Code   RO         6690    i.prvCheckTasksWaitingTermination  tasks.o
    0x08010f74   0x08010f74   0x00000028   Code   RO         6284    i.prvCopyDataFromQueue  queue.o
    0x08010f9c   0x08010f9c   0x0000006e   Code   RO         6285    i.prvCopyDataToQueue  queue.o
    0x0801100a   0x0801100a   0x00000040   Code   RO         6691    i.prvDeleteTCB      tasks.o
    0x0801104a   0x0801104a   0x00000014   Code   RO         6286    i.prvGetDisinheritPriorityAfterTimeout  queue.o
    0x0801105e   0x0801105e   0x00000002   PAD
    0x08011060   0x08011060   0x00000024   Code   RO         7065    i.prvGetNextExpireTime  timers.o
    0x08011084   0x08011084   0x0000004c   Code   RO         7773    i.prvHeapInit       heap_4.o
    0x080110d0   0x080110d0   0x00000028   Code   RO         6692    i.prvIdleTask       tasks.o
    0x080110f8   0x080110f8   0x00000022   Code   RO         6288    i.prvInitialiseNewQueue  queue.o
    0x0801111a   0x0801111a   0x000000a8   Code   RO         6693    i.prvInitialiseNewTask  tasks.o
    0x080111c2   0x080111c2   0x00000002   PAD
    0x080111c4   0x080111c4   0x00000058   Code   RO         6694    i.prvInitialiseTaskLists  tasks.o
    0x0801121c   0x0801121c   0x00000054   Code   RO         7774    i.prvInsertBlockIntoFreeList  heap_4.o
    0x08011270   0x08011270   0x00000040   Code   RO         7067    i.prvInsertTimerInActiveList  timers.o
    0x080112b0   0x080112b0   0x0000001a   Code   RO         6289    i.prvIsQueueEmpty   queue.o
    0x080112ca   0x080112ca   0x0000001e   Code   RO         6290    i.prvIsQueueFull    queue.o
    0x080112e8   0x080112e8   0x00000068   Code   RO         7068    i.prvProcessExpiredTimer  timers.o
    0x08011350   0x08011350   0x000000fc   Code   RO         7069    i.prvProcessReceivedCommands  timers.o
    0x0801144c   0x0801144c   0x0000006c   Code   RO         7070    i.prvProcessTimerOrBlockTask  timers.o
    0x080114b8   0x080114b8   0x00000024   Code   RO         6696    i.prvResetNextTaskUnblockTime  tasks.o
    0x080114dc   0x080114dc   0x0000002c   Code   RO         7071    i.prvSampleTimeNow  timers.o
    0x08011508   0x08011508   0x00000070   Code   RO         7072    i.prvSwitchTimerLists  timers.o
    0x08011578   0x08011578   0x0000002c   Code   RO         7829    i.prvTaskExitError  port.o
    0x080115a4   0x080115a4   0x00000018   Code   RO         6122    i.prvTestWaitCondition  event_groups.o
    0x080115bc   0x080115bc   0x00000014   Code   RO         7073    i.prvTimerTask      timers.o
    0x080115d0   0x080115d0   0x0000006a   Code   RO         6291    i.prvUnlockQueue    queue.o
    0x0801163a   0x0801163a   0x00000002   PAD
    0x0801163c   0x0801163c   0x000000dc   Code   RO         7775    i.pvPortMalloc      heap_4.o
    0x08011718   0x08011718   0x00000018   Code   RO         6699    i.pvTaskIncrementMutexHeldCount  tasks.o
    0x08011730   0x08011730   0x00000024   Code   RO         7830    i.pxPortInitialiseStack  port.o
    0x08011754   0x08011754   0x000001bc   Code   RO          318    i.sbus_parse        sbus.o
    0x08011910   0x08011910   0x0000001e   Code   RO          319    i.sbus_to_range     sbus.o
    0x0801192e   0x0801192e   0x00000002   PAD
    0x08011930   0x08011930   0x000000d0   Code   RO         9013    i.sincosde          geodesic.o
    0x08011a00   0x08011a00   0x000000c4   Code   RO         9014    i.sincosdx          geodesic.o
    0x08011ac4   0x08011ac4   0x00000034   Code   RO         8013    i.skip_utf8_bom     cjson.o
    0x08011af8   0x08011af8   0x00000006   Code   RO         9015    i.sq                geodesic.o
    0x08011afe   0x08011afe   0x0000006a   Code   RO         9671    i.sqrt              m_wv.l(sqrt.o)
    0x08011b68   0x08011b68   0x00000040   Code   RO         9507    i.stdout_putchar    retarget_io.o
    0x08011ba8   0x08011ba8   0x00000030   Code   RO         9683    i.strtod            m_wv.l(strtod.o)
    0x08011bd8   0x08011bd8   0x00000072   Code   RO         9016    i.sumx              geodesic.o
    0x08011c4a   0x08011c4a   0x00000012   Code   RO         9017    i.swapx             geodesic.o
    0x08011c5c   0x08011c5c   0x00000200   Code   RO         9316    i.tracking_control_Arith  nav.o
    0x08011e5c   0x08011e5c   0x00000150   Code   RO          132    i.uart4_rec_data_apply  uart_data.o
    0x08011fac   0x08011fac   0x00000070   Code   RO          133    i.uart4_send_data_apply  uart_data.o
    0x0801201c   0x0801201c   0x0000001e   Code   RO         8015    i.update_offset     cjson.o
    0x0801203a   0x0801203a   0x000000d6   Code   RO         8016    i.utf16_literal_to_utf8  cjson.o
    0x08012110   0x08012110   0x00000026   Code   RO         6244    i.uxListRemove      list.o
    0x08012136   0x08012136   0x00000026   Code   RO         6294    i.uxQueueMessagesWaiting  queue.o
    0x0801215c   0x0801215c   0x00000018   Code   RO         6295    i.uxQueueMessagesWaitingFromISR  queue.o
    0x08012174   0x08012174   0x00000018   Code   RO         6708    i.uxTaskResetEventItemValue  tasks.o
    0x0801218c   0x0801218c   0x00000014   Code   RO         7324    i.vApplicationGetIdleTaskMemory  cmsis_os2.o
    0x080121a0   0x080121a0   0x00000018   Code   RO         7325    i.vApplicationGetTimerTaskMemory  cmsis_os2.o
    0x080121b8   0x080121b8   0x00000004   Code   RO         6124    i.vEventGroupClearBitsCallback  event_groups.o
    0x080121bc   0x080121bc   0x00000004   Code   RO         6126    i.vEventGroupSetBitsCallback  event_groups.o
    0x080121c0   0x080121c0   0x00000016   Code   RO         6245    i.vListInitialise   list.o
    0x080121d6   0x080121d6   0x00000006   Code   RO         6246    i.vListInitialiseItem  list.o
    0x080121dc   0x080121dc   0x00000030   Code   RO         6247    i.vListInsert       list.o
    0x0801220c   0x0801220c   0x00000018   Code   RO         6248    i.vListInsertEnd    list.o
    0x08012224   0x08012224   0x00000040   Code   RO         7832    i.vPortEnterCritical  port.o
    0x08012264   0x08012264   0x0000002c   Code   RO         7833    i.vPortExitCritical  port.o
    0x08012290   0x08012290   0x00000064   Code   RO         7776    i.vPortFree         heap_4.o
    0x080122f4   0x080122f4   0x00000024   Code   RO         7834    i.vPortSetupTimerInterrupt  port.o
    0x08012318   0x08012318   0x00000054   Code   RO         7835    i.vPortValidateInterruptPriority  port.o
    0x0801236c   0x0801236c   0x00000024   Code   RO         6297    i.vQueueAddToRegistry  queue.o
    0x08012390   0x08012390   0x00000032   Code   RO         6298    i.vQueueDelete      queue.o
    0x080123c2   0x080123c2   0x00000002   PAD
    0x080123c4   0x080123c4   0x00000028   Code   RO         6300    i.vQueueUnregisterQueue  queue.o
    0x080123ec   0x080123ec   0x00000046   Code   RO         6301    i.vQueueWaitForMessageRestricted  queue.o
    0x08012432   0x08012432   0x00000002   PAD
    0x08012434   0x08012434   0x00000050   Code   RO         6709    i.vTaskDelay        tasks.o
    0x08012484   0x08012484   0x00000010   Code   RO         6714    i.vTaskInternalSetTimeOutState  tasks.o
    0x08012494   0x08012494   0x0000000c   Code   RO         6715    i.vTaskMissedYield  tasks.o
    0x080124a0   0x080124a0   0x00000034   Code   RO         6717    i.vTaskPlaceOnEventList  tasks.o
    0x080124d4   0x080124d4   0x0000003c   Code   RO         6718    i.vTaskPlaceOnEventListRestricted  tasks.o
    0x08012510   0x08012510   0x00000050   Code   RO         6719    i.vTaskPlaceOnUnorderedEventList  tasks.o
    0x08012560   0x08012560   0x00000094   Code   RO         6720    i.vTaskPriorityDisinheritAfterTimeout  tasks.o
    0x080125f4   0x080125f4   0x00000070   Code   RO         6722    i.vTaskRemoveFromUnorderedEventList  tasks.o
    0x08012664   0x08012664   0x00000090   Code   RO         6726    i.vTaskStartScheduler  tasks.o
    0x080126f4   0x080126f4   0x00000010   Code   RO         6728    i.vTaskSuspendAll   tasks.o
    0x08012704   0x08012704   0x00000068   Code   RO         6729    i.vTaskSwitchContext  tasks.o
    0x0801276c   0x0801276c   0x00000022   Code   RO         8838    i.vertical_line_fun  wgs84toangle.o
    0x0801278e   0x0801278e   0x00000002   PAD
    0x08012790   0x08012790   0x000000dc   Code   RO         9317    i.waypoints_Parse   nav.o
    0x0801286c   0x0801286c   0x00000042   Code   RO         6128    i.xEventGroupClearBits  event_groups.o
    0x080128ae   0x080128ae   0x00000002   PAD
    0x080128b0   0x080128b0   0x00000010   Code   RO         6129    i.xEventGroupClearBitsFromISR  event_groups.o
    0x080128c0   0x080128c0   0x0000001c   Code   RO         6130    i.xEventGroupCreate  event_groups.o
    0x080128dc   0x080128dc   0x0000002e   Code   RO         6131    i.xEventGroupCreateStatic  event_groups.o
    0x0801290a   0x0801290a   0x0000001a   Code   RO         6132    i.xEventGroupGetBitsFromISR  event_groups.o
    0x08012924   0x08012924   0x000000a0   Code   RO         6133    i.xEventGroupSetBits  event_groups.o
    0x080129c4   0x080129c4   0x00000010   Code   RO         6134    i.xEventGroupSetBitsFromISR  event_groups.o
    0x080129d4   0x080129d4   0x00000108   Code   RO         6136    i.xEventGroupWaitBits  event_groups.o
    0x08012adc   0x08012adc   0x000000f4   Code   RO         7836    i.xPortStartScheduler  port.o
    0x08012bd0   0x08012bd0   0x0000002c   Code   RO         7837    i.xPortSysTickHandler  port.o
    0x08012bfc   0x08012bfc   0x0000003c   Code   RO         6302    i.xQueueCreateCountingSemaphore  queue.o
    0x08012c38   0x08012c38   0x00000042   Code   RO         6303    i.xQueueCreateCountingSemaphoreStatic  queue.o
    0x08012c7a   0x08012c7a   0x00000044   Code   RO         6306    i.xQueueGenericCreate  queue.o
    0x08012cbe   0x08012cbe   0x0000006c   Code   RO         6307    i.xQueueGenericCreateStatic  queue.o
    0x08012d2a   0x08012d2a   0x00000002   PAD
    0x08012d2c   0x08012d2c   0x0000008c   Code   RO         6308    i.xQueueGenericReset  queue.o
    0x08012db8   0x08012db8   0x00000164   Code   RO         6309    i.xQueueGenericSend  queue.o
    0x08012f1c   0x08012f1c   0x000000c0   Code   RO         6310    i.xQueueGenericSendFromISR  queue.o
    0x08012fdc   0x08012fdc   0x0000009e   Code   RO         6313    i.xQueueGiveFromISR  queue.o
    0x0801307a   0x0801307a   0x00000002   PAD
    0x0801307c   0x0801307c   0x0000013c   Code   RO         6319    i.xQueueReceive     queue.o
    0x080131b8   0x080131b8   0x0000009c   Code   RO         6320    i.xQueueReceiveFromISR  queue.o
    0x08013254   0x08013254   0x0000017c   Code   RO         6321    i.xQueueSemaphoreTake  queue.o
    0x080133d0   0x080133d0   0x0000007c   Code   RO         6731    i.xTaskCheckForTimeOut  tasks.o
    0x0801344c   0x0801344c   0x00000064   Code   RO         6732    i.xTaskCreate       tasks.o
    0x080134b0   0x080134b0   0x0000005c   Code   RO         6733    i.xTaskCreateStatic  tasks.o
    0x0801350c   0x0801350c   0x0000001c   Code   RO         6737    i.xTaskGetSchedulerState  tasks.o
    0x08013528   0x08013528   0x0000000c   Code   RO         6738    i.xTaskGetTickCount  tasks.o
    0x08013534   0x08013534   0x00000010   Code   RO         6739    i.xTaskGetTickCountFromISR  tasks.o
    0x08013544   0x08013544   0x000000cc   Code   RO         6740    i.xTaskIncrementTick  tasks.o
    0x08013610   0x08013610   0x0000007c   Code   RO         6743    i.xTaskPriorityDisinherit  tasks.o
    0x0801368c   0x0801368c   0x0000007c   Code   RO         6744    i.xTaskPriorityInherit  tasks.o
    0x08013708   0x08013708   0x00000078   Code   RO         6745    i.xTaskRemoveFromEventList  tasks.o
    0x08013780   0x08013780   0x000000c8   Code   RO         6746    i.xTaskResumeAll    tasks.o
    0x08013848   0x08013848   0x00000068   Code   RO         7082    i.xTimerCreateTimerTask  timers.o
    0x080138b0   0x080138b0   0x0000006c   Code   RO         7083    i.xTimerGenericCommand  timers.o
    0x0801391c   0x0801391c   0x00000028   Code   RO         7089    i.xTimerPendFunctionCallFromISR  timers.o
    0x08013944   0x08013944   0x00000010   Data   RO          135    .constdata          uart_data.o
    0x08013954   0x08013954   0x0000027c   Data   RO          550    .constdata          freertos.o
    0x08013bd0   0x08013bd0   0x00000008   Data   RO         1961    .constdata          stm32h7xx_hal_dma.o
    0x08013bd8   0x08013bd8   0x0000005c   Data   RO         3661    .constdata          stm32h7xx_hal_fdcan.o
    0x08013c34   0x08013c34   0x00000018   Data   RO         5601    .constdata          stm32h7xx_hal_uart.o
    0x08013c4c   0x08013c4c   0x00000010   Data   RO         5972    .constdata          stm32h7xx_hal_uart_ex.o
    0x08013c5c   0x08013c5c   0x00000010   Data   RO         6081    .constdata          system_stm32h7xx.o
    0x08013c6c   0x08013c6c   0x00000082   Data   RO         8018    .constdata          cjson.o
    0x08013cee   0x08013cee   0x00000002   PAD
    0x08013cf0   0x08013cf0   0x00000008   Data   RO         8840    .constdata          wgs84toangle.o
    0x08013cf8   0x08013cf8   0x00000008   Data   RO         8841    .constdata          wgs84toangle.o
    0x08013d00   0x08013d00   0x00000660   Data   RO         9020    .constdata          geodesic.o
    0x08014360   0x08014360   0x00000018   Data   RO         9395    .constdata          eventrecorder.o
    0x08014378   0x08014378   0x00000098   Data   RO         9558    .constdata          m_wv.l(atan.o)
    0x08014410   0x08014410   0x00000030   Data   RO        10024    .constdata          m_wv.l(cos_i.o)
    0x08014440   0x08014440   0x00000038   Data   RO        10043    .constdata          m_wv.l(log1p_i.o)
    0x08014478   0x08014478   0x00000008   Data   RO        10050    .constdata          m_wv.l(qnan.o)
    0x08014480   0x08014480   0x000000c8   Data   RO        10053    .constdata          m_wv.l(rred.o)
    0x08014548   0x08014548   0x00000028   Data   RO        10057    .constdata          m_wv.l(sin_i.o)
    0x08014570   0x08014570   0x00000040   Data   RO        10141    .constdata          mc_w.l(ctype_c.o)
    0x080145b0   0x080145b0   0x000004f4   Data   RO          551    .conststring        freertos.o
    0x08014aa4   0x08014aa4   0x00000087   Data   RO         8635    .conststring        http.o
    0x08014b2b   0x08014b2b   0x00000001   PAD
    0x08014b2c   0x08014b2c   0x00000020   Data   RO        10145    Region$$Table       anon$$obj.o


    Execution Region RW_IRAM1 (Exec base: 0x20000000, Load base: 0x08014b4c, Size: 0x000004a4, Max: 0x00020000, ABSOLUTE, UNINIT)

    Exec Addr    Load Addr    Size         Type   Attr      Idx    E Section Name        Object

    0x20000000        -       0x000004a4   Zero   RW         9394    .bss.noinit         eventrecorder.o


    Execution Region RW_IRAM2 (Exec base: 0x24000000, Load base: 0x08014b4c, Size: 0x00012128, Max: 0x00080000, ABSOLUTE, COMPRESSED[0x000000b8])

    Exec Addr    Load Addr    Size         Type   Attr      Idx    E Section Name        Object

    0x24000000   COMPRESSED   0x0000000c   Data   RW           18    .data               deal_string.o
    0x2400000c   COMPRESSED   0x00000003   Data   RW          321    .data               sbus.o
    0x2400000f   COMPRESSED   0x00000008   Data   RW          361    .data               motor.o
    0x24000017   COMPRESSED   0x00000001   PAD
    0x24000018   COMPRESSED   0x00000082   Data   RW          552    .data               freertos.o
    0x2400009a   COMPRESSED   0x0000000c   Data   RW          681    .data               fdcan.o
    0x240000a6   COMPRESSED   0x0000000e   Data   RW          741    .data               spi.o
    0x240000b4   COMPRESSED   0x0000001a   Data   RW          840    .data               usart.o
    0x240000ce   COMPRESSED   0x00000002   PAD
    0x240000d0   COMPRESSED   0x00000004   Data   RW         1060    .data               stm32h7xx_hal_timebase_tim.o
    0x240000d4   COMPRESSED   0x0000000c   Data   RW         2699    .data               stm32h7xx_hal.o
    0x240000e0   COMPRESSED   0x00000008   Data   RW         6082    .data               system_stm32h7xx.o
    0x240000e8   COMPRESSED   0x0000003c   Data   RW         6749    .data               tasks.o
    0x24000124   COMPRESSED   0x00000014   Data   RW         7091    .data               timers.o
    0x24000138   COMPRESSED   0x00000004   Data   RW         7327    .data               cmsis_os2.o
    0x2400013c   COMPRESSED   0x00000020   Data   RW         7782    .data               heap_4.o
    0x2400015c   COMPRESSED   0x0000000c   Data   RW         7838    .data               port.o
    0x24000168   COMPRESSED   0x00000008   Data   RW         8019    .data               cjson.o
    0x24000170   COMPRESSED   0x0000000c   Data   RW         8636    .data               http.o
    0x2400017c   COMPRESSED   0x0000004e   Data   RW         8637    .data               http.o
    0x240001ca   COMPRESSED   0x00000053   Data   RW         8638    .data               http.o
    0x2400021d   COMPRESSED   0x00000003   PAD
    0x24000220   COMPRESSED   0x00000130   Data   RW         8761    .data               mqtt.o
    0x24000350   COMPRESSED   0x00000068   Data   RW         9021    .data               geodesic.o
    0x240003b8   COMPRESSED   0x00000001   Data   RW         9319    .data               nav.o
    0x240003b9   COMPRESSED   0x00000001   Data   RW         9396    .data               eventrecorder.o
    0x240003ba   COMPRESSED   0x00000002   PAD
    0x240003bc   COMPRESSED   0x0000000c   Data   RW         9508    .data               retarget_io.o
    0x240003c8   COMPRESSED   0x00000004   Data   RW         9698    .data               mc_w.l(stdout.o)
    0x240003cc   COMPRESSED   0x00000004   Data   RW         9723    .data               mc_w.l(strtok.o)
    0x240003d0   COMPRESSED   0x00000004   Data   RW        10084    .data               mc_w.l(mvars.o)
    0x240003d4   COMPRESSED   0x00000004   Data   RW        10085    .data               mc_w.l(mvars.o)
    0x240003d8   COMPRESSED   0x00000004   Data   RW        10089    .data               mc_w.l(errno.o)
    0x240003dc        -       0x0000001e   Zero   RW          134    .bss                uart_data.o
    0x240003fa        -       0x00000028   Zero   RW          320    .bss                sbus.o
    0x24000422   COMPRESSED   0x00000002   PAD
    0x24000424        -       0x00000340   Zero   RW          680    .bss                fdcan.o
    0x24000764        -       0x00000cb8   Zero   RW          740    .bss                spi.o
    0x2400141c        -       0x0000004c   Zero   RW          789    .bss                tim.o
    0x24001468        -       0x00003044   Zero   RW          838    .bss                usart.o
    0x240044ac        -       0x000057e4   Zero   RW          839    .bss                usart.o
    0x24009c90        -       0x0000004c   Zero   RW         1059    .bss                stm32h7xx_hal_timebase_tim.o
    0x24009cdc        -       0x00000040   Zero   RW         6323    .bss                queue.o
    0x24009d1c        -       0x000004c4   Zero   RW         6748    .bss                tasks.o
    0x2400a1e0        -       0x00000118   Zero   RW         7090    .bss                timers.o
    0x2400a2f8        -       0x000006b8   Zero   RW         7326    .bss                cmsis_os2.o
    0x2400a9b0        -       0x00006400   Zero   RW         7781    .bss                heap_4.o
    0x24010db0        -       0x0000001c   Zero   RW         8017    .bss                cjson.o
    0x24010dcc        -       0x00000055   Zero   RW         8581    .bss                gps.o
    0x24010e21   COMPRESSED   0x00000003   PAD
    0x24010e24        -       0x000002a4   Zero   RW         8634    .bss                http.o
    0x240110c8        -       0x00000064   Zero   RW         8758    .bss                mqtt.o
    0x2401112c   COMPRESSED   0x00000004   PAD
    0x24011130        -       0x00000198   Zero   RW         8839    .bss                wgs84toangle.o
    0x240112c8        -       0x00000860   Zero   RW         9318    .bss                nav.o
    0x24011b28        -       0x00000200   Zero   RW            2    HEAP                startup_stm32h743xx.o
    0x24011d28        -       0x00000400   Zero   RW            1    STACK               startup_stm32h743xx.o


==============================================================================

Image component sizes


      Code (inc. data)   RO Data    RW Data    ZI Data      Debug   Object Name

      4358        208        130          8         28      38578   cjson.o
      1540         52          0          4       1720      81868   cmsis_os2.o
       616        112          0         12          0      23353   deal_string.o
       108          4          0          0          0        962   dma.o
       654         14          0          0          0      31082   event_groups.o
      1196         90         24          1       1188      19222   eventrecorder.o
       488         42          0         12        832       4871   fdcan.o
      2552        408       1904        130          0      14920   freertos.o
      8956        342       1632        104          0      42872   geodesic.o
       192         14          0          0          0       1179   gpio.o
       580        142          0          0         85       2852   gps.o
       480         26          0         32      25600       5131   heap_4.o
      4408       2254        135        173        676      14309   http.o
       138          0          0          0          0       3710   list.o
       574         60          0          0          0      49536   main.o
       524         46          0          8          0       3005   motor.o
      1392        552          0        304        100       6736   mqtt.o
      2118        200          0          1       2144       8889   nav.o
       786         84          0         12          0      11757   port.o
      2624         28          0          0         64      29553   queue.o
        84         14          0         12          0       3196   retarget_io.o
         6          0          0          0          0        562   rtk_l1.o
       474         12          0          3         40       3655   sbus.o
       392         50          0         14       3256       3325   spi.o
        36          8        664          0       1536        840   startup_stm32h743xx.o
       120         26          0         12          0      21583   stm32h7xx_hal.o
       310         30          0          0          0      41144   stm32h7xx_hal_cortex.o
      6480        144          8          0          0      15113   stm32h7xx_hal_dma.o
      2852         52         92          0          0      23972   stm32h7xx_hal_fdcan.o
       592         50          0          0          0       3808   stm32h7xx_hal_gpio.o
        36          4          0          0          0        950   stm32h7xx_hal_msp.o
        88          6          0          0          0        837   stm32h7xx_hal_pwr_ex.o
      2880        126          0          0          0       8180   stm32h7xx_hal_rcc.o
      4080        132          0          0          0       8465   stm32h7xx_hal_rcc_ex.o
      1678         32          0          0          0      10873   stm32h7xx_hal_spi.o
       870         64          0          0          0       6874   stm32h7xx_hal_tim.o
       166         28          0          0          0       3340   stm32h7xx_hal_tim_ex.o
        80         10          0          4         76       1481   stm32h7xx_hal_timebase_tim.o
      3532        156         24          0          0      37796   stm32h7xx_hal_uart.o
       374          6         16          0          0       6521   stm32h7xx_hal_uart_ex.o
       132         60          0          0          0       7569   stm32h7xx_it.o
       220         42         16          8          0       1462   system_stm32h7xx.o
      2704        230          0         60       1220      34203   tasks.o
       132         20          0          0         76       1746   tim.o
      1080         94          0         20        280      34195   timers.o
       628        174         16          0         30    1332337   uart_data.o
      1280        156          0         26      34856       7774   usart.o
       292         38         16          0        408       4877   wgs84toangle.o

    ----------------------------------------------------------------------
     65970       6442       4712        968      74224    2021063   Object Totals
         0          0         32          0          0          0   (incl. Generated)
        88          0          3          8          9          0   (incl. Padding)

    ----------------------------------------------------------------------

      Code (inc. data)   RO Data    RW Data    ZI Data      Debug   Library Member Name

       528        110        152          0          0        348   atan.o
       456         64          0          0          0        188   atan2.o
       344         52          0          0          0        192   atanh.o
       352         76          0          0          0        140   cbrt.o
       176         18          0          0          0        156   cos.o
       224         42         48          0          0        184   cos_i.o
       116         60          0          0          0        696   dunder.o
        24          0          0          0          0        124   fabs.o
        98          0          0          0          0        164   fmax.o
        98          0          0          0          0        164   fmin.o
        48          0          0          0          0        124   fpclassify.o
       672         42          0          0          0        180   hypot.o
       712        124         56          0          0        272   log1p_i.o
        16         10          0          0          0        116   nan.o
       112          0          0          0          0        116   poly.o
         0          0          8          0          0          0   qnan.o
        88         10          0          0          0        148   remainder.o
       416         34          0          0          0        156   remquo.o
       784        138        200          0          0        172   rred.o
       176         18          0          0          0        160   sin.o
       168         24         40          0          0        196   sin_i.o
       208          0          0          0          0        280   sqrt.o
        88         24          0          0          0        256   strtod.o
        86          0          0          0          0          0   __dczerorl2.o
        28          0          0          0          0         68   _chval.o
       816          6          0          0          0        112   _scanf.o
       332          0          0          0          0         96   _scanf_int.o
       342          0          0          0          0        100   _scanf_longlong.o
       224          0          0          0          0         96   _scanf_str.o
        64          0          0          0          0         84   _sgetc.o
        40          6         64          0          0         68   ctype_c.o
         0          0          0          0          0          0   entry.o
         0          0          0          0          0          0   entry10a.o
         0          0          0          0          0          0   entry11a.o
         4          0          0          0          0          0   entry12b.o
         8          4          0          0          0          0   entry2.o
         4          0          0          0          0          0   entry5.o
         0          0          0          0          0          0   entry7b.o
         0          0          0          0          0          0   entry8b.o
         8          4          0          0          0          0   entry9a.o
        12          6          0          4          0         68   errno.o
        30          0          0          0          0          0   handlers.o
        36          8          0          0          0         68   init.o
        10          0          0          0          0         68   isspace_c.o
         0          0          0          0          0          0   iusefp.o
        30          0          0          0          0         68   llshl.o
        36          0          0          0          0         68   llsshr.o
        32          0          0          0          0         68   llushr.o
       188         20          0          0          0        160   malloc.o
        40          0          0          0          0         76   memcpy.o
        36          0          0          0          0        108   memseta.o
         0          0          0          8          0          0   mvars.o
      2268         96          0          0          0        616   printfa.o
        40          8          0          0          0         84   scanf_char.o
       878         12          0          0          0        216   scanf_fp.o
        56          8          0          0          0         84   sscanf.o
         0          0          0          4          0          0   stdout.o
        28          0          0          0          0         76   strcmp.o
        18          0          0          0          0         68   strcpy.o
        14          0          0          0          0         68   strlen.o
        30          0          0          0          0         80   strncmp.o
        36          0          0          0          0         80   strstr.o
       156         12          0          0          0        120   strtod.o
        68          6          0          4          0         80   strtok.o
        12          0          0          0          0         68   tolower.o
        44          0          0          0          0         80   uidiv.o
        98          0          0          0          0         92   uldiv.o
        48          0          0          0          0         68   cdrcmple.o
        56          0          0          0          0         88   d2f.o
       334          0          0          0          0        148   dadd.o
        96          0          0          0          0         80   dcmp4.o
       222          0          0          0          0        100   ddiv.o
       186          0          0          0          0        176   depilogue.o
        48          0          0          0          0         68   dfixul.o
        24          0          0          0          0         76   dfltul.o
       228          0          0          0          0         96   dmul.o
       134          0          0          0          0         96   drem.o
       110          0          0          0          0        168   fepilogue.o

    ----------------------------------------------------------------------
     13562       1042        568         20          0       8884   Library Totals
        20          0          0          0          0          0   (incl. Padding)

    ----------------------------------------------------------------------

      Code (inc. data)   RO Data    RW Data    ZI Data      Debug   Library Name

      5904        846        504          0          0       4532   m_wv.l
      6152        196         64         20          0       3188   mc_w.l
      1486          0          0          0          0       1164   mf_w.l

    ----------------------------------------------------------------------
     13562       1042        568         20          0       8884   Library Totals

    ----------------------------------------------------------------------

==============================================================================


      Code (inc. data)   RO Data    RW Data    ZI Data      Debug   

     79532       7484       5280        988      74224    1983739   Grand Totals
     79532       7484       5280        184      74224    1983739   ELF Image Totals (compressed)
     79532       7484       5280        184          0          0   ROM Totals

==============================================================================

    Total RO  Size (Code + RO Data)                84812 (  82.82kB)
    Total RW  Size (RW Data + ZI Data)             75212 (  73.45kB)
    Total ROM Size (Code + RO Data + RW Data)      84996 (  83.00kB)

==============================================================================

