Component: ARM Compiler 5.06 update 7 (build 960) Tool: armlink [4d3601]

==============================================================================

Section Cross References

    startup_stm32h743xx.o(RESET) refers to startup_stm32h743xx.o(STACK) for __initial_sp
    startup_stm32h743xx.o(RESET) refers to startup_stm32h743xx.o(.text) for Reset_Handler
    startup_stm32h743xx.o(RESET) refers to stm32h7xx_it.o(i.NMI_Handler) for NMI_Handler
    startup_stm32h743xx.o(RESET) refers to stm32h7xx_it.o(i.HardFault_Handler) for HardFault_Handler
    startup_stm32h743xx.o(RESET) refers to stm32h7xx_it.o(i.MemManage_Handler) for MemManage_Handler
    startup_stm32h743xx.o(RESET) refers to stm32h7xx_it.o(i.BusFault_Handler) for BusFault_Handler
    startup_stm32h743xx.o(RESET) refers to stm32h7xx_it.o(i.UsageFault_Handler) for UsageFault_Handler
    startup_stm32h743xx.o(RESET) refers to port.o(.emb_text) for SVC_Handler
    startup_stm32h743xx.o(RESET) refers to stm32h7xx_it.o(i.DebugMon_Handler) for DebugMon_Handler
    startup_stm32h743xx.o(RESET) refers to cmsis_os2.o(i.SysTick_Handler) for SysTick_Handler
    startup_stm32h743xx.o(RESET) refers to stm32h7xx_it.o(i.DMA1_Stream0_IRQHandler) for DMA1_Stream0_IRQHandler
    startup_stm32h743xx.o(RESET) refers to stm32h7xx_it.o(i.DMA1_Stream1_IRQHandler) for DMA1_Stream1_IRQHandler
    startup_stm32h743xx.o(RESET) refers to stm32h7xx_it.o(i.DMA1_Stream2_IRQHandler) for DMA1_Stream2_IRQHandler
    startup_stm32h743xx.o(RESET) refers to stm32h7xx_it.o(i.FDCAN1_IT0_IRQHandler) for FDCAN1_IT0_IRQHandler
    startup_stm32h743xx.o(RESET) refers to stm32h7xx_it.o(i.SPI1_IRQHandler) for SPI1_IRQHandler
    startup_stm32h743xx.o(RESET) refers to stm32h7xx_it.o(i.UART4_IRQHandler) for UART4_IRQHandler
    startup_stm32h743xx.o(RESET) refers to stm32h7xx_it.o(i.UART5_IRQHandler) for UART5_IRQHandler
    startup_stm32h743xx.o(RESET) refers to stm32h7xx_it.o(i.TIM6_DAC_IRQHandler) for TIM6_DAC_IRQHandler
    startup_stm32h743xx.o(RESET) refers to stm32h7xx_it.o(i.TIM7_IRQHandler) for TIM7_IRQHandler
    startup_stm32h743xx.o(RESET) refers to stm32h7xx_it.o(i.DMA2_Stream0_IRQHandler) for DMA2_Stream0_IRQHandler
    startup_stm32h743xx.o(.text) refers to system_stm32h7xx.o(i.SystemInit) for SystemInit
    startup_stm32h743xx.o(.text) refers to entry.o(.ARM.Collect$$$$00000000) for __main
    change_status.o(i.change_status_fun) refers to cmsis_os2.o(i.osEventFlagsClear) for osEventFlagsClear
    change_status.o(i.change_status_fun) refers to cmsis_os2.o(i.osMessageQueuePut) for osMessageQueuePut
    change_status.o(i.change_status_fun) refers to nav.o(i.NAV_Control_Param_clear) for NAV_Control_Param_clear
    change_status.o(i.change_status_fun) refers to nav.o(i.waypoints_Parse) for waypoints_Parse
    change_status.o(i.change_status_fun) refers to deal_string.o(i.Json_data_Change) for Json_data_Change
    change_status.o(i.change_status_fun) refers to cmsis_os2.o(i.osEventFlagsGet) for osEventFlagsGet
    change_status.o(i.change_status_fun) refers to cmsis_os2.o(i.osEventFlagsSet) for osEventFlagsSet
    change_status.o(i.change_status_fun) refers to change_status.o(.data) for .data
    change_status.o(i.change_status_fun) refers to freertos.o(.data) for EC600U_MQTT_SEND_STATUS
    change_status.o(i.change_status_fun) refers to http.o(.bss) for Charge_info
    deal_string.o(i.Json_data_Change) refers to malloc.o(i.malloc) for malloc
    deal_string.o(i.Json_data_Change) refers to cjson.o(i.cJSON_GetObjectItemCaseSensitive) for cJSON_GetObjectItemCaseSensitive
    deal_string.o(i.Json_data_Change) refers to printfa.o(i.__0printf) for __2printf
    deal_string.o(i.Json_data_Change) refers to malloc.o(i.free) for free
    deal_string.o(i.Json_data_Change) refers to strlen.o(.text) for strlen
    deal_string.o(i.Json_data_Change) refers to memseta.o(.text) for __aeabi_memclr
    deal_string.o(i.Json_data_Change) refers to strcpy.o(.text) for strcpy
    deal_string.o(i.ObjectToString) refers to cjson.o(i.cJSON_Print) for cJSON_Print
    deal_string.o(i.StringToObject) refers to cjson.o(i.cJSON_Parse) for cJSON_Parse
    deal_string.o(i.StringToObject) refers to cjson.o(i.cJSON_GetErrorPtr) for cJSON_GetErrorPtr
    deal_string.o(i.StringToObject) refers to printfa.o(i.__0printf) for __2printf
    deal_string.o(i.insert_str) refers to strcpy.o(.text) for strcpy
    deal_string.o(i.insert_str) refers to strlen.o(.text) for strlen
    deal_string.o(i.insert_str) refers to printfa.o(i.__0sprintf) for __2sprintf
    deal_string.o(i.insert_str) refers to printfa.o(i.__0printf) for __2printf
    deal_string.o(i.my_free) refers to heap_4.o(i.vPortFree) for vPortFree
    deal_string.o(i.my_malloc) refers to heap_4.o(i.pvPortMalloc) for pvPortMalloc
    deal_string.o(i.segment) refers to strtok.o(.text) for strtok
    deal_string.o(.data) refers to deal_string.o(i.my_malloc) for my_malloc
    deal_string.o(.data) refers to deal_string.o(i.my_free) for my_free
[...]
    xEventGroupClearBits                     0x08012ba1   Thumb Code    66  event_groups.o(i.xEventGroupClearBits)
    xEventGroupClearBitsFromISR              0x08012be5   Thumb Code    12  event_groups.o(i.xEventGroupClearBitsFromISR)
    xEventGroupCreate                        0x08012bf5   Thumb Code    28  event_groups.o(i.xEventGroupCreate)
    xEventGroupCreateStatic                  0x08012c11   Thumb Code    46  event_groups.o(i.xEventGroupCreateStatic)
    xEventGroupGetBitsFromISR                0x08012c3f   Thumb Code    26  event_groups.o(i.xEventGroupGetBitsFromISR)
    xEventGroupSetBits                       0x08012c59   Thumb Code   160  event_groups.o(i.xEventGroupSetBits)
    xEventGroupSetBitsFromISR                0x08012cf9   Thumb Code    12  event_groups.o(i.xEventGroupSetBitsFromISR)
    xEventGroupWaitBits                      0x08012d09   Thumb Code   258  event_groups.o(i.xEventGroupWaitBits)
    xPortStartScheduler                      0x08012e11   Thumb Code   222  port.o(i.xPortStartScheduler)
    xPortSysTickHandler                      0x08012f05   Thumb Code    38  port.o(i.xPortSysTickHandler)
    xQueueCreateCountingSemaphore            0x08012f31   Thumb Code    60  queue.o(i.xQueueCreateCountingSemaphore)
    xQueueCreateCountingSemaphoreStatic      0x08012f6d   Thumb Code    66  queue.o(i.xQueueCreateCountingSemaphoreStatic)
    xQueueGenericCreate                      0x08012faf   Thumb Code    68  queue.o(i.xQueueGenericCreate)
    xQueueGenericCreateStatic                0x08012ff3   Thumb Code   108  queue.o(i.xQueueGenericCreateStatic)
    xQueueGenericReset                       0x08013061   Thumb Code   134  queue.o(i.xQueueGenericReset)
    xQueueGenericSend                        0x080130ed   Thumb Code   352  queue.o(i.xQueueGenericSend)
    xQueueGenericSendFromISR                 0x08013251   Thumb Code   192  queue.o(i.xQueueGenericSendFromISR)
    xQueueGiveFromISR                        0x08013311   Thumb Code   158  queue.o(i.xQueueGiveFromISR)
    xQueueReceive                            0x080133b1   Thumb Code   310  queue.o(i.xQueueReceive)
    xQueueReceiveFromISR                     0x080134ed   Thumb Code   156  queue.o(i.xQueueReceiveFromISR)
    xQueueSemaphoreTake                      0x08013589   Thumb Code   376  queue.o(i.xQueueSemaphoreTake)
    xTaskCheckForTimeOut                     0x08013705   Thumb Code   118  tasks.o(i.xTaskCheckForTimeOut)
    xTaskCreate                              0x08013781   Thumb Code   100  tasks.o(i.xTaskCreate)
    xTaskCreateStatic                        0x080137e5   Thumb Code    92  tasks.o(i.xTaskCreateStatic)
    xTaskGetSchedulerState                   0x08013841   Thumb Code    24  tasks.o(i.xTaskGetSchedulerState)
    xTaskGetTickCount                        0x0801385d   Thumb Code     6  tasks.o(i.xTaskGetTickCount)
    xTaskGetTickCountFromISR                 0x08013869   Thumb Code    12  tasks.o(i.xTaskGetTickCountFromISR)
    xTaskIncrementTick                       0x08013879   Thumb Code   196  tasks.o(i.xTaskIncrementTick)
    xTaskPriorityDisinherit                  0x08013945   Thumb Code   116  tasks.o(i.xTaskPriorityDisinherit)
    xTaskPriorityInherit                     0x080139c1   Thumb Code   116  tasks.o(i.xTaskPriorityInherit)
    xTaskRemoveFromEventList                 0x08013a3d   Thumb Code   106  tasks.o(i.xTaskRemoveFromEventList)
    xTaskResumeAll                           0x08013ab5   Thumb Code   184  tasks.o(i.xTaskResumeAll)
    xTimerCreateTimerTask                    0x08013b7d   Thumb Code    86  timers.o(i.xTimerCreateTimerTask)
    xTimerGenericCommand                     0x08013be5   Thumb Code   104  timers.o(i.xTimerGenericCommand)
    xTimerPendFunctionCallFromISR            0x08013c51   Thumb Code    34  timers.o(i.xTimerPendFunctionCallFromISR)
    defaultTask_attributes                   0x08013c88   Data          36  freertos.o(.constdata)
    Power_Check_attributes                   0x08013cac   Data          36  freertos.o(.constdata)
    GPS_REC_attributes                       0x08013cd0   Data          36  freertos.o(.constdata)
    SBUS_Parse_attributes                    0x08013cf4   Data          36  freertos.o(.constdata)
    EC600U_REC_attributes                    0x08013d18   Data          36  freertos.o(.constdata)
    HTTP_REQUEST_attributes                  0x08013d3c   Data          36  freertos.o(.constdata)
    APP_Info_Submit_attributes               0x08013d60   Data          36  freertos.o(.constdata)
    Device_Run_attributes                    0x08013d84   Data          36  freertos.o(.constdata)
    Device_unusual_attributes                0x08013da8   Data          36  freertos.o(.constdata)
    EC600U_SEND_attributes                   0x08013dcc   Data          36  freertos.o(.constdata)
    VCU_send_attributes                      0x08013df0   Data          36  freertos.o(.constdata)
    uart5_recv_semp_queue_attributes         0x08013e14   Data          24  freertos.o(.constdata)
    uart4_send_semp_queue_attributes         0x08013e2c   Data          24  freertos.o(.constdata)
    uart4_recv_semp_queue_attributes         0x08013e44   Data          24  freertos.o(.constdata)
    HTTP_REQUEST_queue_attributes            0x08013e5c   Data          24  freertos.o(.constdata)
    VCU_send_semp_queue_attributes           0x08013e74   Data          24  freertos.o(.constdata)
    SPI1_recv_semp_queue_attributes          0x08013e8c   Data          24  freertos.o(.constdata)
    APP_Info_Submit_Semp_attributes          0x08013ea4   Data          16  freertos.o(.constdata)
    GPS_rec_exec_semp_attributes             0x08013eb4   Data          16  freertos.o(.constdata)
    SBUS_RUN_Semp_attributes                 0x08013ec4   Data          16  freertos.o(.constdata)
    CAN_send_semp_attributes                 0x08013ed4   Data          16  freertos.o(.constdata)
    Device_Run_status_event_attributes       0x08013ee4   Data          16  freertos.o(.constdata)
    Device_unusual_status_event_attributes   0x08013ef4   Data          16  freertos.o(.constdata)
    UARTPrescTable                           0x08013f68   Data          24  stm32h7xx_hal_uart.o(.constdata)
    D1CorePrescTable                         0x08013f90   Data          16  system_stm32h7xx.o(.constdata)
    wgs84_a                                  0x08014028   Data           8  wgs84toangle.o(.constdata)
    wgs84_f                                  0x08014030   Data           8  wgs84toangle.o(.constdata)
    EventRecorderInfo                        0x08014698   Data          24  eventrecorder.o(.constdata)
    __mathlib_zero                           0x080147b0   Data           8  qnan.o(.constdata)
    __ctype_categories                       0x080148a8   Data          64  ctype_c.o(.constdata)
    Region$$Table$$Base                      0x08014e64   Number         0  anon$$obj.o(Region$$Table)
    Region$$Table$$Limit                     0x08014e84   Number         0  anon$$obj.o(Region$$Table)
    Device_Poweron_status                    0x24000000   Data           1  change_status.o(.data)
    Device_Run_Status                        0x24000002   Data           6  change_status.o(.data)
    my_cJSON_Hooks                           0x24000008   Data          12  deal_string.o(.data)
    controlFlag                              0x24000014   Data           1  sbus.o(.data)
    control_powerFlag                        0x24000015   Data           1  sbus.o(.data)
    power_count                              0x24000016   Data           1  sbus.o(.data)
    txSpeedMsg                               0x24000017   Data           8  motor.o(.data)
    GPS_REC_block_time                       0x24000020   Data           4  freertos.o(.data)
    EC600U_REC_block_time                    0x24000024   Data           4  freertos.o(.data)
    APP_Info_Submit_time                     0x24000028   Data           4  freertos.o(.data)
    Device_unusual_time                      0x2400002c   Data           4  freertos.o(.data)
    EC600U_MQTT_SEND_STATUS                  0x24000030   Data           4  freertos.o(.data)
    EC600U_HTTP_jobPause                     0x24000034   Data           4  freertos.o(.data)
    EC600U_HTTP_updateRoute                  0x24000038   Data           4  freertos.o(.data)
    defaultTaskHandle                        0x2400003c   Data           4  freertos.o(.data)
    Power_CheckHandle                        0x24000040   Data           4  freertos.o(.data)
    GPS_RECHandle                            0x24000044   Data           4  freertos.o(.data)
    SBUS_ParseHandle                         0x24000048   Data           4  freertos.o(.data)
    EC600U_RECHandle                         0x2400004c   Data           4  freertos.o(.data)
    HTTP_REQUESTHandle                       0x24000050   Data           4  freertos.o(.data)
    APP_Info_SubmitHandle                    0x24000054   Data           4  freertos.o(.data)
    Device_RunHandle                         0x24000058   Data           4  freertos.o(.data)
    Device_unusualHandle                     0x2400005c   Data           4  freertos.o(.data)
    EC600U_SENDHandle                        0x24000060   Data           4  freertos.o(.data)
    VCU_sendHandle                           0x24000064   Data           4  freertos.o(.data)
    uart5_recv_semp_queueHandle              0x24000068   Data           4  freertos.o(.data)
    uart4_send_semp_queueHandle              0x2400006c   Data           4  freertos.o(.data)
    uart4_recv_semp_queueHandle              0x24000070   Data           4  freertos.o(.data)
    HTTP_REQUEST_queueHandle                 0x24000074   Data           4  freertos.o(.data)
    VCU_send_semp_queueHandle                0x24000078   Data           4  freertos.o(.data)
    SPI1_recv_semp_queueHandle               0x2400007c   Data           4  freertos.o(.data)
    APP_Info_Submit_SempHandle               0x24000080   Data           4  freertos.o(.data)
    GPS_rec_exec_sempHandle                  0x24000084   Data           4  freertos.o(.data)
    SBUS_RUN_SempHandle                      0x24000088   Data           4  freertos.o(.data)
    CAN_send_sempHandle                      0x2400008c   Data           4  freertos.o(.data)
    Device_Run_status_eventHandle            0x24000090   Data           4  freertos.o(.data)
    Device_unusual_status_eventHandle        0x24000094   Data           4  freertos.o(.data)
    CAN1_fifo                                0x24000098   Data          12  fdcan.o(.data)
    SPI1_fifo                                0x240000a6   Data          12  spi.o(.data)
    UART4_fifo                               0x240000b4   Data          12  usart.o(.data)
    UART5_fifo                               0x240000c0   Data          12  usart.o(.data)
    uwTickFreq                               0x240000d0   Data           1  stm32h7xx_hal.o(.data)
    uwTickPrio                               0x240000d4   Data           4  stm32h7xx_hal.o(.data)
    uwTick                                   0x240000d8   Data           4  stm32h7xx_hal.o(.data)
    SystemCoreClock                          0x240000dc   Data           4  system_stm32h7xx.o(.data)
    SystemD2Clock                            0x240000e0   Data           4  system_stm32h7xx.o(.data)
    pxCurrentTCB                             0x240000e4   Data           4  tasks.o(.data)
    request_num                              0x2400016c   Data           1  http.o(.data)
    Authen_info                              0x24000170   Data           8  http.o(.data)
    Update_Route_param                       0x24000178   Data          91  http.o(.data)
    Pause_param                              0x240001d3   Data          83  http.o(.data)
    Knife_Height                             0x24000228   Data           4  mqtt.o(.data)
    MQTT_Return_Task_typeId                  0x2400022c   Data           4  mqtt.o(.data)
    Safe_Zone_Detect                         0x24000230   Data           4  mqtt.o(.data)
    Light_Status                             0x24000234   Data           4  mqtt.o(.data)
    MQTT_miscontact                          0x24000238   Data           4  mqtt.o(.data)
    MQTT_Task_Msg                            0x2400023c   Data           8  mqtt.o(.data)
    MQTT_APP_info                            0x24000244   Data         280  mqtt.o(.data)
    HTTP_updateRoute_Request_flag            0x240003c8   Data           1  nav.o(.data)
    __stdout                                 0x240003d8   Data           4  stdout.o(.data)
    __microlib_freelist                      0x240003e0   Data           4  mvars.o(.data)
    __microlib_freelist_initialised          0x240003e4   Data           4  mvars.o(.data)
    Imei                                     0x240003ec   Data          30  uart_data.o(.bss)
    SBUS_CH                                  0x2400040a   Data          40  sbus.o(.bss)
    CAN1TxData                               0x24000434   Data         120  fdcan.o(.bss)
    CAN1Rxbuff                               0x240004ac   Data         512  fdcan.o(.bss)
    hfdcan1                                  0x240006ac   Data         160  fdcan.o(.bss)
    g_Can1RxHeader                           0x2400074c   Data          40  fdcan.o(.bss)
    SPI1RxData                               0x24000774   Data        3000  spi.o(.bss)
    hspi1                                    0x2400132c   Data         136  spi.o(.bss)
    hdma_spi1_rx                             0x240013b4   Data         120  spi.o(.bss)
    htim6                                    0x2400142c   Data          76  tim.o(.bss)
    UART4RxData                              0x24001478   Data       15000  usart.o(.bss)
    UART5RxData                              0x24004f10   Data        1200  usart.o(.bss)
    huart4                                   0x240053c0   Data         148  usart.o(.bss)
    huart5                                   0x24005454   Data         148  usart.o(.bss)
    hdma_uart4_rx                            0x240054e8   Data         120  usart.o(.bss)
    hdma_uart4_tx                            0x24005560   Data         120  usart.o(.bss)
    hdma_uart5_rx                            0x240055d8   Data         120  usart.o(.bss)
    UART4TxData                              0x24005650   Data       22500  usart.o(.bss)
    htim7                                    0x2400ae34   Data          76  stm32h7xx_hal_timebase_tim.o(.bss)
    xQueueRegistry                           0x2400ae80   Data          64  queue.o(.bss)
    gnss                                     0x24011f70   Data          85  gps.o(.bss)
    HTTP_Task_Msg                            0x24011fc8   Data         520  http.o(.bss)
    Charge_info                              0x240121d0   Data         156  http.o(.bss)
    Change_Safe_Zone                         0x2401226c   Data         100  mqtt.o(.bss)
    g                                        0x240122d0   Data         408  wgs84toangle.o(.bss)
    waypoints_run_status                     0x24012468   Data          20  nav.o(.bss)
    wait_run_point                           0x240124b8   Data        2000  nav.o(.bss)
    PID_angle_control                        0x24012c88   Data          64  nav.o(.bss)
    __heap_base                              0x24012cc8   Data           0  startup_stm32h743xx.o(HEAP)
    __heap_limit                             0x24012ec8   Data           0  startup_stm32h743xx.o(HEAP)
    __initial_sp                             0x240132c8   Data           0  startup_stm32h743xx.o(STACK)



==============================================================================

Memory Map of the image

  Image Entry point : 0x08000299

  Load Region LR_IROM1 (Base: 0x08000000, Size: 0x00015270, Max: 0x00200000, ABSOLUTE, COMPRESSED[0x00014f40])

    Execution Region ER_IROM1 (Exec base: 0x08000000, Load base: 0x08000000, Size: 0x00014e84, Max: 0x00200000, ABSOLUTE)

    Exec Addr    Load Addr    Size         Type   Attr      Idx    E Section Name        Object

    0x08000000   0x08000000   0x00000298   Data   RO            3    RESET               startup_stm32h743xx.o
    0x08000298   0x08000298   0x00000000   Code   RO         9724  * .ARM.Collect$$$$00000000  mc_w.l(entry.o)
    0x08000298   0x08000298   0x00000004   Code   RO        10095    .ARM.Collect$$$$00000001  mc_w.l(entry2.o)
    0x0800029c   0x0800029c   0x00000004   Code   RO        10098    .ARM.Collect$$$$00000004  mc_w.l(entry5.o)
    0x080002a0   0x080002a0   0x00000000   Code   RO        10100    .ARM.Collect$$$$00000008  mc_w.l(entry7b.o)
    0x080002a0   0x080002a0   0x00000000   Code   RO        10102    .ARM.Collect$$$$0000000A  mc_w.l(entry8b.o)
    0x080002a0   0x080002a0   0x00000008   Code   RO        10103    .ARM.Collect$$$$0000000B  mc_w.l(entry9a.o)
    0x080002a8   0x080002a8   0x00000004   Code   RO        10110    .ARM.Collect$$$$0000000E  mc_w.l(entry12b.o)
    0x080002ac   0x080002ac   0x00000000   Code   RO        10105    .ARM.Collect$$$$0000000F  mc_w.l(entry10a.o)
    0x080002ac   0x080002ac   0x00000000   Code   RO        10107    .ARM.Collect$$$$00000011  mc_w.l(entry11a.o)
    0x080002ac   0x080002ac   0x00000004   Code   RO        10096    .ARM.Collect$$$$00002712  mc_w.l(entry2.o)
    0x080002b0   0x080002b0   0x000000be   Code   RO         7860    .emb_text           port.o
    0x0800036e   0x0800036e   0x00000002   PAD
    0x08000370   0x08000370   0x00000084   Code   RO         9410    .emb_text           eventrecorder.o
    0x080003f4   0x080003f4   0x00000024   Code   RO            4    .text               startup_stm32h743xx.o
    0x08000418   0x08000418   0x00000062   Code   RO         9733    .text               mc_w.l(uldiv.o)
    0x0800047a   0x0800047a   0x0000000c   Code   RO         9735    .text               mc_w.l(tolower.o)
    0x08000486   0x08000486   0x00000028   Code   RO         9737    .text               mc_w.l(memcpy.o)
    0x080004ae   0x080004ae   0x00000024   Code   RO         9743    .text               mc_w.l(memseta.o)
    0x080004d2   0x080004d2   0x00000024   Code   RO         9745    .text               mc_w.l(strstr.o)
    0x080004f6   0x080004f6   0x0000000e   Code   RO         9747    .text               mc_w.l(strlen.o)
    0x08000504   0x08000504   0x0000001c   Code   RO         9749    .text               mc_w.l(strcmp.o)
    0x08000520   0x08000520   0x00000012   Code   RO         9751    .text               mc_w.l(strcpy.o)
    0x08000532   0x08000532   0x0000001e   Code   RO         9753    .text               mc_w.l(strncmp.o)
    0x08000550   0x08000550   0x00000044   Code   RO         9755    .text               mc_w.l(strtok.o)
    0x08000594   0x08000594   0x00000038   Code   RO        10054    .text               mc_w.l(sscanf.o)
    0x080005cc   0x080005cc   0x0000002c   Code   RO        10111    .text               mc_w.l(uidiv.o)
    0x080005f8   0x080005f8   0x0000001e   Code   RO        10113    .text               mc_w.l(llshl.o)
    0x08000616   0x08000616   0x00000020   Code   RO        10115    .text               mc_w.l(llushr.o)
    0x08000636   0x08000636   0x00000156   Code   RO        10126    .text               mc_w.l(_scanf_longlong.o)
    0x0800078c   0x0800078c   0x0000014c   Code   RO        10128    .text               mc_w.l(_scanf_int.o)
    0x080008d8   0x080008d8   0x000000e0   Code   RO        10130    .text               mc_w.l(_scanf_str.o)
    0x080009b8   0x080009b8   0x00000360   Code   RO        10132    .text               mc_w.l(scanf_fp.o)
    0x08000d18   0x08000d18   0x00000028   Code   RO        10136    .text               mc_w.l(scanf_char.o)
    0x08000d40   0x08000d40   0x00000040   Code   RO        10138    .text               mc_w.l(_sgetc.o)
    0x08000d80   0x08000d80   0x0000009c   Code   RO        10140    .text               mc_w.l(strtod.o)
    0x08000e1c   0x08000e1c   0x00000000   Code   RO        10142    .text               mc_w.l(iusefp.o)
    0x08000e1c   0x08000e1c   0x0000014e   Code   RO        10143    .text               mf_w.l(dadd.o)
    0x08000f6a   0x08000f6a   0x000000e4   Code   RO        10145    .text               mf_w.l(dmul.o)
    0x0800104e   0x0800104e   0x000000de   Code   RO        10147    .text               mf_w.l(ddiv.o)
    0x0800112c   0x0800112c   0x00000086   Code   RO        10149    .text               mf_w.l(drem.o)
    0x080011b2   0x080011b2   0x00000030   Code   RO        10151    .text               mf_w.l(dfixul.o)
    0x080011e2   0x080011e2   0x00000002   PAD
    0x080011e4   0x080011e4   0x00000030   Code   RO        10153    .text               mf_w.l(cdrcmple.o)
    0x08001214   0x08001214   0x00000060   Code   RO        10155    .text               mf_w.l(dcmp4.o)
    0x08001274   0x08001274   0x00000024   Code   RO        10157    .text               mc_w.l(init.o)
    0x08001298   0x08001298   0x00000024   Code   RO        10159    .text               mc_w.l(llsshr.o)
    0x080012bc   0x080012bc   0x0000000a   Code   RO        10161    .text               mc_w.l(isspace_c.o)
    0x080012c6   0x080012c6   0x0000001c   Code   RO        10163    .text               mc_w.l(_chval.o)
    0x080012e2   0x080012e2   0x00000002   PAD
    0x080012e4   0x080012e4   0x00000330   Code   RO        10165    .text               mc_w.l(_scanf.o)
    0x08001614   0x08001614   0x000000ba   Code   RO        10167    .text               mf_w.l(depilogue.o)
    0x080016ce   0x080016ce   0x00000018   Code   RO        10169    .text               mf_w.l(dfltul.o)
    0x080016e6   0x080016e6   0x00000038   Code   RO        10171    .text               mf_w.l(d2f.o)
    0x0800171e   0x0800171e   0x00000002   PAD
    0x08001720   0x08001720   0x00000028   Code   RO        10173    .text               mc_w.l(ctype_c.o)
    0x08001748   0x08001748   0x0000006e   Code   RO        10176    .text               mf_w.l(fepilogue.o)
    0x080017b6   0x080017b6   0x00000056   Code   RO        10186    .text               mc_w.l(__dczerorl2.o)
    0x0800180c   0x0800180c   0x00000044   Code   RO         8990    i.A1m1f             geodesic.o
    0x08001850   0x08001850   0x00000044   Code   RO         8991    i.A2m1f             geodesic.o
    0x08001894   0x08001894   0x00000054   Code   RO         8992    i.A3coeff           geodesic.o
    0x080018e8   0x080018e8   0x0000000a   Code   RO         8993    i.A3f               geodesic.o
    0x080018f2   0x080018f2   0x00000002   PAD
    0x080018f4   0x080018f4   0x00000148   Code   RO         8786    i.APP_Info_Submit   mqtt.o
    0x08001a3c   0x08001a3c   0x00000044   Code   RO          577    i.APP_Info_Submit_task  freertos.o
    0x08001a80   0x08001a80   0x000000bc   Code   RO         8994    i.AngDiff           geodesic.o
    0x08001b3c   0x08001b3c   0x00000060   Code   RO         8996    i.AngRound          geodesic.o
    0x08001b9c   0x08001b9c   0x00000150   Code   RO         8997    i.Astroid           geodesic.o
    0x08001cec   0x08001cec   0x00000002   Code   RO          947    i.BusFault_Handler  stm32h7xx_it.o
    0x08001cee   0x08001cee   0x00000002   PAD
    0x08001cf0   0x08001cf0   0x00000084   Code   RO         8998    i.C1f               geodesic.o
    0x08001d74   0x08001d74   0x00000084   Code   RO         9000    i.C2f               geodesic.o
    0x08001df8   0x08001df8   0x00000060   Code   RO         9001    i.C3coeff           geodesic.o
    0x08001e58   0x08001e58   0x0000004e   Code   RO         9002    i.C3f               geodesic.o
    0x08001ea6   0x08001ea6   0x00000002   PAD
    0x08001ea8   0x08001ea8   0x00000058   Code   RO         9003    i.C4coeff           geodesic.o
    0x08001f00   0x08001f00   0x0000004e   Code   RO         9004    i.C4f               geodesic.o
    0x08001f4e   0x08001f4e   0x00000002   PAD
    0x08001f50   0x08001f50   0x0000004c   Code   RO          705    i.CAN1_send_data_apply  fdcan.o
    0x08001f9c   0x08001f9c   0x0000000c   Code   RO          948    i.DMA1_Stream0_IRQHandler  stm32h7xx_it.o
    0x08001fa8   0x08001fa8   0x0000000c   Code   RO          949    i.DMA1_Stream1_IRQHandler  stm32h7xx_it.o
    0x08001fb4   0x08001fb4   0x0000000c   Code   RO          950    i.DMA1_Stream2_IRQHandler  stm32h7xx_it.o
    0x08001fc0   0x08001fc0   0x0000000c   Code   RO          951    i.DMA2_Stream0_IRQHandler  stm32h7xx_it.o
    0x08001fcc   0x08001fcc   0x000000c0   Code   RO         1976    i.DMA_CalcBaseAndBitshift  stm32h7xx_hal_dma.o
    0x0800208c   0x0800208c   0x000000a0   Code   RO         1977    i.DMA_CalcDMAMUXChannelBaseAndMask  stm32h7xx_hal_dma.o
    0x0800212c   0x0800212c   0x0000007c   Code   RO         1978    i.DMA_CalcDMAMUXRequestGenBaseAndMask  stm32h7xx_hal_dma.o
    0x080021a8   0x080021a8   0x00000078   Code   RO         1979    i.DMA_CheckFifoParam  stm32h7xx_hal_dma.o
    0x08002220   0x08002220   0x0000023c   Code   RO         1980    i.DMA_SetConfig     stm32h7xx_hal_dma.o
    0x0800245c   0x0800245c   0x00000002   Code   RO          952    i.DebugMon_Handler  stm32h7xx_it.o
    0x0800245e   0x0800245e   0x00000002   PAD
    0x08002460   0x08002460   0x00000114   Code   RO          578    i.Device_Run_task   freertos.o
    0x08002574   0x08002574   0x00000064   Code   RO          579    i.Device_unusual_task  freertos.o
    0x080025d8   0x080025d8   0x000001e8   Code   RO          440    i.Direct_Drive_motor  motor.o
    0x080027c0   0x080027c0   0x0000017c   Code   RO          580    i.EC600U_REC_task   freertos.o
    0x0800293c   0x0800293c   0x00000060   Code   RO          581    i.EC600U_SEND_task  freertos.o
    0x0800299c   0x0800299c   0x00000074   Code   RO          333    i.EC600U_send_msg   uart_data.o
    0x08002a10   0x08002a10   0x00000004   Code   RO          484    i.Error_Handler     main.o
    0x08002a14   0x08002a14   0x00000028   Code   RO         9411    i.EventCheckFilter  eventrecorder.o
    0x08002a3c   0x08002a3c   0x00000048   Code   RO         9412    i.EventGetTS        eventrecorder.o
    0x08002a84   0x08002a84   0x0000010c   Code   RO         9415    i.EventRecordData   eventrecorder.o
    0x08002b90   0x08002b90   0x000000b4   Code   RO         9416    i.EventRecordItem   eventrecorder.o
    0x08002c44   0x08002c44   0x00000058   Code   RO         9419    i.EventRecorderEnable  eventrecorder.o
    0x08002c9c   0x08002c9c   0x00000100   Code   RO         9420    i.EventRecorderInitialize  eventrecorder.o
    0x08002d9c   0x08002d9c   0x00000030   Code   RO         9421    i.EventRecorderStart  eventrecorder.o
    0x08002dcc   0x08002dcc   0x0000000c   Code   RO         9423    i.EventRecorderTimerGetCount  eventrecorder.o
    0x08002dd8   0x08002dd8   0x0000000c   Code   RO         9424    i.EventRecorderTimerGetFreq  eventrecorder.o
    0x08002de4   0x08002de4   0x00000020   Code   RO         9425    i.EventRecorderTimerSetup  eventrecorder.o
    0x08002e04   0x08002e04   0x0000000c   Code   RO          953    i.FDCAN1_IT0_IRQHandler  stm32h7xx_it.o
    0x08002e10   0x08002e10   0x000001b0   Code   RO         3593    i.FDCAN_CalcultateRamBlockAddresses  stm32h7xx_hal_fdcan.o
    0x08002fc0   0x08002fc0   0x00000078   Code   RO         3594    i.FDCAN_CopyMessageToRAM  stm32h7xx_hal_fdcan.o
    0x08003038   0x08003038   0x000000bc   Code   RO          582    i.GPS_REC_task      freertos.o
    0x080030f4   0x080030f4   0x00000088   Code   RO         8868    i.GPStoXY           wgs84toangle.o
    0x0800317c   0x0800317c   0x0000037c   Code   RO         1981    i.HAL_DMA_Abort     stm32h7xx_hal_dma.o
    0x080034f8   0x080034f8   0x000002b0   Code   RO         1982    i.HAL_DMA_Abort_IT  stm32h7xx_hal_dma.o
    0x080037a8   0x080037a8   0x00000004   Code   RO         1984    i.HAL_DMA_GetError  stm32h7xx_hal_dma.o
    0x080037ac   0x080037ac   0x000007a8   Code   RO         1986    i.HAL_DMA_IRQHandler  stm32h7xx_hal_dma.o
    0x08003f54   0x08003f54   0x000003fc   Code   RO         1987    i.HAL_DMA_Init      stm32h7xx_hal_dma.o
    0x08004350   0x08004350   0x000002ec   Code   RO         1991    i.HAL_DMA_Start_IT  stm32h7xx_hal_dma.o
    0x0800463c   0x0800463c   0x00000084   Code   RO         3596    i.HAL_FDCAN_ActivateNotification  stm32h7xx_hal_fdcan.o
    0x080046c0   0x080046c0   0x0000006c   Code   RO         3598    i.HAL_FDCAN_AddMessageToTxFifoQ  stm32h7xx_hal_fdcan.o
    0x0800472c   0x0800472c   0x00000002   Code   RO         3599    i.HAL_FDCAN_ClockCalibrationCallback  stm32h7xx_hal_fdcan.o
    0x0800472e   0x0800472e   0x00000088   Code   RO         3603    i.HAL_FDCAN_ConfigFilter  stm32h7xx_hal_fdcan.o
    0x080047b6   0x080047b6   0x00000030   Code   RO         3604    i.HAL_FDCAN_ConfigGlobalFilter  stm32h7xx_hal_fdcan.o
    0x080047e6   0x080047e6   0x00000002   Code   RO         3625    i.HAL_FDCAN_ErrorCallback  stm32h7xx_hal_fdcan.o
    0x080047e8   0x080047e8   0x00000002   Code   RO         3626    i.HAL_FDCAN_ErrorStatusCallback  stm32h7xx_hal_fdcan.o
    0x080047ea   0x080047ea   0x00000002   PAD
    0x080047ec   0x080047ec   0x000001b0   Code   RO         3637    i.HAL_FDCAN_GetRxMessage  stm32h7xx_hal_fdcan.o
    0x0800499c   0x0800499c   0x00000002   Code   RO         3643    i.HAL_FDCAN_HighPriorityMessageCallback  stm32h7xx_hal_fdcan.o
    0x0800499e   0x0800499e   0x00000002   PAD
    0x080049a0   0x080049a0   0x000002ec   Code   RO         3644    i.HAL_FDCAN_IRQHandler  stm32h7xx_hal_fdcan.o
    0x08004c8c   0x08004c8c   0x00000268   Code   RO         3645    i.HAL_FDCAN_Init    stm32h7xx_hal_fdcan.o
    0x08004ef4   0x08004ef4   0x00000098   Code   RO          707    i.HAL_FDCAN_MspInit  fdcan.o
    0x08004f8c   0x08004f8c   0x00000002   Code   RO         3654    i.HAL_FDCAN_RxBufferNewMessageCallback  stm32h7xx_hal_fdcan.o
    0x08004f8e   0x08004f8e   0x00000002   PAD
    0x08004f90   0x08004f90   0x0000002c   Code   RO          708    i.HAL_FDCAN_RxFifo0Callback  fdcan.o
    0x08004fbc   0x08004fbc   0x00000002   Code   RO         3656    i.HAL_FDCAN_RxFifo1Callback  stm32h7xx_hal_fdcan.o
    0x08004fbe   0x08004fbe   0x00000030   Code   RO         3657    i.HAL_FDCAN_Start   stm32h7xx_hal_fdcan.o
    0x08004fee   0x08004fee   0x00000002   Code   RO         3679    i.HAL_FDCAN_TT_GlobalTimeCallback  stm32h7xx_hal_fdcan.o
    0x08004ff0   0x08004ff0   0x00000002   Code   RO         3680    i.HAL_FDCAN_TT_ScheduleSyncCallback  stm32h7xx_hal_fdcan.o
    0x08004ff2   0x08004ff2   0x00000002   Code   RO         3685    i.HAL_FDCAN_TT_StopWatchCallback  stm32h7xx_hal_fdcan.o
    0x08004ff4   0x08004ff4   0x00000002   Code   RO         3686    i.HAL_FDCAN_TT_TimeMarkCallback  stm32h7xx_hal_fdcan.o
    0x08004ff6   0x08004ff6   0x00000002   Code   RO         3687    i.HAL_FDCAN_TimeoutOccurredCallback  stm32h7xx_hal_fdcan.o
    0x08004ff8   0x08004ff8   0x00000002   Code   RO         3688    i.HAL_FDCAN_TimestampWraparoundCallback  stm32h7xx_hal_fdcan.o
    0x08004ffa   0x08004ffa   0x00000002   Code   RO         3689    i.HAL_FDCAN_TxBufferAbortCallback  stm32h7xx_hal_fdcan.o
    0x08004ffc   0x08004ffc   0x00000002   Code   RO         3690    i.HAL_FDCAN_TxBufferCompleteCallback  stm32h7xx_hal_fdcan.o
    0x08004ffe   0x08004ffe   0x00000002   Code   RO         3691    i.HAL_FDCAN_TxEventFifoCallback  stm32h7xx_hal_fdcan.o
    0x08005000   0x08005000   0x00000002   Code   RO         3692    i.HAL_FDCAN_TxFifoEmptyCallback  stm32h7xx_hal_fdcan.o
    0x08005002   0x08005002   0x00000002   PAD
    0x08005004   0x08005004   0x00000224   Code   RO         1829    i.HAL_GPIO_Init     stm32h7xx_hal_gpio.o
    0x08005228   0x08005228   0x0000000e   Code   RO         1831    i.HAL_GPIO_ReadPin  stm32h7xx_hal_gpio.o
    0x08005236   0x08005236   0x00000010   Code   RO         1832    i.HAL_GPIO_TogglePin  stm32h7xx_hal_gpio.o
    0x08005246   0x08005246   0x0000000e   Code   RO         1833    i.HAL_GPIO_WritePin  stm32h7xx_hal_gpio.o
    0x08005254   0x08005254   0x0000000c   Code   RO         2701    i.HAL_GetREVID      stm32h7xx_hal.o
    0x08005260   0x08005260   0x0000004c   Code   RO         1089    i.HAL_GetTick       stm32h7xx_hal_timebase_tim.o
    0x080052ac   0x080052ac   0x00000010   Code   RO         2708    i.HAL_IncTick       stm32h7xx_hal.o
    0x080052bc   0x080052bc   0x0000005c   Code   RO         2709    i.HAL_Init          stm32h7xx_hal.o
    0x08005318   0x08005318   0x00000004   Code   RO         1090    i.HAL_InitTick      stm32h7xx_hal_timebase_tim.o
    0x0800531c   0x0800531c   0x00000058   Code   RO         1124    i.HAL_MPU_ConfigRegion  stm32h7xx_hal_cortex.o
    0x08005374   0x08005374   0x0000001c   Code   RO         1125    i.HAL_MPU_Disable   stm32h7xx_hal_cortex.o
    0x08005390   0x08005390   0x00000024   Code   RO         1126    i.HAL_MPU_Enable    stm32h7xx_hal_cortex.o
    0x080053b4   0x080053b4   0x00000024   Code   RO         1065    i.HAL_MspInit       stm32h7xx_hal_msp.o
    0x080053d8   0x080053d8   0x0000001a   Code   RO         1129    i.HAL_NVIC_EnableIRQ  stm32h7xx_hal_cortex.o
    0x080053f2   0x080053f2   0x00000002   PAD
    0x080053f4   0x080053f4   0x00000040   Code   RO         1135    i.HAL_NVIC_SetPriority  stm32h7xx_hal_cortex.o
    0x08005434   0x08005434   0x00000024   Code   RO         1136    i.HAL_NVIC_SetPriorityGrouping  stm32h7xx_hal_cortex.o
    0x08005458   0x08005458   0x00000058   Code   RO         2430    i.HAL_PWREx_ConfigSupply  stm32h7xx_hal_pwr_ex.o
    0x080054b0   0x080054b0   0x00000024   Code   RO         1380    i.HAL_RCCEx_GetD3PCLK1Freq  stm32h7xx_hal_rcc_ex.o
    0x080054d4   0x080054d4   0x000001c0   Code   RO         1382    i.HAL_RCCEx_GetPLL2ClockFreq  stm32h7xx_hal_rcc_ex.o
    0x08005694   0x08005694   0x000001c0   Code   RO         1383    i.HAL_RCCEx_GetPLL3ClockFreq  stm32h7xx_hal_rcc_ex.o
    0x08005854   0x08005854   0x00000a04   Code   RO         1389    i.HAL_RCCEx_PeriphCLKConfig  stm32h7xx_hal_rcc_ex.o
    0x08006258   0x08006258   0x0000027c   Code   RO         1265    i.HAL_RCC_ClockConfig  stm32h7xx_hal_rcc.o
    0x080064d4   0x080064d4   0x00000044   Code   RO         1270    i.HAL_RCC_GetHCLKFreq  stm32h7xx_hal_rcc.o
    0x08006518   0x08006518   0x00000024   Code   RO         1272    i.HAL_RCC_GetPCLK1Freq  stm32h7xx_hal_rcc.o
    0x0800653c   0x0800653c   0x00000024   Code   RO         1273    i.HAL_RCC_GetPCLK2Freq  stm32h7xx_hal_rcc.o
    0x08006560   0x08006560   0x000001b4   Code   RO         1274    i.HAL_RCC_GetSysClockFreq  stm32h7xx_hal_rcc.o
    0x08006714   0x08006714   0x00000684   Code   RO         1277    i.HAL_RCC_OscConfig  stm32h7xx_hal_rcc.o
    0x08006d98   0x08006d98   0x00000002   Code   RO         4218    i.HAL_SPI_ErrorCallback  stm32h7xx_hal_spi.o
    0x08006d9a   0x08006d9a   0x00000002   PAD
    0x08006d9c   0x08006d9c   0x00000230   Code   RO         4221    i.HAL_SPI_IRQHandler  stm32h7xx_hal_spi.o
    0x08006fcc   0x08006fcc   0x00000174   Code   RO         4222    i.HAL_SPI_Init      stm32h7xx_hal_spi.o
    0x08007140   0x08007140   0x000000d0   Code   RO          769    i.HAL_SPI_MspInit   spi.o
    0x08007210   0x08007210   0x0000019c   Code   RO         4226    i.HAL_SPI_Receive_DMA  stm32h7xx_hal_spi.o
    0x080073ac   0x080073ac   0x00000060   Code   RO          770    i.HAL_SPI_RxCpltCallback  spi.o
    0x0800740c   0x0800740c   0x00000002   Code   RO         4229    i.HAL_SPI_RxHalfCpltCallback  stm32h7xx_hal_spi.o
    0x0800740e   0x0800740e   0x00000002   Code   RO         4230    i.HAL_SPI_SuspendCallback  stm32h7xx_hal_spi.o
    0x08007410   0x08007410   0x00000002   Code   RO         4237    i.HAL_SPI_TxCpltCallback  stm32h7xx_hal_spi.o
    0x08007412   0x08007412   0x00000002   Code   RO         4239    i.HAL_SPI_TxRxCpltCallback  stm32h7xx_hal_spi.o
    0x08007414   0x08007414   0x00000002   Code   RO         5272    i.HAL_TIMEx_Break2Callback  stm32h7xx_hal_tim_ex.o
    0x08007416   0x08007416   0x00000002   Code   RO         5273    i.HAL_TIMEx_BreakCallback  stm32h7xx_hal_tim_ex.o
    0x08007418   0x08007418   0x00000002   Code   RO         5274    i.HAL_TIMEx_CommutCallback  stm32h7xx_hal_tim_ex.o
    0x0800741a   0x0800741a   0x00000002   PAD
    0x0800741c   0x0800741c   0x000000a0   Code   RO         5294    i.HAL_TIMEx_MasterConfigSynchronization  stm32h7xx_hal_tim_ex.o
    0x080074bc   0x080074bc   0x0000004e   Code   RO         4547    i.HAL_TIM_Base_Init  stm32h7xx_hal_tim.o
    0x0800750a   0x0800750a   0x00000002   PAD
    0x0800750c   0x0800750c   0x0000003c   Code   RO          819    i.HAL_TIM_Base_MspInit  tim.o
    0x08007548   0x08007548   0x00000094   Code   RO         4552    i.HAL_TIM_Base_Start_IT  stm32h7xx_hal_tim.o
    0x080075dc   0x080075dc   0x00000030   Code   RO         4555    i.HAL_TIM_Base_Stop_IT  stm32h7xx_hal_tim.o
    0x0800760c   0x0800760c   0x00000002   Code   RO         4581    i.HAL_TIM_IC_CaptureCallback  stm32h7xx_hal_tim.o
    0x0800760e   0x0800760e   0x0000018c   Code   RO         4595    i.HAL_TIM_IRQHandler  stm32h7xx_hal_tim.o
    0x0800779a   0x0800779a   0x00000002   Code   RO         4598    i.HAL_TIM_OC_DelayElapsedCallback  stm32h7xx_hal_tim.o
    0x0800779c   0x0800779c   0x00000002   Code   RO         4625    i.HAL_TIM_PWM_PulseFinishedCallback  stm32h7xx_hal_tim.o
    0x0800779e   0x0800779e   0x00000002   PAD
    0x080077a0   0x080077a0   0x0000003c   Code   RO          485    i.HAL_TIM_PeriodElapsedCallback  main.o
    0x080077dc   0x080077dc   0x00000002   Code   RO         4638    i.HAL_TIM_TriggerCallback  stm32h7xx_hal_tim.o
    0x080077de   0x080077de   0x0000003e   Code   RO         5988    i.HAL_UARTEx_DisableFifoMode  stm32h7xx_hal_uart_ex.o
    0x0800781c   0x0800781c   0x00000052   Code   RO         5994    i.HAL_UARTEx_ReceiveToIdle_DMA  stm32h7xx_hal_uart_ex.o
    0x0800786e   0x0800786e   0x00000002   PAD
    0x08007870   0x08007870   0x0000007c   Code   RO          860    i.HAL_UARTEx_RxEventCallback  usart.o
    0x080078ec   0x080078ec   0x00000002   Code   RO         5996    i.HAL_UARTEx_RxFifoFullCallback  stm32h7xx_hal_uart_ex.o
    0x080078ee   0x080078ee   0x0000004c   Code   RO         5997    i.HAL_UARTEx_SetRxFifoThreshold  stm32h7xx_hal_uart_ex.o
    0x0800793a   0x0800793a   0x0000004c   Code   RO         5998    i.HAL_UARTEx_SetTxFifoThreshold  stm32h7xx_hal_uart_ex.o
    0x08007986   0x08007986   0x00000002   Code   RO         6000    i.HAL_UARTEx_TxFifoEmptyCallback  stm32h7xx_hal_uart_ex.o
    0x08007988   0x08007988   0x00000002   Code   RO         6001    i.HAL_UARTEx_WakeupCallback  stm32h7xx_hal_uart_ex.o
    0x0800798a   0x0800798a   0x00000002   Code   RO         5588    i.HAL_UART_ErrorCallback  stm32h7xx_hal_uart.o
    0x0800798c   0x0800798c   0x00000394   Code   RO         5591    i.HAL_UART_IRQHandler  stm32h7xx_hal_uart.o
    0x08007d20   0x08007d20   0x00000070   Code   RO         5592    i.HAL_UART_Init     stm32h7xx_hal_uart.o
    0x08007d90   0x08007d90   0x000001b0   Code   RO          862    i.HAL_UART_MspInit  usart.o
    0x08007f40   0x08007f40   0x00000030   Code   RO          863    i.HAL_UART_RxCpltCallback  usart.o
    0x08007f70   0x08007f70   0x00000002   Code   RO         5600    i.HAL_UART_RxHalfCpltCallback  stm32h7xx_hal_uart.o
    0x08007f72   0x08007f72   0x00000002   PAD
    0x08007f74   0x08007f74   0x00000090   Code   RO         5602    i.HAL_UART_Transmit_DMA  stm32h7xx_hal_uart.o
    0x08008004   0x08008004   0x00000002   Code   RO         5604    i.HAL_UART_TxCpltCallback  stm32h7xx_hal_uart.o
    0x08008006   0x08008006   0x00000002   Code   RO         5605    i.HAL_UART_TxHalfCpltCallback  stm32h7xx_hal_uart.o
    0x08008008   0x08008008   0x0000004c   Code   RO         8648    i.HTTP_Authen_Request  http.o
    0x08008054   0x08008054   0x0000009c   Code   RO          583    i.HTTP_REQUEST_task  freertos.o
    0x080080f0   0x080080f0   0x00000070   Code   RO         8649    i.HTTP_get          http.o
    0x08008160   0x08008160   0x0000013c   Code   RO         8650    i.HTTP_goToCharge_Request  http.o
    0x0800829c   0x0800829c   0x00000104   Code   RO         8651    i.HTTP_jobContinue_Request  http.o
    0x080083a0   0x080083a0   0x00000124   Code   RO         8652    i.HTTP_jobFinish_Request  http.o
    0x080084c4   0x080084c4   0x0000017c   Code   RO         8653    i.HTTP_jobPause_Request  http.o
    0x08008640   0x08008640   0x00000100   Code   RO         8654    i.HTTP_jobStart_Request  http.o
    0x08008740   0x08008740   0x00000074   Code   RO         8655    i.HTTP_post         http.o
    0x080087b4   0x080087b4   0x0000017c   Code   RO         8657    i.HTTP_updateRoute_Request  http.o
    0x08008930   0x08008930   0x00000002   Code   RO          954    i.HardFault_Handler  stm32h7xx_it.o
    0x08008932   0x08008932   0x00000002   PAD
    0x08008934   0x08008934   0x000000cc   Code   RO         9005    i.Init              geodesic.o
    0x08008a00   0x08008a00   0x0000050e   Code   RO         9006    i.InverseStart      geodesic.o
    0x08008f0e   0x08008f0e   0x00000002   PAD
    0x08008f10   0x08008f10   0x00000158   Code   RO          241    i.Json_data_Change  deal_string.o
    0x08009068   0x08009068   0x00000354   Code   RO         9007    i.Lambda12          geodesic.o
    0x080093bc   0x080093bc   0x00000028   Code   RO         9008    i.LatFix            geodesic.o
    0x080093e4   0x080093e4   0x0000023c   Code   RO         9009    i.Lengths           geodesic.o
    0x08009620   0x08009620   0x00000022   Code   RO         8869    i.Line_inter_point_math  wgs84toangle.o
    0x08009642   0x08009642   0x00000052   Code   RO          486    i.MPU_Config        main.o
    0x08009694   0x08009694   0x0000009c   Code   RO         8787    i.MQTT_open         mqtt.o
    0x08009730   0x08009730   0x0000006c   Code   RO          681    i.MX_DMA_Init       dma.o
    0x0800979c   0x0800979c   0x0000009c   Code   RO          709    i.MX_FDCAN1_Init    fdcan.o
    0x08009838   0x08009838   0x00000174   Code   RO          584    i.MX_FREERTOS_Init  freertos.o
    0x080099ac   0x080099ac   0x000000c0   Code   RO          553    i.MX_GPIO_Init      gpio.o
    0x08009a6c   0x08009a6c   0x00000058   Code   RO          771    i.MX_SPI1_Init      spi.o
    0x08009ac4   0x08009ac4   0x00000048   Code   RO          820    i.MX_TIM6_Init      tim.o
    0x08009b0c   0x08009b0c   0x00000068   Code   RO          864    i.MX_UART4_Init     usart.o
    0x08009b74   0x08009b74   0x00000078   Code   RO          865    i.MX_UART5_Init     usart.o
    0x08009bec   0x08009bec   0x00000002   Code   RO          955    i.MemManage_Handler  stm32h7xx_it.o
    0x08009bee   0x08009bee   0x00000002   PAD
    0x08009bf0   0x08009bf0   0x00000344   Code   RO         9345    i.NAV_Control       nav.o
    0x08009f34   0x08009f34   0x00000028   Code   RO         9346    i.NAV_Control_Param_clear  nav.o
    0x08009f5c   0x08009f5c   0x00000002   Code   RO          956    i.NMI_Handler       stm32h7xx_it.o
    0x08009f5e   0x08009f5e   0x0000000c   Code   RO          243    i.ObjectToString    deal_string.o
    0x08009f6a   0x08009f6a   0x00000002   PAD
    0x08009f6c   0x08009f6c   0x00000100   Code   RO          585    i.Power_Check_task  freertos.o
    0x0800a06c   0x0800a06c   0x00000124   Code   RO         1392    i.RCCEx_PLL2_Config  stm32h7xx_hal_rcc_ex.o
    0x0800a190   0x0800a190   0x00000124   Code   RO         1393    i.RCCEx_PLL3_Config  stm32h7xx_hal_rcc_ex.o
    0x0800a2b4   0x0800a2b4   0x00000006   Code   RO         8840    i.RTK_L1_open       rtk_l1.o
    0x0800a2ba   0x0800a2ba   0x00000002   PAD
    0x0800a2bc   0x0800a2bc   0x00000084   Code   RO          586    i.SBUS_Parse_task   freertos.o
    0x0800a340   0x0800a340   0x00000244   Code   RO         8612    i.SPI1_GPS_data     gps.o
    0x0800a584   0x0800a584   0x0000000c   Code   RO          957    i.SPI1_IRQHandler   stm32h7xx_it.o
    0x0800a590   0x0800a590   0x000000ba   Code   RO         4242    i.SPI_CloseTransfer  stm32h7xx_hal_spi.o
    0x0800a64a   0x0800a64a   0x00000018   Code   RO         4243    i.SPI_DMAAbortOnError  stm32h7xx_hal_spi.o
    0x0800a662   0x0800a662   0x0000002c   Code   RO         4244    i.SPI_DMAError      stm32h7xx_hal_spi.o
    0x0800a68e   0x0800a68e   0x0000000a   Code   RO         4245    i.SPI_DMAHalfReceiveCplt  stm32h7xx_hal_spi.o
    0x0800a698   0x0800a698   0x00000028   Code   RO         4248    i.SPI_DMAReceiveCplt  stm32h7xx_hal_spi.o
    0x0800a6c0   0x0800a6c0   0x00000014   Code   RO         4253    i.SPI_GetPacketSize  stm32h7xx_hal_spi.o
    0x0800a6d4   0x0800a6d4   0x0000007c   Code   RO         9010    i.SinCosSeries      geodesic.o
    0x0800a750   0x0800a750   0x0000000c   Code   RO          587    i.StartDefaultTask  freertos.o
    0x0800a75c   0x0800a75c   0x00000030   Code   RO          244    i.StringToObject    deal_string.o
    0x0800a78c   0x0800a78c   0x0000001a   Code   RO         7283    i.SysTick_Handler   cmsis_os2.o
    0x0800a7a6   0x0800a7a6   0x00000002   PAD
    0x0800a7a8   0x0800a7a8   0x000000a4   Code   RO          487    i.SystemClock_Config  main.o
    0x0800a84c   0x0800a84c   0x000000dc   Code   RO         6112    i.SystemInit        system_stm32h7xx.o
    0x0800a928   0x0800a928   0x0000000c   Code   RO          958    i.TIM6_DAC_IRQHandler  stm32h7xx_it.o
    0x0800a934   0x0800a934   0x0000000c   Code   RO          959    i.TIM7_IRQHandler   stm32h7xx_it.o
    0x0800a940   0x0800a940   0x000000c0   Code   RO         4640    i.TIM_Base_SetConfig  stm32h7xx_hal_tim.o
    0x0800aa00   0x0800aa00   0x00000016   Code   RO         9347    i.Terminal_decision  nav.o
    0x0800aa16   0x0800aa16   0x00000002   PAD
    0x0800aa18   0x0800aa18   0x000000d0   Code   RO          866    i.UART4_IDLE_Callback  usart.o
    0x0800aae8   0x0800aae8   0x0000005c   Code   RO          867    i.UART4_IDLE_DMA_RXCplt_Err_Callback  usart.o
    0x0800ab44   0x0800ab44   0x0000000c   Code   RO          960    i.UART4_IRQHandler  stm32h7xx_it.o
    0x0800ab50   0x0800ab50   0x00000058   Code   RO          868    i.UART5_IDLE_Callback  usart.o
    0x0800aba8   0x0800aba8   0x00000058   Code   RO          869    i.UART5_IDLE_DMA_RXCplt_Err_Callback  usart.o
    0x0800ac00   0x0800ac00   0x0000000c   Code   RO          961    i.UART5_IRQHandler  stm32h7xx_it.o
    0x0800ac0c   0x0800ac0c   0x00000048   Code   RO         6002    i.UARTEx_SetNbDataToProcess  stm32h7xx_hal_uart_ex.o
    0x0800ac54   0x0800ac54   0x000000c8   Code   RO         5606    i.UART_AdvFeatureConfig  stm32h7xx_hal_uart.o
    0x0800ad1c   0x0800ad1c   0x000000aa   Code   RO         5607    i.UART_CheckIdleState  stm32h7xx_hal_uart.o
    0x0800adc6   0x0800adc6   0x00000014   Code   RO         5608    i.UART_DMAAbortOnError  stm32h7xx_hal_uart.o
    0x0800adda   0x0800adda   0x00000050   Code   RO         5609    i.UART_DMAError     stm32h7xx_hal_uart.o
    0x0800ae2a   0x0800ae2a   0x00000084   Code   RO         5610    i.UART_DMAReceiveCplt  stm32h7xx_hal_uart.o
    0x0800aeae   0x0800aeae   0x00000020   Code   RO         5612    i.UART_DMARxHalfCplt  stm32h7xx_hal_uart.o
    0x0800aece   0x0800aece   0x00000042   Code   RO         5614    i.UART_DMATransmitCplt  stm32h7xx_hal_uart.o
    0x0800af10   0x0800af10   0x0000000a   Code   RO         5616    i.UART_DMATxHalfCplt  stm32h7xx_hal_uart.o
    0x0800af1a   0x0800af1a   0x00000002   PAD
    0x0800af1c   0x0800af1c   0x00000054   Code   RO         5618    i.UART_EndRxTransfer  stm32h7xx_hal_uart.o
    0x0800af70   0x0800af70   0x00000024   Code   RO         5619    i.UART_EndTransmit_IT  stm32h7xx_hal_uart.o
    0x0800af94   0x0800af94   0x0000002e   Code   RO         5620    i.UART_EndTxTransfer  stm32h7xx_hal_uart.o
    0x0800afc2   0x0800afc2   0x00000002   PAD
    0x0800afc4   0x0800afc4   0x00000490   Code   RO         5625    i.UART_SetConfig    stm32h7xx_hal_uart.o
    0x0800b454   0x0800b454   0x000000a4   Code   RO         5626    i.UART_Start_Receive_DMA  stm32h7xx_hal_uart.o
    0x0800b4f8   0x0800b4f8   0x00000090   Code   RO         5632    i.UART_WaitOnFlagUntilTimeout  stm32h7xx_hal_uart.o
    0x0800b588   0x0800b588   0x00000204   Code   RO         8658    i.USART_HTTP_Authen_data  http.o
    0x0800b78c   0x0800b78c   0x00000388   Code   RO         8659    i.USART_HTTP_data   http.o
    0x0800bb14   0x0800bb14   0x000000c4   Code   RO         8660    i.USART_HTTP_goToCharge_data  http.o
    0x0800bbd8   0x0800bbd8   0x00000118   Code   RO         8661    i.USART_HTTP_jobContinue_data  http.o
    0x0800bcf0   0x0800bcf0   0x00000060   Code   RO         8662    i.USART_HTTP_jobFinish_data  http.o
    0x0800bd50   0x0800bd50   0x00000068   Code   RO         8663    i.USART_HTTP_jobPause_data  http.o
    0x0800bdb8   0x0800bdb8   0x0000014c   Code   RO         8664    i.USART_HTTP_jobStart_data  http.o
    0x0800bf04   0x0800bf04   0x000000b8   Code   RO         8665    i.USART_HTTP_updateRoute_data  http.o
    0x0800bfbc   0x0800bfbc   0x00000040   Code   RO          334    i.USART_Imei_data   uart_data.o
    0x0800bffc   0x0800bffc   0x000004a0   Code   RO         8789    i.USART_MQTT_data   mqtt.o
    0x0800c49c   0x0800c49c   0x00000002   Code   RO          962    i.UsageFault_Handler  stm32h7xx_it.o
    0x0800c49e   0x0800c49e   0x00000002   PAD
    0x0800c4a0   0x0800c4a0   0x00000088   Code   RO          588    i.VCU_send_task     freertos.o
    0x0800c528   0x0800c528   0x00000020   Code   RO         9998    i.__0printf         mc_w.l(printfa.o)
    0x0800c548   0x0800c548   0x00000028   Code   RO        10000    i.__0sprintf        mc_w.l(printfa.o)
    0x0800c570   0x0800c570   0x00000030   Code   RO        10073    i.__ARM_fpclassify  m_wv.l(fpclassify.o)
    0x0800c5a0   0x0800c5a0   0x00000020   Code   RO         1142    i.__NVIC_SetPriority  stm32h7xx_hal_cortex.o
    0x0800c5c0   0x0800c5c0   0x00000200   Code   RO         9588    i.__hardfp_atan     m_wv.l(atan.o)
    0x0800c7c0   0x0800c7c0   0x000001c8   Code   RO         9602    i.__hardfp_atan2    m_wv.l(atan2.o)
    0x0800c988   0x0800c988   0x00000158   Code   RO         9614    i.__hardfp_atanh    m_wv.l(atanh.o)
    0x0800cae0   0x0800cae0   0x00000160   Code   RO         9626    i.__hardfp_cbrt     m_wv.l(cbrt.o)
    0x0800cc40   0x0800cc40   0x000000b0   Code   RO         9632    i.__hardfp_cos      m_wv.l(cos.o)
    0x0800ccf0   0x0800ccf0   0x00000062   Code   RO         9650    i.__hardfp_fmax     m_wv.l(fmax.o)
    0x0800cd52   0x0800cd52   0x00000062   Code   RO         9720    i.__hardfp_fmin     m_wv.l(fmin.o)
    0x0800cdb4   0x0800cdb4   0x00000004   PAD
    0x0800cdb8   0x0800cdb8   0x000002a0   Code   RO         9654    i.__hardfp_hypot    m_wv.l(hypot.o)
    0x0800d058   0x0800d058   0x00000010   Code   RO         9666    i.__hardfp_nan      m_wv.l(nan.o)
    0x0800d068   0x0800d068   0x00000058   Code   RO         9670    i.__hardfp_remainder  m_wv.l(remainder.o)
    0x0800d0c0   0x0800d0c0   0x000001a0   Code   RO         9682    i.__hardfp_remquo   m_wv.l(remquo.o)
    0x0800d260   0x0800d260   0x000000b0   Code   RO         9690    i.__hardfp_sin      m_wv.l(sin.o)
    0x0800d310   0x0800d310   0x00000066   Code   RO         9702    i.__hardfp_sqrt     m_wv.l(sqrt.o)
    0x0800d376   0x0800d376   0x00000002   PAD
    0x0800d378   0x0800d378   0x00000028   Code   RO         9714    i.__hardfp_strtod   m_wv.l(strtod.o)
    0x0800d3a0   0x0800d3a0   0x00000310   Code   RO        10084    i.__ieee754_rem_pio2  m_wv.l(rred.o)
    0x0800d6b0   0x0800d6b0   0x000000e0   Code   RO        10056    i.__kernel_cos      m_wv.l(cos_i.o)
    0x0800d790   0x0800d790   0x00000070   Code   RO        10081    i.__kernel_poly     m_wv.l(poly.o)
    0x0800d800   0x0800d800   0x000000a8   Code   RO        10089    i.__kernel_sin      m_wv.l(sin_i.o)
    0x0800d8a8   0x0800d8a8   0x00000020   Code   RO        10059    i.__mathlib_dbl_divzero  m_wv.l(dunder.o)
    0x0800d8c8   0x0800d8c8   0x00000006   Code   RO        10060    i.__mathlib_dbl_infnan  m_wv.l(dunder.o)
    0x0800d8ce   0x0800d8ce   0x00000006   Code   RO        10061    i.__mathlib_dbl_infnan2  m_wv.l(dunder.o)
    0x0800d8d4   0x0800d8d4   0x00000004   PAD
    0x0800d8d8   0x0800d8d8   0x00000018   Code   RO        10062    i.__mathlib_dbl_invalid  m_wv.l(dunder.o)
    0x0800d8f0   0x0800d8f0   0x00000018   Code   RO        10063    i.__mathlib_dbl_overflow  m_wv.l(dunder.o)
    0x0800d908   0x0800d908   0x00000018   Code   RO        10065    i.__mathlib_dbl_underflow  m_wv.l(dunder.o)
    0x0800d920   0x0800d920   0x000002c8   Code   RO        10075    i.__mathlib_log1p   m_wv.l(log1p_i.o)
    0x0800dbe8   0x0800dbe8   0x0000000e   Code   RO        10180    i.__scatterload_copy  mc_w.l(handlers.o)
    0x0800dbf6   0x0800dbf6   0x00000002   Code   RO        10181    i.__scatterload_null  mc_w.l(handlers.o)
    0x0800dbf8   0x0800dbf8   0x0000000e   Code   RO        10182    i.__scatterload_zeroinit  mc_w.l(handlers.o)
    0x0800dc06   0x0800dc06   0x00000002   PAD
    0x0800dc08   0x0800dc08   0x0000000c   Code   RO        10121    i.__set_errno       mc_w.l(errno.o)
    0x0800dc14   0x0800dc14   0x00000184   Code   RO        10005    i._fp_digits        mc_w.l(printfa.o)
    0x0800dd98   0x0800dd98   0x0000000e   Code   RO        10134    i._is_digit         mc_w.l(scanf_fp.o)
    0x0800dda6   0x0800dda6   0x00000002   PAD
    0x0800dda8   0x0800dda8   0x000006b4   Code   RO        10006    i._printf_core      mc_w.l(printfa.o)
    0x0800e45c   0x0800e45c   0x00000024   Code   RO        10007    i._printf_post_padding  mc_w.l(printfa.o)
    0x0800e480   0x0800e480   0x0000002e   Code   RO        10008    i._printf_pre_padding  mc_w.l(printfa.o)
    0x0800e4ae   0x0800e4ae   0x0000000a   Code   RO        10010    i._sputc            mc_w.l(printfa.o)
    0x0800e4b8   0x0800e4b8   0x00000010   Code   RO         9590    i.atan              m_wv.l(atan.o)
    0x0800e4c8   0x0800e4c8   0x000000c4   Code   RO         9019    i.atan2dx           geodesic.o
    0x0800e58c   0x0800e58c   0x00000036   Code   RO         7939    i.buffer_skip_whitespace  cjson.o
    0x0800e5c2   0x0800e5c2   0x00000002   PAD
    0x0800e5c4   0x0800e5c4   0x0000005c   Code   RO         7971    i.cJSON_Delete      cjson.o
    0x0800e620   0x0800e620   0x00000010   Code   RO         7982    i.cJSON_GetErrorPtr  cjson.o
    0x0800e630   0x0800e630   0x00000006   Code   RO         7985    i.cJSON_GetObjectItemCaseSensitive  cjson.o
    0x0800e636   0x0800e636   0x00000002   PAD
    0x0800e638   0x0800e638   0x0000002c   Code   RO         7988    i.cJSON_InitHooks   cjson.o
    0x0800e664   0x0800e664   0x00000016   Code   RO         7995    i.cJSON_IsNumber    cjson.o
    0x0800e67a   0x0800e67a   0x00000016   Code   RO         7996    i.cJSON_IsObject    cjson.o
    0x0800e690   0x0800e690   0x00000016   Code   RO         7998    i.cJSON_IsString    cjson.o
    0x0800e6a6   0x0800e6a6   0x00000002   PAD
    0x0800e6a8   0x0800e6a8   0x00000024   Code   RO         8001    i.cJSON_New_Item    cjson.o
    0x0800e6cc   0x0800e6cc   0x00000008   Code   RO         8002    i.cJSON_Parse       cjson.o
    0x0800e6d4   0x0800e6d4   0x000000d8   Code   RO         8004    i.cJSON_ParseWithLengthOpts  cjson.o
    0x0800e7ac   0x0800e7ac   0x00000026   Code   RO         8005    i.cJSON_ParseWithOpts  cjson.o
    0x0800e7d2   0x0800e7d2   0x00000002   PAD
    0x0800e7d4   0x0800e7d4   0x0000000c   Code   RO         8006    i.cJSON_Print       cjson.o
    0x0800e7e0   0x0800e7e0   0x00000014   Code   RO         8017    i.cJSON_free        cjson.o
    0x0800e7f4   0x0800e7f4   0x0000003c   Code   RO          710    i.can_SendPacket    fdcan.o
    0x0800e830   0x0800e830   0x00000048   Code   RO         8020    i.case_insensitive_strcmp  cjson.o
    0x0800e878   0x0800e878   0x000001dc   Code   RO           13    i.change_status_fun  change_status.o
    0x0800ea54   0x0800ea54   0x00000054   Code   RO         8022    i.compare_double    cjson.o
    0x0800eaa8   0x0800eaa8   0x00000038   Code   RO         9426    i.crc16_ccitt       eventrecorder.o
    0x0800eae0   0x0800eae0   0x00000024   Code   RO          441    i.driver_speed      motor.o
    0x0800eb04   0x0800eb04   0x000000d8   Code   RO         8024    i.ensure            cjson.o
    0x0800ebdc   0x0800ebdc   0x00000018   Code   RO         9646    i.fabs              m_wv.l(fabs.o)
    0x0800ebf4   0x0800ebf4   0x00000014   Code   RO         9539    i.fputc             retarget_io.o
    0x0800ec08   0x0800ec08   0x00000050   Code   RO        10026    i.free              mc_w.l(malloc.o)
    0x0800ec58   0x0800ec58   0x00000060   Code   RO         9024    i.geod_geninverse   geodesic.o
    0x0800ecb8   0x0800ecb8   0x00000c34   Code   RO         9025    i.geod_geninverse_int  geodesic.o
    0x0800f8ec   0x0800f8ec   0x00000158   Code   RO         9028    i.geod_init         geodesic.o
    0x0800fa44   0x0800fa44   0x00000012   Code   RO         9029    i.geod_inverse      geodesic.o
    0x0800fa56   0x0800fa56   0x00000004   Code   RO         8026    i.get_decimal_point  cjson.o
    0x0800fa5a   0x0800fa5a   0x00000046   Code   RO         8027    i.get_object_item   cjson.o
    0x0800faa0   0x0800faa0   0x000000cc   Code   RO          245    i.insert_str        deal_string.o
    0x0800fb6c   0x0800fb6c   0x00000058   Code   RO         8870    i.line_fun          wgs84toangle.o
    0x0800fbc4   0x0800fbc4   0x00000108   Code   RO          488    i.main              main.o
    0x0800fccc   0x0800fccc   0x0000006c   Code   RO        10027    i.malloc            mc_w.l(malloc.o)
    0x0800fd38   0x0800fd38   0x00000004   Code   RO          246    i.my_free           deal_string.o
    0x0800fd3c   0x0800fd3c   0x00000004   Code   RO          247    i.my_malloc         deal_string.o
    0x0800fd40   0x0800fd40   0x0000002c   Code   RO         9044    i.norm2             geodesic.o
    0x0800fd6c   0x0800fd6c   0x0000001c   Code   RO         7285    i.osDelay           cmsis_os2.o
    0x0800fd88   0x0800fd88   0x00000042   Code   RO         7287    i.osEventFlagsClear  cmsis_os2.o
    0x0800fdca   0x0800fdca   0x00000018   Code   RO         7289    i.osEventFlagsGet   cmsis_os2.o
    0x0800fde2   0x0800fde2   0x00000048   Code   RO         7290    i.osEventFlagsNew   cmsis_os2.o
    0x0800fe2a   0x0800fe2a   0x00000002   PAD
    0x0800fe2c   0x0800fe2c   0x00000054   Code   RO         7291    i.osEventFlagsSet   cmsis_os2.o
    0x0800fe80   0x0800fe80   0x00000068   Code   RO         7292    i.osEventFlagsWait  cmsis_os2.o
    0x0800fee8   0x0800fee8   0x00000028   Code   RO         7294    i.osKernelGetState  cmsis_os2.o
    0x0800ff10   0x0800ff10   0x00000010   Code   RO         7297    i.osKernelGetTickCount  cmsis_os2.o
    0x0800ff20   0x0800ff20   0x00000028   Code   RO         7299    i.osKernelInitialize  cmsis_os2.o
    0x0800ff48   0x0800ff48   0x00000038   Code   RO         7302    i.osKernelStart     cmsis_os2.o
    0x0800ff80   0x0800ff80   0x0000006c   Code   RO         7314    i.osMessageQueueGet  cmsis_os2.o
    0x0800ffec   0x0800ffec   0x00000016   Code   RO         7316    i.osMessageQueueGetCount  cmsis_os2.o
    0x08010002   0x08010002   0x0000007c   Code   RO         7319    i.osMessageQueueNew  cmsis_os2.o
    0x0801007e   0x0801007e   0x00000002   PAD
    0x08010080   0x08010080   0x00000070   Code   RO         7320    i.osMessageQueuePut  cmsis_os2.o
    0x080100f0   0x080100f0   0x00000064   Code   RO         7327    i.osSemaphoreAcquire  cmsis_os2.o
    0x08010154   0x08010154   0x00000016   Code   RO         7329    i.osSemaphoreGetCount  cmsis_os2.o
    0x0801016a   0x0801016a   0x000000b2   Code   RO         7330    i.osSemaphoreNew    cmsis_os2.o
    0x0801021c   0x0801021c   0x00000058   Code   RO         7331    i.osSemaphoreRelease  cmsis_os2.o
    0x08010274   0x08010274   0x000000ba   Code   RO         7344    i.osThreadNew       cmsis_os2.o
    0x0801032e   0x0801032e   0x000000da   Code   RO         8029    i.parse_array       cjson.o
    0x08010408   0x08010408   0x00000044   Code   RO         8030    i.parse_hex4        cjson.o
    0x0801044c   0x0801044c   0x000000fc   Code   RO         8031    i.parse_number      cjson.o
    0x08010548   0x08010548   0x00000110   Code   RO         8032    i.parse_object      cjson.o
    0x08010658   0x08010658   0x00000164   Code   RO         8033    i.parse_string      cjson.o
    0x080107bc   0x080107bc   0x00000114   Code   RO         8034    i.parse_value       cjson.o
    0x080108d0   0x080108d0   0x000001f8   Code   RO         9348    i.pointToline_distance  nav.o
    0x08010ac8   0x08010ac8   0x00000034   Code   RO         9045    i.polyvalx          geodesic.o
    0x08010afc   0x08010afc   0x000000bc   Code   RO         8035    i.print             cjson.o
    0x08010bb8   0x08010bb8   0x000000a0   Code   RO         8036    i.print_array       cjson.o
    0x08010c58   0x08010c58   0x00000138   Code   RO         8037    i.print_number      cjson.o
    0x08010d90   0x08010d90   0x00000154   Code   RO         8038    i.print_object      cjson.o
    0x08010ee4   0x08010ee4   0x00000006   Code   RO         8039    i.print_string      cjson.o
    0x08010eea   0x08010eea   0x00000002   PAD
    0x08010eec   0x08010eec   0x0000013c   Code   RO         8040    i.print_string_ptr  cjson.o
    0x08011028   0x08011028   0x000000f4   Code   RO         8041    i.print_value       cjson.o
    0x0801111c   0x0801111c   0x00000060   Code   RO         6720    i.prvAddCurrentTaskToDelayedList  tasks.o
    0x0801117c   0x0801117c   0x00000088   Code   RO         6721    i.prvAddNewTaskToReadyList  tasks.o
    0x08011204   0x08011204   0x00000058   Code   RO         7096    i.prvCheckForValidListAndQueue  timers.o
    0x0801125c   0x0801125c   0x0000003c   Code   RO         6722    i.prvCheckTasksWaitingTermination  tasks.o
    0x08011298   0x08011298   0x00000028   Code   RO         6316    i.prvCopyDataFromQueue  queue.o
    0x080112c0   0x080112c0   0x0000006e   Code   RO         6317    i.prvCopyDataToQueue  queue.o
    0x0801132e   0x0801132e   0x00000040   Code   RO         6723    i.prvDeleteTCB      tasks.o
    0x0801136e   0x0801136e   0x00000014   Code   RO         6318    i.prvGetDisinheritPriorityAfterTimeout  queue.o
    0x08011382   0x08011382   0x00000002   PAD
    0x08011384   0x08011384   0x00000024   Code   RO         7097    i.prvGetNextExpireTime  timers.o
    0x080113a8   0x080113a8   0x0000004c   Code   RO         7805    i.prvHeapInit       heap_4.o
    0x080113f4   0x080113f4   0x00000028   Code   RO         6724    i.prvIdleTask       tasks.o
    0x0801141c   0x0801141c   0x00000022   Code   RO         6320    i.prvInitialiseNewQueue  queue.o
    0x0801143e   0x0801143e   0x000000a8   Code   RO         6725    i.prvInitialiseNewTask  tasks.o
    0x080114e6   0x080114e6   0x00000002   PAD
    0x080114e8   0x080114e8   0x00000058   Code   RO         6726    i.prvInitialiseTaskLists  tasks.o
    0x08011540   0x08011540   0x00000054   Code   RO         7806    i.prvInsertBlockIntoFreeList  heap_4.o
    0x08011594   0x08011594   0x00000040   Code   RO         7099    i.prvInsertTimerInActiveList  timers.o
    0x080115d4   0x080115d4   0x0000001a   Code   RO         6321    i.prvIsQueueEmpty   queue.o
    0x080115ee   0x080115ee   0x0000001e   Code   RO         6322    i.prvIsQueueFull    queue.o
    0x0801160c   0x0801160c   0x00000068   Code   RO         7100    i.prvProcessExpiredTimer  timers.o
    0x08011674   0x08011674   0x000000fc   Code   RO         7101    i.prvProcessReceivedCommands  timers.o
    0x08011770   0x08011770   0x0000006c   Code   RO         7102    i.prvProcessTimerOrBlockTask  timers.o
    0x080117dc   0x080117dc   0x00000024   Code   RO         6728    i.prvResetNextTaskUnblockTime  tasks.o
    0x08011800   0x08011800   0x0000002c   Code   RO         7103    i.prvSampleTimeNow  timers.o
    0x0801182c   0x0801182c   0x00000070   Code   RO         7104    i.prvSwitchTimerLists  timers.o
    0x0801189c   0x0801189c   0x0000002c   Code   RO         7861    i.prvTaskExitError  port.o
    0x080118c8   0x080118c8   0x00000018   Code   RO         6154    i.prvTestWaitCondition  event_groups.o
    0x080118e0   0x080118e0   0x00000014   Code   RO         7105    i.prvTimerTask      timers.o
    0x080118f4   0x080118f4   0x0000006a   Code   RO         6323    i.prvUnlockQueue    queue.o
    0x0801195e   0x0801195e   0x00000002   PAD
    0x08011960   0x08011960   0x000000dc   Code   RO         7807    i.pvPortMalloc      heap_4.o
    0x08011a3c   0x08011a3c   0x00000018   Code   RO         6731    i.pvTaskIncrementMutexHeldCount  tasks.o
    0x08011a54   0x08011a54   0x00000024   Code   RO         7862    i.pxPortInitialiseStack  port.o
    0x08011a78   0x08011a78   0x000001c4   Code   RO          399    i.sbus_parse        sbus.o
    0x08011c3c   0x08011c3c   0x0000001e   Code   RO          400    i.sbus_to_range     sbus.o
    0x08011c5a   0x08011c5a   0x00000002   PAD
    0x08011c5c   0x08011c5c   0x000000d0   Code   RO         9046    i.sincosde          geodesic.o
    0x08011d2c   0x08011d2c   0x000000c4   Code   RO         9047    i.sincosdx          geodesic.o
    0x08011df0   0x08011df0   0x00000034   Code   RO         8045    i.skip_utf8_bom     cjson.o
    0x08011e24   0x08011e24   0x00000006   Code   RO         9048    i.sq                geodesic.o
    0x08011e2a   0x08011e2a   0x0000006a   Code   RO         9704    i.sqrt              m_wv.l(sqrt.o)
    0x08011e94   0x08011e94   0x00000040   Code   RO         9540    i.stdout_putchar    retarget_io.o
    0x08011ed4   0x08011ed4   0x00000004   PAD
    0x08011ed8   0x08011ed8   0x00000030   Code   RO         9716    i.strtod            m_wv.l(strtod.o)
    0x08011f08   0x08011f08   0x00000072   Code   RO         9049    i.sumx              geodesic.o
    0x08011f7a   0x08011f7a   0x00000012   Code   RO         9050    i.swapx             geodesic.o
    0x08011f8c   0x08011f8c   0x00000200   Code   RO         9349    i.tracking_control_Arith  nav.o
    0x0801218c   0x0801218c   0x00000154   Code   RO          335    i.uart4_rec_data_apply  uart_data.o
    0x080122e0   0x080122e0   0x00000070   Code   RO          336    i.uart4_send_data_apply  uart_data.o
    0x08012350   0x08012350   0x0000001e   Code   RO         8047    i.update_offset     cjson.o
    0x0801236e   0x0801236e   0x000000d6   Code   RO         8048    i.utf16_literal_to_utf8  cjson.o
    0x08012444   0x08012444   0x00000026   Code   RO         6276    i.uxListRemove      list.o
    0x0801246a   0x0801246a   0x00000026   Code   RO         6326    i.uxQueueMessagesWaiting  queue.o
    0x08012490   0x08012490   0x00000018   Code   RO         6327    i.uxQueueMessagesWaitingFromISR  queue.o
    0x080124a8   0x080124a8   0x00000018   Code   RO         6740    i.uxTaskResetEventItemValue  tasks.o
    0x080124c0   0x080124c0   0x00000014   Code   RO         7356    i.vApplicationGetIdleTaskMemory  cmsis_os2.o
    0x080124d4   0x080124d4   0x00000018   Code   RO         7357    i.vApplicationGetTimerTaskMemory  cmsis_os2.o
    0x080124ec   0x080124ec   0x00000004   Code   RO         6156    i.vEventGroupClearBitsCallback  event_groups.o
    0x080124f0   0x080124f0   0x00000004   Code   RO         6158    i.vEventGroupSetBitsCallback  event_groups.o
    0x080124f4   0x080124f4   0x00000016   Code   RO         6277    i.vListInitialise   list.o
    0x0801250a   0x0801250a   0x00000006   Code   RO         6278    i.vListInitialiseItem  list.o
    0x08012510   0x08012510   0x00000030   Code   RO         6279    i.vListInsert       list.o
    0x08012540   0x08012540   0x00000018   Code   RO         6280    i.vListInsertEnd    list.o
    0x08012558   0x08012558   0x00000040   Code   RO         7864    i.vPortEnterCritical  port.o
    0x08012598   0x08012598   0x0000002c   Code   RO         7865    i.vPortExitCritical  port.o
    0x080125c4   0x080125c4   0x00000064   Code   RO         7808    i.vPortFree         heap_4.o
    0x08012628   0x08012628   0x00000024   Code   RO         7866    i.vPortSetupTimerInterrupt  port.o
    0x0801264c   0x0801264c   0x00000054   Code   RO         7867    i.vPortValidateInterruptPriority  port.o
    0x080126a0   0x080126a0   0x00000024   Code   RO         6329    i.vQueueAddToRegistry  queue.o
    0x080126c4   0x080126c4   0x00000032   Code   RO         6330    i.vQueueDelete      queue.o
    0x080126f6   0x080126f6   0x00000002   PAD
    0x080126f8   0x080126f8   0x00000028   Code   RO         6332    i.vQueueUnregisterQueue  queue.o
    0x08012720   0x08012720   0x00000046   Code   RO         6333    i.vQueueWaitForMessageRestricted  queue.o
    0x08012766   0x08012766   0x00000002   PAD
    0x08012768   0x08012768   0x00000050   Code   RO         6741    i.vTaskDelay        tasks.o
    0x080127b8   0x080127b8   0x00000010   Code   RO         6746    i.vTaskInternalSetTimeOutState  tasks.o
    0x080127c8   0x080127c8   0x0000000c   Code   RO         6747    i.vTaskMissedYield  tasks.o
    0x080127d4   0x080127d4   0x00000034   Code   RO         6749    i.vTaskPlaceOnEventList  tasks.o
    0x08012808   0x08012808   0x0000003c   Code   RO         6750    i.vTaskPlaceOnEventListRestricted  tasks.o
    0x08012844   0x08012844   0x00000050   Code   RO         6751    i.vTaskPlaceOnUnorderedEventList  tasks.o
    0x08012894   0x08012894   0x00000094   Code   RO         6752    i.vTaskPriorityDisinheritAfterTimeout  tasks.o
    0x08012928   0x08012928   0x00000070   Code   RO         6754    i.vTaskRemoveFromUnorderedEventList  tasks.o
    0x08012998   0x08012998   0x00000090   Code   RO         6758    i.vTaskStartScheduler  tasks.o
    0x08012a28   0x08012a28   0x00000010   Code   RO         6760    i.vTaskSuspendAll   tasks.o
    0x08012a38   0x08012a38   0x00000068   Code   RO         6761    i.vTaskSwitchContext  tasks.o
    0x08012aa0   0x08012aa0   0x00000022   Code   RO         8871    i.vertical_line_fun  wgs84toangle.o
    0x08012ac2   0x08012ac2   0x00000002   PAD
    0x08012ac4   0x08012ac4   0x000000dc   Code   RO         9350    i.waypoints_Parse   nav.o
    0x08012ba0   0x08012ba0   0x00000042   Code   RO         6160    i.xEventGroupClearBits  event_groups.o
    0x08012be2   0x08012be2   0x00000002   PAD
    0x08012be4   0x08012be4   0x00000010   Code   RO         6161    i.xEventGroupClearBitsFromISR  event_groups.o
    0x08012bf4   0x08012bf4   0x0000001c   Code   RO         6162    i.xEventGroupCreate  event_groups.o
    0x08012c10   0x08012c10   0x0000002e   Code   RO         6163    i.xEventGroupCreateStatic  event_groups.o
    0x08012c3e   0x08012c3e   0x0000001a   Code   RO         6164    i.xEventGroupGetBitsFromISR  event_groups.o
    0x08012c58   0x08012c58   0x000000a0   Code   RO         6165    i.xEventGroupSetBits  event_groups.o
    0x08012cf8   0x08012cf8   0x00000010   Code   RO         6166    i.xEventGroupSetBitsFromISR  event_groups.o
    0x08012d08   0x08012d08   0x00000108   Code   RO         6168    i.xEventGroupWaitBits  event_groups.o
    0x08012e10   0x08012e10   0x000000f4   Code   RO         7868    i.xPortStartScheduler  port.o
    0x08012f04   0x08012f04   0x0000002c   Code   RO         7869    i.xPortSysTickHandler  port.o
    0x08012f30   0x08012f30   0x0000003c   Code   RO         6334    i.xQueueCreateCountingSemaphore  queue.o
    0x08012f6c   0x08012f6c   0x00000042   Code   RO         6335    i.xQueueCreateCountingSemaphoreStatic  queue.o
    0x08012fae   0x08012fae   0x00000044   Code   RO         6338    i.xQueueGenericCreate  queue.o
    0x08012ff2   0x08012ff2   0x0000006c   Code   RO         6339    i.xQueueGenericCreateStatic  queue.o
    0x0801305e   0x0801305e   0x00000002   PAD
    0x08013060   0x08013060   0x0000008c   Code   RO         6340    i.xQueueGenericReset  queue.o
    0x080130ec   0x080130ec   0x00000164   Code   RO         6341    i.xQueueGenericSend  queue.o
    0x08013250   0x08013250   0x000000c0   Code   RO         6342    i.xQueueGenericSendFromISR  queue.o
    0x08013310   0x08013310   0x0000009e   Code   RO         6345    i.xQueueGiveFromISR  queue.o
    0x080133ae   0x080133ae   0x00000002   PAD
    0x080133b0   0x080133b0   0x0000013c   Code   RO         6351    i.xQueueReceive     queue.o
    0x080134ec   0x080134ec   0x0000009c   Code   RO         6352    i.xQueueReceiveFromISR  queue.o
    0x08013588   0x08013588   0x0000017c   Code   RO         6353    i.xQueueSemaphoreTake  queue.o
    0x08013704   0x08013704   0x0000007c   Code   RO         6763    i.xTaskCheckForTimeOut  tasks.o
    0x08013780   0x08013780   0x00000064   Code   RO         6764    i.xTaskCreate       tasks.o
    0x080137e4   0x080137e4   0x0000005c   Code   RO         6765    i.xTaskCreateStatic  tasks.o
    0x08013840   0x08013840   0x0000001c   Code   RO         6769    i.xTaskGetSchedulerState  tasks.o
    0x0801385c   0x0801385c   0x0000000c   Code   RO         6770    i.xTaskGetTickCount  tasks.o
    0x08013868   0x08013868   0x00000010   Code   RO         6771    i.xTaskGetTickCountFromISR  tasks.o
    0x08013878   0x08013878   0x000000cc   Code   RO         6772    i.xTaskIncrementTick  tasks.o
    0x08013944   0x08013944   0x0000007c   Code   RO         6775    i.xTaskPriorityDisinherit  tasks.o
    0x080139c0   0x080139c0   0x0000007c   Code   RO         6776    i.xTaskPriorityInherit  tasks.o
    0x08013a3c   0x08013a3c   0x00000078   Code   RO         6777    i.xTaskRemoveFromEventList  tasks.o
    0x08013ab4   0x08013ab4   0x000000c8   Code   RO         6778    i.xTaskResumeAll    tasks.o
    0x08013b7c   0x08013b7c   0x00000068   Code   RO         7114    i.xTimerCreateTimerTask  timers.o
    0x08013be4   0x08013be4   0x0000006c   Code   RO         7115    i.xTimerGenericCommand  timers.o
    0x08013c50   0x08013c50   0x00000028   Code   RO         7121    i.xTimerPendFunctionCallFromISR  timers.o
    0x08013c78   0x08013c78   0x00000010   Data   RO          338    .constdata          uart_data.o
    0x08013c88   0x08013c88   0x0000027c   Data   RO          589    .constdata          freertos.o
    0x08013f04   0x08013f04   0x00000008   Data   RO         1993    .constdata          stm32h7xx_hal_dma.o
    0x08013f0c   0x08013f0c   0x0000005c   Data   RO         3693    .constdata          stm32h7xx_hal_fdcan.o
    0x08013f68   0x08013f68   0x00000018   Data   RO         5633    .constdata          stm32h7xx_hal_uart.o
    0x08013f80   0x08013f80   0x00000010   Data   RO         6004    .constdata          stm32h7xx_hal_uart_ex.o
    0x08013f90   0x08013f90   0x00000010   Data   RO         6113    .constdata          system_stm32h7xx.o
    0x08013fa0   0x08013fa0   0x00000082   Data   RO         8050    .constdata          cjson.o
    0x08014022   0x08014022   0x00000006   PAD
    0x08014028   0x08014028   0x00000008   Data   RO         8873    .constdata          wgs84toangle.o
    0x08014030   0x08014030   0x00000008   Data   RO         8874    .constdata          wgs84toangle.o
    0x08014038   0x08014038   0x00000660   Data   RO         9053    .constdata          geodesic.o
    0x08014698   0x08014698   0x00000018   Data   RO         9428    .constdata          eventrecorder.o
    0x080146b0   0x080146b0   0x00000098   Data   RO         9591    .constdata          m_wv.l(atan.o)
    0x08014748   0x08014748   0x00000030   Data   RO        10057    .constdata          m_wv.l(cos_i.o)
    0x08014778   0x08014778   0x00000038   Data   RO        10076    .constdata          m_wv.l(log1p_i.o)
    0x080147b0   0x080147b0   0x00000008   Data   RO        10083    .constdata          m_wv.l(qnan.o)
    0x080147b8   0x080147b8   0x000000c8   Data   RO        10086    .constdata          m_wv.l(rred.o)
    0x08014880   0x08014880   0x00000028   Data   RO        10090    .constdata          m_wv.l(sin_i.o)
    0x080148a8   0x080148a8   0x00000040   Data   RO        10174    .constdata          mc_w.l(ctype_c.o)
    0x080148e8   0x080148e8   0x000004f4   Data   RO          590    .conststring        freertos.o
    0x08014ddc   0x08014ddc   0x00000087   Data   RO         8667    .conststring        http.o
    0x08014e63   0x08014e63   0x00000001   PAD
    0x08014e64   0x08014e64   0x00000020   Data   RO        10178    Region$$Table       anon$$obj.o


    Execution Region RW_IRAM1 (Exec base: 0x20000000, Load base: 0x08014e84, Size: 0x000004a4, Max: 0x00020000, ABSOLUTE, UNINIT)

    Exec Addr    Load Addr    Size         Type   Attr      Idx    E Section Name        Object

    0x20000000        -       0x000004a4   Zero   RW         9427    .bss.noinit         eventrecorder.o


    Execution Region RW_IRAM2 (Exec base: 0x24000000, Load base: 0x08014e84, Size: 0x000132c8, Max: 0x00080000, ABSOLUTE, COMPRESSED[0x000000bc])

    Exec Addr    Load Addr    Size         Type   Attr      Idx    E Section Name        Object

    0x24000000   COMPRESSED   0x00000001   Data   RW           14    .data               change_status.o
    0x24000001   COMPRESSED   0x00000001   PAD
    0x24000002   COMPRESSED   0x00000006   Data   RW           15    .data               change_status.o
    0x24000008   COMPRESSED   0x0000000c   Data   RW          249    .data               deal_string.o
    0x24000014   COMPRESSED   0x00000003   Data   RW          402    .data               sbus.o
    0x24000017   COMPRESSED   0x00000008   Data   RW          442    .data               motor.o
    0x2400001f   COMPRESSED   0x00000001   PAD
    0x24000020   COMPRESSED   0x00000078   Data   RW          591    .data               freertos.o
    0x24000098   COMPRESSED   0x0000000c   Data   RW          713    .data               fdcan.o
    0x240000a4   COMPRESSED   0x0000000e   Data   RW          773    .data               spi.o
    0x240000b2   COMPRESSED   0x0000001a   Data   RW          872    .data               usart.o
    0x240000cc   COMPRESSED   0x00000004   Data   RW         1092    .data               stm32h7xx_hal_timebase_tim.o
    0x240000d0   COMPRESSED   0x0000000c   Data   RW         2731    .data               stm32h7xx_hal.o
    0x240000dc   COMPRESSED   0x00000008   Data   RW         6114    .data               system_stm32h7xx.o
    0x240000e4   COMPRESSED   0x0000003c   Data   RW         6781    .data               tasks.o
    0x24000120   COMPRESSED   0x00000014   Data   RW         7123    .data               timers.o
    0x24000134   COMPRESSED   0x00000004   Data   RW         7359    .data               cmsis_os2.o
    0x24000138   COMPRESSED   0x00000020   Data   RW         7814    .data               heap_4.o
    0x24000158   COMPRESSED   0x0000000c   Data   RW         7870    .data               port.o
    0x24000164   COMPRESSED   0x00000008   Data   RW         8051    .data               cjson.o
    0x2400016c   COMPRESSED   0x0000000c   Data   RW         8668    .data               http.o
    0x24000178   COMPRESSED   0x0000005b   Data   RW         8669    .data               http.o
    0x240001d3   COMPRESSED   0x00000053   Data   RW         8670    .data               http.o
    0x24000226   COMPRESSED   0x00000002   PAD
    0x24000228   COMPRESSED   0x00000134   Data   RW         8793    .data               mqtt.o
    0x2400035c   COMPRESSED   0x00000004   PAD
    0x24000360   COMPRESSED   0x00000068   Data   RW         9054    .data               geodesic.o
    0x240003c8   COMPRESSED   0x00000002   Data   RW         9352    .data               nav.o
    0x240003ca   COMPRESSED   0x00000001   Data   RW         9429    .data               eventrecorder.o
    0x240003cb   COMPRESSED   0x00000001   PAD
    0x240003cc   COMPRESSED   0x0000000c   Data   RW         9541    .data               retarget_io.o
    0x240003d8   COMPRESSED   0x00000004   Data   RW         9731    .data               mc_w.l(stdout.o)
    0x240003dc   COMPRESSED   0x00000004   Data   RW         9756    .data               mc_w.l(strtok.o)
    0x240003e0   COMPRESSED   0x00000004   Data   RW        10117    .data               mc_w.l(mvars.o)
    0x240003e4   COMPRESSED   0x00000004   Data   RW        10118    .data               mc_w.l(mvars.o)
    0x240003e8   COMPRESSED   0x00000004   Data   RW        10122    .data               mc_w.l(errno.o)
    0x240003ec        -       0x0000001e   Zero   RW          337    .bss                uart_data.o
    0x2400040a        -       0x00000028   Zero   RW          401    .bss                sbus.o
    0x24000432   COMPRESSED   0x00000002   PAD
    0x24000434        -       0x00000340   Zero   RW          712    .bss                fdcan.o
    0x24000774        -       0x00000cb8   Zero   RW          772    .bss                spi.o
    0x2400142c        -       0x0000004c   Zero   RW          821    .bss                tim.o
    0x24001478        -       0x000041d8   Zero   RW          870    .bss                usart.o
    0x24005650        -       0x000057e4   Zero   RW          871    .bss                usart.o
    0x2400ae34        -       0x0000004c   Zero   RW         1091    .bss                stm32h7xx_hal_timebase_tim.o
    0x2400ae80        -       0x00000040   Zero   RW         6355    .bss                queue.o
    0x2400aec0        -       0x000004c4   Zero   RW         6780    .bss                tasks.o
    0x2400b384        -       0x00000118   Zero   RW         7122    .bss                timers.o
    0x2400b49c        -       0x000006b8   Zero   RW         7358    .bss                cmsis_os2.o
    0x2400bb54        -       0x00006400   Zero   RW         7813    .bss                heap_4.o
    0x24011f54        -       0x0000001c   Zero   RW         8049    .bss                cjson.o
    0x24011f70        -       0x00000055   Zero   RW         8613    .bss                gps.o
    0x24011fc5   COMPRESSED   0x00000003   PAD
    0x24011fc8        -       0x000002a4   Zero   RW         8666    .bss                http.o
    0x2401226c        -       0x00000064   Zero   RW         8790    .bss                mqtt.o
    0x240122d0        -       0x00000198   Zero   RW         8872    .bss                wgs84toangle.o
    0x24012468        -       0x00000860   Zero   RW         9351    .bss                nav.o
    0x24012cc8        -       0x00000200   Zero   RW            2    HEAP                startup_stm32h743xx.o
    0x24012ec8        -       0x00000400   Zero   RW            1    STACK               startup_stm32h743xx.o


==============================================================================

Image component sizes


      Code (inc. data)   RO Data    RW Data    ZI Data      Debug   Object Name

       476         56          0          7          0    1355554   change_status.o
      4358        208        130          8         28      38578   cjson.o
      1540         52          0          4       1720      81868   cmsis_os2.o
       616        112          0         12          0       9469   deal_string.o
       108          4          0          0          0        962   dma.o
       654         14          0          0          0      31082   event_groups.o
      1196         90         24          1       1188      19222   eventrecorder.o
       488         42          0         12        832       4871   fdcan.o
      2172        388       1904        120          0      12266   freertos.o
      8956        342       1632        104          0      42872   geodesic.o
       192         14          0          0          0       1179   gpio.o
       580        142          0          0         85       2860   gps.o
       480         26          0         32      25600       5131   heap_4.o
      4800       2428        135        186        676      15104   http.o
       138          0          0          0          0       3710   list.o
       574         60          0          0          0      39600   main.o
       524         46          0          8          0       3005   motor.o
      1668        594          0        308        100       7264   mqtt.o
      2134        180          0          2       2144       9049   nav.o
       786         84          0         12          0      11757   port.o
      2624         28          0          0         64      29553   queue.o
        84         14          0         12          0       3196   retarget_io.o
         6          0          0          0          0        562   rtk_l1.o
       482         14          0          3         40       3663   sbus.o
       392         50          0         14       3256       3325   spi.o
        36          8        664          0       1536        840   startup_stm32h743xx.o
       120         26          0         12          0      21583   stm32h7xx_hal.o
       310         30          0          0          0      41144   stm32h7xx_hal_cortex.o
      6480        144          8          0          0      15113   stm32h7xx_hal_dma.o
      2852         52         92          0          0      23972   stm32h7xx_hal_fdcan.o
       592         50          0          0          0       3808   stm32h7xx_hal_gpio.o
        36          4          0          0          0        950   stm32h7xx_hal_msp.o
        88          6          0          0          0        837   stm32h7xx_hal_pwr_ex.o
      2880        126          0          0          0       8180   stm32h7xx_hal_rcc.o
      4080        132          0          0          0       8465   stm32h7xx_hal_rcc_ex.o
      1678         32          0          0          0      10873   stm32h7xx_hal_spi.o
       870         64          0          0          0       6874   stm32h7xx_hal_tim.o
       166         28          0          0          0       3340   stm32h7xx_hal_tim_ex.o
        80         10          0          4         76       1481   stm32h7xx_hal_timebase_tim.o
      3532        156         24          0          0      37796   stm32h7xx_hal_uart.o
       374          6         16          0          0       6521   stm32h7xx_hal_uart_ex.o
       132         60          0          0          0       7569   stm32h7xx_it.o
       220         42         16          8          0       1462   system_stm32h7xx.o
      2704        230          0         60       1220      34203   tasks.o
       132         20          0          0         76       1746   tim.o
      1080         94          0         20        280      34195   timers.o
       632        174         16          0         30       4133   uart_data.o
      1304        156          0         26      39356       7774   usart.o
       292         38         16          0        408       4793   wgs84toangle.o

    ----------------------------------------------------------------------
     66790       6680       4716        984      78720    2023354   Object Totals
         0          0         32          0          0          0   (incl. Generated)
        92          4          7          9          5          0   (incl. Padding)

    ----------------------------------------------------------------------

      Code (inc. data)   RO Data    RW Data    ZI Data      Debug   Library Member Name

       528        110        152          0          0        348   atan.o
       456         64          0          0          0        188   atan2.o
       344         52          0          0          0        192   atanh.o
       352         76          0          0          0        140   cbrt.o
       176         18          0          0          0        156   cos.o
       224         42         48          0          0        184   cos_i.o
       116         60          0          0          0        696   dunder.o
        24          0          0          0          0        124   fabs.o
        98          0          0          0          0        164   fmax.o
        98          0          0          0          0        164   fmin.o
        48          0          0          0          0        124   fpclassify.o
       672         42          0          0          0        180   hypot.o
       712        124         56          0          0        272   log1p_i.o
        16         10          0          0          0        116   nan.o
       112          0          0          0          0        116   poly.o
         0          0          8          0          0          0   qnan.o
        88         10          0          0          0        148   remainder.o
       416         34          0          0          0        156   remquo.o
       784        138        200          0          0        172   rred.o
       176         18          0          0          0        160   sin.o
       168         24         40          0          0        196   sin_i.o
       208          0          0          0          0        280   sqrt.o
        88         24          0          0          0        256   strtod.o
        86          0          0          0          0          0   __dczerorl2.o
        28          0          0          0          0         68   _chval.o
       816          6          0          0          0        112   _scanf.o
       332          0          0          0          0         96   _scanf_int.o
       342          0          0          0          0        100   _scanf_longlong.o
       224          0          0          0          0         96   _scanf_str.o
        64          0          0          0          0         84   _sgetc.o
        40          6         64          0          0         68   ctype_c.o
         0          0          0          0          0          0   entry.o
         0          0          0          0          0          0   entry10a.o
         0          0          0          0          0          0   entry11a.o
         4          0          0          0          0          0   entry12b.o
         8          4          0          0          0          0   entry2.o
         4          0          0          0          0          0   entry5.o
         0          0          0          0          0          0   entry7b.o
         0          0          0          0          0          0   entry8b.o
         8          4          0          0          0          0   entry9a.o
        12          6          0          4          0         68   errno.o
        30          0          0          0          0          0   handlers.o
        36          8          0          0          0         68   init.o
        10          0          0          0          0         68   isspace_c.o
         0          0          0          0          0          0   iusefp.o
        30          0          0          0          0         68   llshl.o
        36          0          0          0          0         68   llsshr.o
        32          0          0          0          0         68   llushr.o
       188         20          0          0          0        160   malloc.o
        40          0          0          0          0         76   memcpy.o
        36          0          0          0          0        108   memseta.o
         0          0          0          8          0          0   mvars.o
      2268         96          0          0          0        616   printfa.o
        40          8          0          0          0         84   scanf_char.o
       878         12          0          0          0        216   scanf_fp.o
        56          8          0          0          0         84   sscanf.o
         0          0          0          4          0          0   stdout.o
        28          0          0          0          0         76   strcmp.o
        18          0          0          0          0         68   strcpy.o
        14          0          0          0          0         68   strlen.o
        30          0          0          0          0         80   strncmp.o
        36          0          0          0          0         80   strstr.o
       156         12          0          0          0        120   strtod.o
        68          6          0          4          0         80   strtok.o
        12          0          0          0          0         68   tolower.o
        44          0          0          0          0         80   uidiv.o
        98          0          0          0          0         92   uldiv.o
        48          0          0          0          0         68   cdrcmple.o
        56          0          0          0          0         88   d2f.o
       334          0          0          0          0        148   dadd.o
        96          0          0          0          0         80   dcmp4.o
       222          0          0          0          0        100   ddiv.o
       186          0          0          0          0        176   depilogue.o
        48          0          0          0          0         68   dfixul.o
        24          0          0          0          0         76   dfltul.o
       228          0          0          0          0         96   dmul.o
       134          0          0          0          0         96   drem.o
       110          0          0          0          0        168   fepilogue.o

    ----------------------------------------------------------------------
     13562       1042        568         20          0       8884   Library Totals
        20          0          0          0          0          0   (incl. Padding)

    ----------------------------------------------------------------------

      Code (inc. data)   RO Data    RW Data    ZI Data      Debug   Library Name

      5904        846        504          0          0       4532   m_wv.l
      6152        196         64         20          0       3188   mc_w.l
      1486          0          0          0          0       1164   mf_w.l

    ----------------------------------------------------------------------
     13562       1042        568         20          0       8884   Library Totals

    ----------------------------------------------------------------------

==============================================================================


      Code (inc. data)   RO Data    RW Data    ZI Data      Debug   

     80352       7722       5284       1004      78720    1985830   Grand Totals
     80352       7722       5284        188      78720    1985830   ELF Image Totals (compressed)
     80352       7722       5284        188          0          0   ROM Totals

==============================================================================

    Total RO  Size (Code + RO Data)                85636 (  83.63kB)
    Total RW  Size (RW Data + ZI Data)             79724 (  77.86kB)
    Total ROM Size (Code + RO Data + RW Data)      85824 (  83.81kB)

==============================================================================

